[fold 1/3] selected=SPTB,UQCRH,TIMM9,RRAS2...
/Users/owen/Library/Python/3.12/lib/python/site-packages/sklearn/pipeline.py:621: ConvergenceWarning: Optimization did not converge: Maximum number of iterations has been exceeded.
  self._final_estimator.fit(Xt, y, **last_step_params["fit"])
/Users/owen/Library/Python/3.12/lib/python/site-packages/sklearn/pipeline.py:621: ConvergenceWarning: Optimization did not converge: Maximum number of iterations has been exceeded.
  self._final_estimator.fit(Xt, y, **last_step_params["fit"])
/Users/owen/Library/Python/3.12/lib/python/site-packages/sklearn/pipeline.py:621: ConvergenceWarning: Optimization did not converge: Maximum number of iterations has been exceeded.
  self._final_estimator.fit(Xt, y, **last_step_params["fit"])
[fold 2/3] selected=COMMD3,NIP7,RAN,SRP72...
[fold 3/3] selected=UQCRH,BAG2,ACOT13,GCLC...
/Users/owen/Library/Python/3.12/lib/python/site-packages/sklearn/pipeline.py:621: ConvergenceWarning: Optimization did not converge: Maximum number of iterations has been exceeded.
  self._final_estimator.fit(Xt, y, **last_step_params["fit"])
{
  "budget": {
    "forest_seeds": [
      42,
      43,
      44
    ],
    "inner_folds": 3,
    "max_experiments": 20,
    "max_selected_genes": 32,
    "max_total_features": 51,
    "max_trees_per_forest": 1000,
    "multiplicity_alpha": 0.05,
    "outer_folds": 3,
    "patient_bootstraps": 4000,
    "schema_version": 1,
    "smoke_reductions_applied": false,
    "tau_months": 60.0,
    "wall_time_seconds": 1500
  },
  "candidate": {
    "benefit_threshold_months": 0.25,
    "n_genes": 4,
    "name": "comppairs_stability40_dr_gene_4_greedy",
    "rsf": {
      "max_depth": 9,
      "max_features": 1.0,
      "min_samples_leaf": 8,
      "min_samples_split": 16,
      "n_estimators": 600
    },
    "selector": "dr_gene"
  },
  "data": {
    "forest_seeds": [
      42,
      43,
      44
    ],
    "outer_folds": 3,
    "reactome_collection_sha256": "5d61f289a2400cddfbb3a3353829fd2284a360bbe50f2093b566c4b7bea93341",
    "test_used": false,
    "train_act": 114,
    "train_events": 348,
    "train_n": 775,
    "train_sha256": "b93f3cee3858716bca8add447bc837c734e203f6cb37962b1081e3c118d2c65d",
    "validation_act": 38,
    "validation_events": 117,
    "validation_n": 259,
    "validation_sha256": "824689aeaa34984727f2551bd512214164d0559d05cbec5817b0f88c9adb15a9",
    "validation_used": true
  },
  "eligible": false,
  "estimator": "outer-cross-fitted IPCW-AIPW restricted-time policy value",
  "gates": {
    "gene_selection_jaccard_at_least_0_10": false,
    "train_cindex_drop_no_more_than_0_03": true,
    "train_genomic_alignment_positive": true,
    "train_genomic_seed_agreement_at_least_0_85": true,
    "train_genomic_value_at_least_best_constant": true,
    "train_genomic_value_at_least_clinical": false,
    "train_iptw_effective_sample_size_at_least_0_30n": true,
    "train_nontrivial_benefit_fraction_at_least_0_10": true,
    "train_raw_propensity_overlap_at_least_0_80": true,
    "validation_cindex_drop_no_more_than_0_03": false,
    "validation_genomic_alignment_positive": true,
    "validation_genomic_seed_agreement_at_least_0_85": true,
    "validation_genomic_value_at_least_best_constant": false,
    "validation_genomic_value_at_least_clinical": false,
    "validation_iptw_effective_sample_size_at_least_0_30n": true,
    "validation_nontrivial_benefit_fraction_at_least_0_10": true,
    "validation_raw_propensity_overlap_at_least_0_80": true
  },
  "gene_selection": {
    "frequency": [
      {
        "count": 2,
        "gene": "UQCRH"
      },
      {
        "count": 1,
        "gene": "ACOT13"
      },
      {
        "count": 1,
        "gene": "BAG2"
      },
      {
        "count": 1,
        "gene": "COMMD3"
      },
      {
        "count": 1,
        "gene": "GCLC"
      },
      {
        "count": 1,
        "gene": "NIP7"
      },
      {
        "count": 1,
        "gene": "RAN"
      },
      {
        "count": 1,
        "gene": "RRAS2"
      },
      {
        "count": 1,
        "gene": "SPTB"
      },
      {
        "count": 1,
        "gene": "SRP72"
      },
      {
        "count": 1,
        "gene": "TIMM9"
      }
    ],
    "full_training_selection": [
      "UQCRH",
      "RRAS2",
      "SPTB",
      "MYH8"
    ],
    "mean_pairwise_jaccard": 0.047619047619047616,
    "per_outer_fold": [
      [
        "SPTB",
        "UQCRH",
        "TIMM9",
        "RRAS2"
      ],
      [
        "COMMD3",
        "NIP7",
        "RAN",
        "SRP72"
      ],
      [
        "UQCRH",
        "BAG2",
        "ACOT13",
        "GCLC"
      ]
    ]
  },
  "generalization": {
    "absolute_increment_gap_months": 2.361181378692727,
    "robust_selection_lcb": -16.06382000602422,
    "score_before_eligibility": -18.425001384716946
  },
  "limitations": [
    "Search uncertainty uses paired bootstraps of fixed train-OOF and validation predictions; it does not refit the full pipeline in each bootstrap draw.",
    "Validation is adaptive search feedback, not untouched confirmation; the fixed experiment budget and multiplicity-adjusted LCB limit but do not eliminate validation overfitting.",
    "IPCW-AIPW validity requires adequate measured-confounder adjustment, treatment positivity, and conditionally independent censoring.",
    "Random row-level cross-validation does not establish transportability across source studies or expression platforms."
  ],
  "objective": "min(train OOF LCB, validation LCB) minus the absolute train-validation gap for A60(C+G)-A60(C), where A60(d)=V60(d)-V60(1-d)",
  "phase": "train_crossfit_plus_validation_search",
  "reward": -1000000.0,
  "schema_version": 1,
  "train_oof": {
    "constant_policy_values": {
      "all_act_months": 45.55642058905323,
      "all_observation_months": 45.97033514855623
    },
    "incremental_alignment_months": -3.3537507418608854,
    "models": {
      "clinical": {
        "act_recommended_fraction": 0.22451612903225807,
        "act_usage": {
          "patient_tree_paths_traversing_act_fraction": 0.20555770609318993,
          "per_patient_different_terminal_tree_fraction": {
            "mean": 0.20555770609318993,
            "median": 0.19333333333333333,
            "nonzero_patient_fraction": 1.0,
            "p10": 0.07522222222222222,
            "p90": 0.3561111111111111
          },
          "tree_contains_act_split_fraction": 0.6231481481481481
        },
        "alignment_months": 4.7201704360078836,
        "anti_policy_value_months": 43.457936812474706,
        "harrell_cindex": 0.6629399344981796,
        "mean_predicted_benefit_months": -1.2470633896934706,
        "median_absolute_predicted_benefit_months": 1.1904540528129353,
        "nontrivial_benefit_fraction": 0.8490322580645161,
        "seed_agreement": 0.9746191374098352,
        "value_months": 48.17810724848259
      },
      "clinical_plus_genomic": {
        "act_recommended_fraction": 0.05161290322580645,
        "act_usage": {
          "patient_tree_paths_traversing_act_fraction": 0.07515197132616487,
          "per_patient_different_terminal_tree_fraction": {
            "mean": 0.07515197132616487,
            "median": 0.07,
            "nonzero_patient_fraction": 1.0,
            "p10": 0.01855555555555556,
            "p90": 0.135
          },
          "tree_contains_act_split_fraction": 0.24962962962962962
        },
        "alignment_months": 1.3664196941469982,
        "anti_policy_value_months": 45.08016802173123,
        "harrell_cindex": 0.6463289610036963,
        "mean_predicted_benefit_months": -0.5925170800202221,
        "median_absolute_predicted_benefit_months": 0.48886237077989136,
        "nontrivial_benefit_fraction": 0.6864516129032258,
        "seed_agreement": 0.982786773484448,
        "value_months": 46.44658771587823
      }
    },
    "overlap": {
      "iptw_effective_sample_size": 269.61463029387255,
      "raw_propensity_in_0_05_0_95_fraction": 0.8141935483870968
    },
    "paired_bootstrap": {
      "ci95_high": 1.087990210511339,
      "ci95_low": -8.254454197175393,
      "draws": 4000,
      "mean": -3.363159452709955,
      "sd": 2.354498282066503,
      "selection_lcb": -10.673001700283434,
      "selection_lcb_quantile_percent": 0.25
    }
  },
  "validation": {
    "constant_policy_values": {
      "all_act_months": 46.345754992639826,
      "all_observation_months": 44.462136657558524
    },
    "incremental_alignment_months": -0.9925693631681582,
    "models": {
      "clinical": {
        "act_recommended_fraction": 0.41312741312741313,
        "act_usage": {
          "patient_tree_paths_traversing_act_fraction": 0.29282925782925784,
          "per_patient_different_terminal_tree_fraction": {
            "mean": 0.29282925782925784,
            "median": 0.28444444444444444,
            "nonzero_patient_fraction": 1.0,
            "p10": 0.13944444444444445,
            "p90": 0.46977777777777785
          },
          "tree_contains_act_split_fraction": 0.8683333333333333
        },
        "alignment_months": 2.4191315498192196,
        "anti_policy_value_months": 43.74475176583122,
        "harrell_cindex": 0.6953520365548076,
        "mean_predicted_benefit_months": -1.1466058092431295,
        "median_absolute_predicted_benefit_months": 1.7137478340819854,
        "nontrivial_benefit_fraction": 0.9382239382239382,
        "seed_agreement": 0.9678249678249679,
        "value_months": 46.16388331565044
      },
      "clinical_plus_genomic": {
        "act_recommended_fraction": 0.15444015444015444,
        "act_usage": {
          "patient_tree_paths_traversing_act_fraction": 0.11418060918060918,
          "per_patient_different_terminal_tree_fraction": {
            "mean": 0.11418060918060918,
            "median": 0.11722222222222223,
            "nonzero_patient_fraction": 1.0,
            "p10": 0.049999999999999996,
            "p90": 0.16955555555555554
          },
          "tree_contains_act_split_fraction": 0.4361111111111111
        },
        "alignment_months": 1.4265621866510614,
        "anti_policy_value_months": 44.690664731773644,
        "harrell_cindex": 0.6521888665061661,
        "mean_predicted_benefit_months": -0.7754452735630258,
        "median_absolute_predicted_benefit_months": 0.9165173444380628,
        "nontrivial_benefit_fraction": 0.8455598455598455,
        "seed_agreement": 0.972972972972973,
        "value_months": 46.117226918424706
      }
    },
    "overlap": {
      "iptw_effective_sample_size": 88.83582827209842,
      "raw_propensity_in_0_05_0_95_fraction": 0.8185328185328186
    },
    "paired_bootstrap": {
      "ci95_high": 10.808243350233196,
      "ci95_low": -11.104155350307995,
      "draws": 4000,
      "mean": -1.018716372489603,
      "sd": 5.53371686032509,
      "selection_lcb": -16.06382000602422,
      "selection_lcb_quantile_percent": 0.25
    }
  }
}

