[32m[I 2026-08-22 23:23:24,714][0m A new study created in memory with name: no-name-09ddc183-b51c-49bd-9051-affe9e2498d6[0m
[screening trial 000] RMST=0.2219 C=0.6623 params={'n_estimators': 250, 'max_depth': 4, 'min_samples_leaf': 16, 'min_samples_split': 32, 'max_features': 0.25}
[32m[I 2026-08-22 23:28:46,176][0m Trial 0 finished with values: [0.22192377056219634, 0.662343204007026] and parameters: {'n_estimators': 250, 'max_depth': 4, 'min_samples_leaf': 16, 'split_leaf_multiplier': 2, 'max_features': 0.25}.[0m
[screening trial 001] RMST=0.2219 C=0.6641 params={'n_estimators': 250, 'max_depth': 6, 'min_samples_leaf': 16, 'min_samples_split': 32, 'max_features': 0.5}
[32m[I 2026-08-22 23:42:30,666][0m Trial 1 finished with values: [0.22192377056219634, 0.6640950365262511] and parameters: {'n_estimators': 250, 'max_depth': 6, 'min_samples_leaf': 16, 'split_leaf_multiplier': 2, 'max_features': 0.5}.[0m
[screening trial 002] RMST=0.2219 C=0.6654 params={'n_estimators': 150, 'max_depth': 6, 'min_samples_leaf': 16, 'min_samples_split': 32, 'max_features': 0.5}
[32m[I 2026-08-22 23:50:52,896][0m Trial 2 finished with values: [0.22192377056219634, 0.6654139538347909] and parameters: {'n_estimators': 150, 'max_depth': 6, 'min_samples_leaf': 16, 'split_leaf_multiplier': 2, 'max_features': 0.5}.[0m
[screening trial 003] RMST=0.2219 C=0.6663 params={'n_estimators': 150, 'max_depth': 4, 'min_samples_leaf': 16, 'min_samples_split': 32, 'max_features': 0.5}
[32m[I 2026-08-22 23:57:13,360][0m Trial 3 finished with values: [0.22192377056219634, 0.6662642675819436] and parameters: {'n_estimators': 150, 'max_depth': 4, 'min_samples_leaf': 16, 'split_leaf_multiplier': 2, 'max_features': 0.5}.[0m
[screening trial 004] RMST=0.2219 C=0.6588 params={'n_estimators': 250, 'max_depth': 6, 'min_samples_leaf': 16, 'min_samples_split': 32, 'max_features': 0.25}
[32m[I 2026-08-23 00:03:58,052][0m Trial 4 finished with values: [0.22192377056219634, 0.6587805756065468] and parameters: {'n_estimators': 250, 'max_depth': 6, 'min_samples_leaf': 16, 'split_leaf_multiplier': 2, 'max_features': 0.25}.[0m
[screening trial 005] RMST=0.2219 C=0.6597 params={'n_estimators': 150, 'max_depth': 6, 'min_samples_leaf': 16, 'min_samples_split': 32, 'max_features': 0.25}
[32m[I 2026-08-23 00:08:08,729][0m Trial 5 finished with values: [0.22192377056219634, 0.6596619227021358] and parameters: {'n_estimators': 150, 'max_depth': 6, 'min_samples_leaf': 16, 'split_leaf_multiplier': 2, 'max_features': 0.25}.[0m
[screening trial 006] RMST=0.2219 C=0.6663 params={'n_estimators': 150, 'max_depth': 4, 'min_samples_leaf': 16, 'min_samples_split': 32, 'max_features': 0.5}
[32m[I 2026-08-23 00:14:35,911][0m Trial 6 finished with values: [0.22192377056219634, 0.6662642675819436] and parameters: {'n_estimators': 150, 'max_depth': 4, 'min_samples_leaf': 16, 'split_leaf_multiplier': 2, 'max_features': 0.5}.[0m
[screening trial 007] RMST=0.2219 C=0.6641 params={'n_estimators': 250, 'max_depth': 6, 'min_samples_leaf': 16, 'min_samples_split': 32, 'max_features': 0.5}
[32m[I 2026-08-23 00:28:18,887][0m Trial 7 finished with values: [0.22192377056219634, 0.6640950365262511] and parameters: {'n_estimators': 250, 'max_depth': 6, 'min_samples_leaf': 16, 'split_leaf_multiplier': 2, 'max_features': 0.5}.[0m
[screening trial 008] RMST=0.2219 C=0.6652 params={'n_estimators': 150, 'max_depth': 4, 'min_samples_leaf': 16, 'min_samples_split': 32, 'max_features': 0.25}
[32m[I 2026-08-23 00:31:27,566][0m Trial 8 finished with values: [0.22192377056219634, 0.6652417187509698] and parameters: {'n_estimators': 150, 'max_depth': 4, 'min_samples_leaf': 16, 'split_leaf_multiplier': 2, 'max_features': 0.25}.[0m
[screening trial 009] RMST=0.2219 C=0.6641 params={'n_estimators': 250, 'max_depth': 6, 'min_samples_leaf': 16, 'min_samples_split': 32, 'max_features': 0.5}
[32m[I 2026-08-23 00:45:09,449][0m Trial 9 finished with values: [0.22192377056219634, 0.6640950365262511] and parameters: {'n_estimators': 250, 'max_depth': 6, 'min_samples_leaf': 16, 'split_leaf_multiplier': 2, 'max_features': 0.5}.[0m
[screening trial 010] RMST=0.2219 C=0.6663 params={'n_estimators': 150, 'max_depth': 4, 'min_samples_leaf': 16, 'min_samples_split': 32, 'max_features': 0.5}
[32m[I 2026-08-23 00:51:29,622][0m Trial 10 finished with values: [0.22192377056219634, 0.6662642675819436] and parameters: {'n_estimators': 150, 'max_depth': 4, 'min_samples_leaf': 16, 'split_leaf_multiplier': 2, 'max_features': 0.5}.[0m
[screening trial 011] RMST=0.2219 C=0.6588 params={'n_estimators': 250, 'max_depth': 6, 'min_samples_leaf': 16, 'min_samples_split': 32, 'max_features': 0.25}
[32m[I 2026-08-23 00:58:10,833][0m Trial 11 finished with values: [0.22192377056219634, 0.6587805756065468] and parameters: {'n_estimators': 250, 'max_depth': 6, 'min_samples_leaf': 16, 'split_leaf_multiplier': 2, 'max_features': 0.25}.[0m
[PFI fold 1] 626/8666 features used by a split
[PFI fold 2] 673/8666 features used by a split
[PFI fold 2] processed through feature 1000
[PFI fold 2] processed through feature 1250
[PFI fold 3] 628/8666 features used by a split
[PFI fold 3] processed through feature 3500
[PFI fold 3] processed through feature 4250
[PFI fold 3] processed through feature 8250
[32m[I 2026-08-23 01:16:20,968][0m A new study created in memory with name: no-name-8e22e158-fb51-47d6-99a6-5b28ed40a40e[0m
[reduced trial 000] N=00 RMST=1.8875 C=0.6823 params={'n_estimators': 600, 'max_depth': 6, 'min_samples_leaf': 16, 'min_samples_split': 32, 'max_features': 'sqrt'}
[32m[I 2026-08-23 01:16:22,302][0m Trial 0 finished with values: [1.887541866214531, 0.6822883370469907] and parameters: {'top_n': 0, 'n_estimators': 600, 'max_depth': 6, 'min_samples_leaf': 16, 'split_leaf_multiplier': 2, 'max_features': 'sqrt'}.[0m
[reduced trial 001] N=01 RMST=3.4077 C=0.6944 params={'n_estimators': 600, 'max_depth': 6, 'min_samples_leaf': 16, 'min_samples_split': 32, 'max_features': 'sqrt'}
[32m[I 2026-08-23 01:16:23,683][0m Trial 1 finished with values: [3.4077425555616596, 0.6943913429371202] and parameters: {'top_n': 1, 'n_estimators': 600, 'max_depth': 6, 'min_samples_leaf': 16, 'split_leaf_multiplier': 2, 'max_features': 'sqrt'}.[0m
[reduced trial 002] N=02 RMST=3.8256 C=0.7036 params={'n_estimators': 600, 'max_depth': 6, 'min_samples_leaf': 16, 'min_samples_split': 32, 'max_features': 'sqrt'}
[32m[I 2026-08-23 01:16:25,178][0m Trial 2 finished with values: [3.825563287338599, 0.7035663524022915] and parameters: {'top_n': 2, 'n_estimators': 600, 'max_depth': 6, 'min_samples_leaf': 16, 'split_leaf_multiplier': 2, 'max_features': 'sqrt'}.[0m
[reduced trial 003] N=03 RMST=1.9980 C=0.7065 params={'n_estimators': 600, 'max_depth': 6, 'min_samples_leaf': 16, 'min_samples_split': 32, 'max_features': 'sqrt'}
[32m[I 2026-08-23 01:16:26,659][0m Trial 3 finished with values: [1.9979564208178973, 0.7065269338431078] and parameters: {'top_n': 3, 'n_estimators': 600, 'max_depth': 6, 'min_samples_leaf': 16, 'split_leaf_multiplier': 2, 'max_features': 'sqrt'}.[0m
[reduced trial 004] N=04 RMST=1.9216 C=0.7084 params={'n_estimators': 600, 'max_depth': 6, 'min_samples_leaf': 16, 'min_samples_split': 32, 'max_features': 'sqrt'}
[32m[I 2026-08-23 01:16:28,150][0m Trial 4 finished with values: [1.9215657667749577, 0.7084199680977178] and parameters: {'top_n': 4, 'n_estimators': 600, 'max_depth': 6, 'min_samples_leaf': 16, 'split_leaf_multiplier': 2, 'max_features': 'sqrt'}.[0m
[reduced trial 005] N=05 RMST=0.4019 C=0.7102 params={'n_estimators': 600, 'max_depth': 6, 'min_samples_leaf': 16, 'min_samples_split': 32, 'max_features': 'sqrt'}
[32m[I 2026-08-23 01:16:29,679][0m Trial 5 finished with values: [0.4018745112153677, 0.7102105923024883] and parameters: {'top_n': 5, 'n_estimators': 600, 'max_depth': 6, 'min_samples_leaf': 16, 'split_leaf_multiplier': 2, 'max_features': 'sqrt'}.[0m
[reduced trial 006] N=06 RMST=4.2630 C=0.7050 params={'n_estimators': 600, 'max_depth': 6, 'min_samples_leaf': 16, 'min_samples_split': 32, 'max_features': 'sqrt'}
[32m[I 2026-08-23 01:16:31,351][0m Trial 6 finished with values: [4.263014787604153, 0.7049783697561399] and parameters: {'top_n': 6, 'n_estimators': 600, 'max_depth': 6, 'min_samples_leaf': 16, 'split_leaf_multiplier': 2, 'max_features': 'sqrt'}.[0m
[reduced trial 007] N=07 RMST=0.7262 C=0.7052 params={'n_estimators': 600, 'max_depth': 6, 'min_samples_leaf': 16, 'min_samples_split': 32, 'max_features': 'sqrt'}
[32m[I 2026-08-23 01:16:33,089][0m Trial 7 finished with values: [0.7262447729064243, 0.7052297398784734] and parameters: {'top_n': 7, 'n_estimators': 600, 'max_depth': 6, 'min_samples_leaf': 16, 'split_leaf_multiplier': 2, 'max_features': 'sqrt'}.[0m
[reduced trial 008] N=08 RMST=1.0801 C=0.7063 params={'n_estimators': 600, 'max_depth': 6, 'min_samples_leaf': 16, 'min_samples_split': 32, 'max_features': 'sqrt'}
[32m[I 2026-08-23 01:16:34,861][0m Trial 8 finished with values: [1.08011272943439, 0.7063221137434287] and parameters: {'top_n': 8, 'n_estimators': 600, 'max_depth': 6, 'min_samples_leaf': 16, 'split_leaf_multiplier': 2, 'max_features': 'sqrt'}.[0m
[reduced trial 009] N=09 RMST=1.2942 C=0.7043 params={'n_estimators': 600, 'max_depth': 6, 'min_samples_leaf': 16, 'min_samples_split': 32, 'max_features': 'sqrt'}
[32m[I 2026-08-23 01:16:36,678][0m Trial 9 finished with values: [1.2941529227509478, 0.7043142560996046] and parameters: {'top_n': 9, 'n_estimators': 600, 'max_depth': 6, 'min_samples_leaf': 16, 'split_leaf_multiplier': 2, 'max_features': 'sqrt'}.[0m
[reduced trial 010] N=10 RMST=0.1454 C=0.7059 params={'n_estimators': 600, 'max_depth': 6, 'min_samples_leaf': 16, 'min_samples_split': 32, 'max_features': 'sqrt'}
[32m[I 2026-08-23 01:16:38,512][0m Trial 10 finished with values: [0.14543523294736657, 0.7059062668743832] and parameters: {'top_n': 10, 'n_estimators': 600, 'max_depth': 6, 'min_samples_leaf': 16, 'split_leaf_multiplier': 2, 'max_features': 'sqrt'}.[0m
[reduced trial 011] N=11 RMST=0.7400 C=0.7076 params={'n_estimators': 600, 'max_depth': 6, 'min_samples_leaf': 16, 'min_samples_split': 32, 'max_features': 'sqrt'}
[32m[I 2026-08-23 01:16:40,373][0m Trial 11 finished with values: [0.7400257246050176, 0.7076193077080631] and parameters: {'top_n': 11, 'n_estimators': 600, 'max_depth': 6, 'min_samples_leaf': 16, 'split_leaf_multiplier': 2, 'max_features': 'sqrt'}.[0m
[reduced trial 012] N=12 RMST=0.2802 C=0.7029 params={'n_estimators': 600, 'max_depth': 6, 'min_samples_leaf': 16, 'min_samples_split': 32, 'max_features': 'sqrt'}
[32m[I 2026-08-23 01:16:42,310][0m Trial 12 finished with values: [0.28015641873117547, 0.7028898254063817] and parameters: {'top_n': 12, 'n_estimators': 600, 'max_depth': 6, 'min_samples_leaf': 16, 'split_leaf_multiplier': 2, 'max_features': 'sqrt'}.[0m
[reduced trial 013] N=13 RMST=-2.1037 C=0.7033 params={'n_estimators': 600, 'max_depth': 6, 'min_samples_leaf': 16, 'min_samples_split': 32, 'max_features': 'sqrt'}
[32m[I 2026-08-23 01:16:44,278][0m Trial 13 finished with values: [-2.103725073245354, 0.7032932589360527] and parameters: {'top_n': 13, 'n_estimators': 600, 'max_depth': 6, 'min_samples_leaf': 16, 'split_leaf_multiplier': 2, 'max_features': 'sqrt'}.[0m
[reduced trial 014] N=14 RMST=-0.2587 C=0.7043 params={'n_estimators': 600, 'max_depth': 6, 'min_samples_leaf': 16, 'min_samples_split': 32, 'max_features': 'sqrt'}
[32m[I 2026-08-23 01:16:46,250][0m Trial 14 finished with values: [-0.25867656543930484, 0.7042987394253866] and parameters: {'top_n': 14, 'n_estimators': 600, 'max_depth': 6, 'min_samples_leaf': 16, 'split_leaf_multiplier': 2, 'max_features': 'sqrt'}.[0m
[reduced trial 015] N=15 RMST=1.4326 C=0.7039 params={'n_estimators': 600, 'max_depth': 6, 'min_samples_leaf': 16, 'min_samples_split': 32, 'max_features': 'sqrt'}
[32m[I 2026-08-23 01:16:48,273][0m Trial 15 finished with values: [1.4326339686359109, 0.7039356492486827] and parameters: {'top_n': 15, 'n_estimators': 600, 'max_depth': 6, 'min_samples_leaf': 16, 'split_leaf_multiplier': 2, 'max_features': 'sqrt'}.[0m
[reduced trial 016] N=16 RMST=3.7587 C=0.7073 params={'n_estimators': 600, 'max_depth': 6, 'min_samples_leaf': 16, 'min_samples_split': 32, 'max_features': 'sqrt'}
[32m[I 2026-08-23 01:16:50,312][0m Trial 16 finished with values: [3.7586622411746364, 0.7072562175313591] and parameters: {'top_n': 16, 'n_estimators': 600, 'max_depth': 6, 'min_samples_leaf': 16, 'split_leaf_multiplier': 2, 'max_features': 'sqrt'}.[0m
[reduced trial 017] N=17 RMST=1.4015 C=0.7079 params={'n_estimators': 600, 'max_depth': 6, 'min_samples_leaf': 16, 'min_samples_split': 32, 'max_features': 'sqrt'}
[32m[I 2026-08-23 01:16:52,590][0m Trial 17 finished with values: [1.4014671466167747, 0.7079389511969563] and parameters: {'top_n': 17, 'n_estimators': 600, 'max_depth': 6, 'min_samples_leaf': 16, 'split_leaf_multiplier': 2, 'max_features': 'sqrt'}.[0m
[reduced trial 018] N=18 RMST=3.8280 C=0.7063 params={'n_estimators': 600, 'max_depth': 6, 'min_samples_leaf': 16, 'min_samples_split': 32, 'max_features': 'sqrt'}
[32m[I 2026-08-23 01:16:54,910][0m Trial 18 finished with values: [3.8280261140061413, 0.7063376304176469] and parameters: {'top_n': 18, 'n_estimators': 600, 'max_depth': 6, 'min_samples_leaf': 16, 'split_leaf_multiplier': 2, 'max_features': 'sqrt'}.[0m
[reduced trial 019] N=19 RMST=-1.0084 C=0.7076 params={'n_estimators': 600, 'max_depth': 6, 'min_samples_leaf': 16, 'min_samples_split': 32, 'max_features': 'sqrt'}
[32m[I 2026-08-23 01:16:57,266][0m Trial 19 finished with values: [-1.0083566752687658, 0.7076255143777503] and parameters: {'top_n': 19, 'n_estimators': 600, 'max_depth': 6, 'min_samples_leaf': 16, 'split_leaf_multiplier': 2, 'max_features': 'sqrt'}.[0m
[reduced trial 020] N=20 RMST=3.0088 C=0.7090 params={'n_estimators': 600, 'max_depth': 6, 'min_samples_leaf': 16, 'min_samples_split': 32, 'max_features': 'sqrt'}
[32m[I 2026-08-23 01:16:59,615][0m Trial 20 finished with values: [3.0088095497428515, 0.7089847750392572] and parameters: {'top_n': 20, 'n_estimators': 600, 'max_depth': 6, 'min_samples_leaf': 16, 'split_leaf_multiplier': 2, 'max_features': 'sqrt'}.[0m
[reduced trial 021] N=21 RMST=1.4088 C=0.7093 params={'n_estimators': 600, 'max_depth': 6, 'min_samples_leaf': 16, 'min_samples_split': 32, 'max_features': 'sqrt'}
[32m[I 2026-08-23 01:17:02,069][0m Trial 21 finished with values: [1.408767811317234, 0.7093168318675248] and parameters: {'top_n': 21, 'n_estimators': 600, 'max_depth': 6, 'min_samples_leaf': 16, 'split_leaf_multiplier': 2, 'max_features': 'sqrt'}.[0m
[reduced trial 022] N=22 RMST=0.5425 C=0.7060 params={'n_estimators': 600, 'max_depth': 6, 'min_samples_leaf': 16, 'min_samples_split': 32, 'max_features': 'sqrt'}
[32m[I 2026-08-23 01:17:04,511][0m Trial 22 finished with values: [0.5424952398513561, 0.7060272969332845] and parameters: {'top_n': 22, 'n_estimators': 600, 'max_depth': 6, 'min_samples_leaf': 16, 'split_leaf_multiplier': 2, 'max_features': 'sqrt'}.[0m
[reduced trial 023] N=23 RMST=1.1555 C=0.7063 params={'n_estimators': 600, 'max_depth': 6, 'min_samples_leaf': 16, 'min_samples_split': 32, 'max_features': 'sqrt'}
[32m[I 2026-08-23 01:17:06,988][0m Trial 23 finished with values: [1.1554573363181266, 0.7063128037388978] and parameters: {'top_n': 23, 'n_estimators': 600, 'max_depth': 6, 'min_samples_leaf': 16, 'split_leaf_multiplier': 2, 'max_features': 'sqrt'}.[0m
[reduced trial 024] N=24 RMST=-0.7995 C=0.7059 params={'n_estimators': 600, 'max_depth': 6, 'min_samples_leaf': 16, 'min_samples_split': 32, 'max_features': 'sqrt'}
[32m[I 2026-08-23 01:17:09,488][0m Trial 24 finished with values: [-0.7994951029617474, 0.7058721301911034] and parameters: {'top_n': 24, 'n_estimators': 600, 'max_depth': 6, 'min_samples_leaf': 16, 'split_leaf_multiplier': 2, 'max_features': 'sqrt'}.[0m
[reduced trial 025] N=25 RMST=0.9550 C=0.7105 params={'n_estimators': 600, 'max_depth': 6, 'min_samples_leaf': 16, 'min_samples_split': 32, 'max_features': 'sqrt'}
[32m[I 2026-08-23 01:17:12,024][0m Trial 25 finished with values: [0.9549601934177863, 0.7104557557551344] and parameters: {'top_n': 25, 'n_estimators': 600, 'max_depth': 6, 'min_samples_leaf': 16, 'split_leaf_multiplier': 2, 'max_features': 'sqrt'}.[0m
[reduced trial 026] N=26 RMST=-0.0548 C=0.7094 params={'n_estimators': 600, 'max_depth': 6, 'min_samples_leaf': 16, 'min_samples_split': 32, 'max_features': 'sqrt'}
[32m[I 2026-08-23 01:17:14,606][0m Trial 26 finished with values: [-0.05484696748343711, 0.7093944152386155] and parameters: {'top_n': 26, 'n_estimators': 600, 'max_depth': 6, 'min_samples_leaf': 16, 'split_leaf_multiplier': 2, 'max_features': 'sqrt'}.[0m
[reduced trial 027] N=27 RMST=2.5484 C=0.7081 params={'n_estimators': 600, 'max_depth': 6, 'min_samples_leaf': 16, 'min_samples_split': 32, 'max_features': 'sqrt'}
[32m[I 2026-08-23 01:17:17,238][0m Trial 27 finished with values: [2.548359048907929, 0.7081003246088247] and parameters: {'top_n': 27, 'n_estimators': 600, 'max_depth': 6, 'min_samples_leaf': 16, 'split_leaf_multiplier': 2, 'max_features': 'sqrt'}.[0m
[reduced trial 028] N=28 RMST=2.6436 C=0.7091 params={'n_estimators': 600, 'max_depth': 6, 'min_samples_leaf': 16, 'min_samples_split': 32, 'max_features': 'sqrt'}
[32m[I 2026-08-23 01:17:19,857][0m Trial 28 finished with values: [2.6436439728015015, 0.709143045116282] and parameters: {'top_n': 28, 'n_estimators': 600, 'max_depth': 6, 'min_samples_leaf': 16, 'split_leaf_multiplier': 2, 'max_features': 'sqrt'}.[0m
[reduced trial 029] N=29 RMST=2.1502 C=0.7110 params={'n_estimators': 600, 'max_depth': 6, 'min_samples_leaf': 16, 'min_samples_split': 32, 'max_features': 'sqrt'}
[32m[I 2026-08-23 01:17:22,513][0m Trial 29 finished with values: [2.1501603092985055, 0.7110298727012048] and parameters: {'top_n': 29, 'n_estimators': 600, 'max_depth': 6, 'min_samples_leaf': 16, 'split_leaf_multiplier': 2, 'max_features': 'sqrt'}.[0m
[reduced trial 030] N=30 RMST=2.4420 C=0.7105 params={'n_estimators': 600, 'max_depth': 6, 'min_samples_leaf': 16, 'min_samples_split': 32, 'max_features': 'sqrt'}
[32m[I 2026-08-23 01:17:25,492][0m Trial 30 finished with values: [2.4420045406529938, 0.7104712724293526] and parameters: {'top_n': 30, 'n_estimators': 600, 'max_depth': 6, 'min_samples_leaf': 16, 'split_leaf_multiplier': 2, 'max_features': 'sqrt'}.[0m
[reduced trial 031] N=31 RMST=-2.8751 C=0.7082 params={'n_estimators': 600, 'max_depth': 6, 'min_samples_leaf': 16, 'min_samples_split': 32, 'max_features': 'sqrt'}
[32m[I 2026-08-23 01:17:28,487][0m Trial 31 finished with values: [-2.8751298078133196, 0.7082306646722568] and parameters: {'top_n': 31, 'n_estimators': 600, 'max_depth': 6, 'min_samples_leaf': 16, 'split_leaf_multiplier': 2, 'max_features': 'sqrt'}.[0m
[reduced trial 032] N=32 RMST=0.6596 C=0.7087 params={'n_estimators': 600, 'max_depth': 6, 'min_samples_leaf': 16, 'min_samples_split': 32, 'max_features': 'sqrt'}
[32m[I 2026-08-23 01:17:31,483][0m Trial 32 finished with values: [0.6596062207796304, 0.7086868548942694] and parameters: {'top_n': 32, 'n_estimators': 600, 'max_depth': 6, 'min_samples_leaf': 16, 'split_leaf_multiplier': 2, 'max_features': 'sqrt'}.[0m
[reduced trial 033] N=03 RMST=0.1973 C=0.7039 params={'n_estimators': 600, 'max_depth': 4, 'min_samples_leaf': 32, 'min_samples_split': 96, 'max_features': 0.25}
[32m[I 2026-08-23 01:17:33,176][0m Trial 33 finished with values: [0.19733144332438507, 0.7039387525835262] and parameters: {'top_n': 3, 'n_estimators': 600, 'max_depth': 4, 'min_samples_leaf': 32, 'split_leaf_multiplier': 3, 'max_features': 0.25}.[0m
[reduced trial 034] N=07 RMST=-0.8816 C=0.7094 params={'n_estimators': 600, 'max_depth': 8, 'min_samples_leaf': 8, 'min_samples_split': 16, 'max_features': 'sqrt'}
[32m[I 2026-08-23 01:17:35,214][0m Trial 34 finished with values: [-0.8816197025170329, 0.7094037252431463] and parameters: {'top_n': 7, 'n_estimators': 600, 'max_depth': 8, 'min_samples_leaf': 8, 'split_leaf_multiplier': 2, 'max_features': 'sqrt'}.[0m
[reduced trial 035] N=00 RMST=0.9603 C=0.6825 params={'n_estimators': 200, 'max_depth': 6, 'min_samples_leaf': 16, 'min_samples_split': 32, 'max_features': 'sqrt'}
[32m[I 2026-08-23 01:17:35,997][0m Trial 35 finished with values: [0.960317960326854, 0.6824574687959681] and parameters: {'top_n': 0, 'n_estimators': 200, 'max_depth': 6, 'min_samples_leaf': 16, 'split_leaf_multiplier': 2, 'max_features': 'sqrt'}.[0m
[reduced trial 036] N=09 RMST=1.2101 C=0.7019 params={'n_estimators': 600, 'max_depth': 6, 'min_samples_leaf': 32, 'min_samples_split': 96, 'max_features': 'sqrt'}
[32m[I 2026-08-23 01:17:38,098][0m Trial 36 finished with values: [1.210127681031156, 0.7018812415822042] and parameters: {'top_n': 9, 'n_estimators': 600, 'max_depth': 6, 'min_samples_leaf': 32, 'split_leaf_multiplier': 3, 'max_features': 'sqrt'}.[0m
[reduced trial 037] N=06 RMST=2.5750 C=0.7045 params={'n_estimators': 400, 'max_depth': 6, 'min_samples_leaf': 16, 'min_samples_split': 32, 'max_features': 'sqrt'}
[32m[I 2026-08-23 01:17:39,423][0m Trial 37 finished with values: [2.574956064511371, 0.7044880428508475] and parameters: {'top_n': 6, 'n_estimators': 400, 'max_depth': 6, 'min_samples_leaf': 16, 'split_leaf_multiplier': 2, 'max_features': 'sqrt'}.[0m
[reduced trial 038] N=03 RMST=-0.8872 C=0.7042 params={'n_estimators': 600, 'max_depth': 8, 'min_samples_leaf': 16, 'min_samples_split': 32, 'max_features': 0.25}
[32m[I 2026-08-23 01:17:41,045][0m Trial 38 finished with values: [-0.8871796019524584, 0.7042273627239832] and parameters: {'top_n': 3, 'n_estimators': 600, 'max_depth': 8, 'min_samples_leaf': 16, 'split_leaf_multiplier': 2, 'max_features': 0.25}.[0m
[reduced trial 039] N=28 RMST=0.2219 C=0.6990 params={'n_estimators': 400, 'max_depth': 8, 'min_samples_leaf': 32, 'min_samples_split': 96, 'max_features': 0.25}
[32m[I 2026-08-23 01:17:43,481][0m Trial 39 finished with values: [0.22192377056219634, 0.6990137601866966] and parameters: {'top_n': 28, 'n_estimators': 400, 'max_depth': 8, 'min_samples_leaf': 32, 'split_leaf_multiplier': 3, 'max_features': 0.25}.[0m
[reduced trial 040] N=23 RMST=1.1555 C=0.7063 params={'n_estimators': 600, 'max_depth': 6, 'min_samples_leaf': 16, 'min_samples_split': 32, 'max_features': 'sqrt'}
[32m[I 2026-08-23 01:17:46,092][0m Trial 40 finished with values: [1.1554573363181266, 0.7063128037388978] and parameters: {'top_n': 23, 'n_estimators': 600, 'max_depth': 6, 'min_samples_leaf': 16, 'split_leaf_multiplier': 2, 'max_features': 'sqrt'}.[0m
[reduced trial 041] N=21 RMST=3.0094 C=0.7088 params={'n_estimators': 400, 'max_depth': 8, 'min_samples_leaf': 16, 'min_samples_split': 48, 'max_features': 'sqrt'}
[32m[I 2026-08-23 01:17:48,067][0m Trial 41 finished with values: [3.009420916231853, 0.7087675416002036] and parameters: {'top_n': 21, 'n_estimators': 400, 'max_depth': 8, 'min_samples_leaf': 16, 'split_leaf_multiplier': 3, 'max_features': 'sqrt'}.[0m
[reduced trial 042] N=24 RMST=-0.1020 C=0.7039 params={'n_estimators': 200, 'max_depth': 6, 'min_samples_leaf': 16, 'min_samples_split': 48, 'max_features': 'sqrt'}
[32m[I 2026-08-23 01:17:49,226][0m Trial 42 finished with values: [-0.10203581564079842, 0.7038984092305591] and parameters: {'top_n': 24, 'n_estimators': 200, 'max_depth': 6, 'min_samples_leaf': 16, 'split_leaf_multiplier': 3, 'max_features': 'sqrt'}.[0m
[reduced trial 043] N=27 RMST=0.1200 C=0.7053 params={'n_estimators': 400, 'max_depth': 4, 'min_samples_leaf': 16, 'min_samples_split': 32, 'max_features': 'log2'}
[32m[I 2026-08-23 01:17:50,989][0m Trial 43 finished with values: [0.11997937317318233, 0.7052855999056586] and parameters: {'top_n': 27, 'n_estimators': 400, 'max_depth': 4, 'min_samples_leaf': 16, 'split_leaf_multiplier': 2, 'max_features': 'log2'}.[0m
[reduced trial 044] N=14 RMST=1.7644 C=0.7038 params={'n_estimators': 200, 'max_depth': 6, 'min_samples_leaf': 8, 'min_samples_split': 24, 'max_features': 'sqrt'}
[32m[I 2026-08-23 01:17:51,986][0m Trial 44 finished with values: [1.764397856806324, 0.7037742758368143] and parameters: {'top_n': 14, 'n_estimators': 200, 'max_depth': 6, 'min_samples_leaf': 8, 'split_leaf_multiplier': 3, 'max_features': 'sqrt'}.[0m
[reduced trial 045] N=32 RMST=1.4933 C=0.7100 params={'n_estimators': 600, 'max_depth': 4, 'min_samples_leaf': 8, 'min_samples_split': 16, 'max_features': 'sqrt'}
[32m[I 2026-08-23 01:17:54,985][0m Trial 45 finished with values: [1.4933152450198963, 0.7099995655331219] and parameters: {'top_n': 32, 'n_estimators': 600, 'max_depth': 4, 'min_samples_leaf': 8, 'split_leaf_multiplier': 2, 'max_features': 'sqrt'}.[0m
[reduced trial 046] N=27 RMST=1.3585 C=0.7042 params={'n_estimators': 600, 'max_depth': 4, 'min_samples_leaf': 16, 'min_samples_split': 32, 'max_features': 0.25}
[32m[I 2026-08-23 01:17:58,631][0m Trial 46 finished with values: [1.358455440312497, 0.7041746060316416] and parameters: {'top_n': 27, 'n_estimators': 600, 'max_depth': 4, 'min_samples_leaf': 16, 'split_leaf_multiplier': 2, 'max_features': 0.25}.[0m
[reduced trial 047] N=22 RMST=-0.1184 C=0.7090 params={'n_estimators': 600, 'max_depth': 8, 'min_samples_leaf': 16, 'min_samples_split': 48, 'max_features': 'log2'}
[32m[I 2026-08-23 01:18:01,149][0m Trial 47 finished with values: [-0.11844594765832565, 0.7089537416908209] and parameters: {'top_n': 22, 'n_estimators': 600, 'max_depth': 8, 'min_samples_leaf': 16, 'split_leaf_multiplier': 3, 'max_features': 'log2'}.[0m
[reduced trial 048] N=00 RMST=5.4684 C=0.6845 params={'n_estimators': 200, 'max_depth': 8, 'min_samples_leaf': 8, 'min_samples_split': 24, 'max_features': 0.25}
[32m[I 2026-08-23 01:18:01,837][0m Trial 48 finished with values: [5.468427868947752, 0.6844963597882284] and parameters: {'top_n': 0, 'n_estimators': 200, 'max_depth': 8, 'min_samples_leaf': 8, 'split_leaf_multiplier': 3, 'max_features': 0.25}.[0m
{
  "artifacts": {
    "final_covariates.txt": {
      "bytes": 335,
      "sha256": "915474ba29715c5b09f8d76daa3eab091850fc27412e3fdcd04f6affb49219a2"
    },
    "final_rsf.pkl": {
      "bytes": 159218651,
      "sha256": "9a21aa7e0407109eb271d7c2c36e3149355e1d35c1841ded433c4e73bbee4e2e"
    },
    "final_spec.json": {
      "bytes": 1884,
      "sha256": "194abcb96eda2cfac2dca0bf90e202cbe49b40b6230c3525c93049f25d502cf5"
    },
    "permutation_importance.csv": {
      "bytes": 441013,
      "sha256": "bb278bc44e808cbf811776aba3ae14de186fcd645d1a7214b93b54554cc9e247"
    },
    "permutation_importance.png": {
      "bytes": 128262,
      "sha256": "48fb127e7f20efc42df3db7b7eba69295173a5a77327742a7113bc4e74a656ce"
    },
    "top_n_results.csv": {
      "bytes": 3500,
      "sha256": "6b33c9793faa7dce62b5872709fd5f6ddffa7e50f76546599e6252506635ce3b"
    },
    "training_imputation_medians.csv": {
      "bytes": 427,
      "sha256": "e5d1e1d3e332e25baf3f6b685181821d33f78b814e3f936345a52015a12e2258"
    }
  },
  "budget": {
    "cv_folds": 3,
    "fold_seed": 20260824,
    "forest_seed": 42,
    "max_experiments": 20,
    "max_top_genes": 32,
    "max_trees_per_forest": 1000,
    "permutation_repeats": 3,
    "permutation_seed": 20260825,
    "reduced_trials": 49,
    "schema_version": 1,
    "screening_trials": 12,
    "smoke_reductions_applied": false,
    "tau_months": 60.0,
    "wall_time_seconds": 14400
  },
  "candidate": {
    "name": "reference_600_trees_v6_relaunch",
    "plot_top_k": 32,
    "reduced_space": {
      "max_depth": [
        6,
        4,
        8
      ],
      "max_features": [
        "sqrt",
        "log2",
        0.25
      ],
      "min_samples_leaf": [
        16,
        8,
        32
      ],
      "n_estimators": [
        600,
        400,
        200
      ],
      "split_leaf_multiplier": [
        2,
        3
      ]
    },
    "screening_space": {
      "max_depth": [
        4,
        6
      ],
      "max_features": [
        0.25,
        0.5
      ],
      "min_samples_leaf": [
        16
      ],
      "n_estimators": [
        150,
        250
      ],
      "split_leaf_multiplier": [
        2
      ]
    }
  },
  "data": {
    "confirmatory_validation_used": false,
    "development_act": 152,
    "development_events": 465,
    "development_n": 1034,
    "former_validation_used_as_development": true,
    "reactome_collection_sha256": "5d61f289a2400cddfbb3a3353829fd2284a360bbe50f2093b566c4b7bea93341",
    "reactome_genes_before_smoke_reduction": 8647,
    "reactome_genes_used": 8647,
    "test_used": false,
    "train_sha256": "b93f3cee3858716bca8add447bc837c734e203f6cb37962b1081e3c118d2c65d",
    "validation_sha256": "824689aeaa34984727f2551bd512214164d0559d05cbec5817b0f88c9adb15a9"
  },
  "eligible": true,
  "final": {
    "clinical_covariates": [
      "Adjuvant Chemo",
      "Age",
      "IS_MALE",
      "Stage_IA",
      "Stage_IB",
      "Stage_II",
      "Stage_III",
      "Histology_Adenocarcinoma",
      "Histology_Adenosquamous Carcinoma",
      "Histology_Large Cell Carcinoma",
      "Histology_Squamous Cell Carcinoma",
      "Race_African American",
      "Race_Asian",
      "Race_Caucasian",
      "Race_Native Hawaiian or Other Pacific Islander",
      "Race_Unknown",
      "Smoked?_No",
      "Smoked?_Unknown",
      "Smoked?_Yes"
    ],
    "covariates": [
      "Adjuvant Chemo",
      "Age",
      "IS_MALE",
      "Stage_IA",
      "Stage_IB",
      "Stage_II",
      "Stage_III",
      "Histology_Adenocarcinoma",
      "Histology_Adenosquamous Carcinoma",
      "Histology_Large Cell Carcinoma",
      "Histology_Squamous Cell Carcinoma",
      "Race_African American",
      "Race_Asian",
      "Race_Caucasian",
      "Race_Native Hawaiian or Other Pacific Islander",
      "Race_Unknown",
      "Smoked?_No",
      "Smoked?_Unknown",
      "Smoked?_Yes"
    ],
    "development_cv": {
      "folds": [
        {
          "act_recommended_fraction": 0.4057971014492754,
          "fold": 1,
          "harrell_cindex": 0.6625933756166315,
          "rmst_difference_months": 11.311368376113084
        },
        {
          "act_recommended_fraction": 0.5043478260869565,
          "fold": 2,
          "harrell_cindex": 0.6977452772699574,
          "rmst_difference_months": -0.07172976759192273
        },
        {
          "act_recommended_fraction": 0.40988372093023256,
          "fold": 3,
          "harrell_cindex": 0.6995571624765268,
          "rmst_difference_months": 5.1647648155586525
        }
      ],
      "harrell_cindex": 0.6844963597882284,
      "rmst_difference_months": 5.468427868947752
    },
    "genes": [],
    "rsf_params": {
      "max_depth": 8,
      "max_features": 0.25,
      "min_samples_leaf": 8,
      "min_samples_split": 24,
      "n_estimators": 200
    },
    "top_n": 0
  },
  "limitations": [
    "Train and former validation are pooled adaptive development data; the reported CV scores are not external confirmation.",
    "The PFI ranking and reduced-model search reuse development folds, so final CV performance is selection-adaptive.",
    "Permutation importance is conditional on the fitted RSF and can divide credit unpredictably among correlated genes.",
    "Zero importance for a feature unused by every assessment-fold forest is exact for those fitted forests, not proof of no biological effect.",
    "IPCW-AIPW validity requires adequate measured-confounder adjustment, positivity, consistency, and conditionally independent censoring.",
    "Random row-level CV does not establish transportability across source studies or expression platforms."
  ],
  "objective": {
    "primary": "60-month cross-fitted IPCW-AIPW policy-versus-anti-policy RMST difference",
    "secondary": "Harrell C-index",
    "selection": "lexicographic with RMST first"
  },
  "permutation_importance": {
    "features_used_in_any_fold": 1666,
    "features_with_positive_rmst_importance": 0,
    "rank_rule": "RMST importance descending, C-index importance descending, symbol ascending",
    "repeats": 3,
    "top_32_genes": [
      "INHA",
      "PPFIBP2",
      "LDLRAP1",
      "GNG7",
      "ALDH9A1",
      "SEC23A",
      "KANK1",
      "LAMC2",
      "BHLHE40",
      "RPA2",
      "KCNS3",
      "CSRP1",
      "SLC24A1",
      "TGFBI",
      "NDN",
      "P2RY10",
      "NFATC3",
      "CYP2R1",
      "MT2A",
      "RPS6KA5",
      "DNM1L",
      "KREMEN2",
      "BLNK",
      "KIF5A",
      "FBXW7",
      "SPEN",
      "EPS15L1",
      "CPS1",
      "IL18",
      "CLIC5",
      "ZNF266",
      "RBP1"
    ]
  },
  "phase": "pooled_development_cv_search",
  "reduced_search": {
    "best_trial": 48,
    "evaluated_top_n": [
      0,
      1,
      2,
      3,
      4,
      5,
      6,
      7,
      8,
      9,
      10,
      11,
      12,
      13,
      14,
      15,
      16,
      17,
      18,
      19,
      20,
      21,
      22,
      23,
      24,
      25,
      26,
      27,
      28,
      29,
      30,
      31,
      32
    ],
    "trials": [
      {
        "harrell_cindex": 0.6822883370469907,
        "rmst_difference_months": 1.887541866214531,
        "rsf_max_depth": 6,
        "rsf_max_features": "sqrt",
        "rsf_min_samples_leaf": 16,
        "rsf_min_samples_split": 32,
        "rsf_n_estimators": 600,
        "stage": "reduced",
        "top_n": 0,
        "trial": 0
      },
      {
        "harrell_cindex": 0.6943913429371202,
        "rmst_difference_months": 3.4077425555616596,
        "rsf_max_depth": 6,
        "rsf_max_features": "sqrt",
        "rsf_min_samples_leaf": 16,
        "rsf_min_samples_split": 32,
        "rsf_n_estimators": 600,
        "stage": "reduced",
        "top_n": 1,
        "trial": 1
      },
      {
        "harrell_cindex": 0.7035663524022915,
        "rmst_difference_months": 3.825563287338599,
        "rsf_max_depth": 6,
        "rsf_max_features": "sqrt",
        "rsf_min_samples_leaf": 16,
        "rsf_min_samples_split": 32,
        "rsf_n_estimators": 600,
        "stage": "reduced",
        "top_n": 2,
        "trial": 2
      },
      {
        "harrell_cindex": 0.7065269338431078,
        "rmst_difference_months": 1.9979564208178973,
        "rsf_max_depth": 6,
        "rsf_max_features": "sqrt",
        "rsf_min_samples_leaf": 16,
        "rsf_min_samples_split": 32,
        "rsf_n_estimators": 600,
        "stage": "reduced",
        "top_n": 3,
        "trial": 3
      },
      {
        "harrell_cindex": 0.7084199680977178,
        "rmst_difference_months": 1.9215657667749577,
        "rsf_max_depth": 6,
        "rsf_max_features": "sqrt",
        "rsf_min_samples_leaf": 16,
        "rsf_min_samples_split": 32,
        "rsf_n_estimators": 600,
        "stage": "reduced",
        "top_n": 4,
        "trial": 4
      },
      {
        "harrell_cindex": 0.7102105923024883,
        "rmst_difference_months": 0.4018745112153677,
        "rsf_max_depth": 6,
        "rsf_max_features": "sqrt",
        "rsf_min_samples_leaf": 16,
        "rsf_min_samples_split": 32,
        "rsf_n_estimators": 600,
        "stage": "reduced",
        "top_n": 5,
        "trial": 5
      },
      {
        "harrell_cindex": 0.7049783697561399,
        "rmst_difference_months": 4.263014787604153,
        "rsf_max_depth": 6,
        "rsf_max_features": "sqrt",
        "rsf_min_samples_leaf": 16,
        "rsf_min_samples_split": 32,
        "rsf_n_estimators": 600,
        "stage": "reduced",
        "top_n": 6,
        "trial": 6
      },
      {
        "harrell_cindex": 0.7052297398784734,
        "rmst_difference_months": 0.7262447729064243,
        "rsf_max_depth": 6,
        "rsf_max_features": "sqrt",
        "rsf_min_samples_leaf": 16,
        "rsf_min_samples_split": 32,
        "rsf_n_estimators": 600,
        "stage": "reduced",
        "top_n": 7,
        "trial": 7
      },
      {
        "harrell_cindex": 0.7063221137434287,
        "rmst_difference_months": 1.08011272943439,
        "rsf_max_depth": 6,
        "rsf_max_features": "sqrt",
        "rsf_min_samples_leaf": 16,
        "rsf_min_samples_split": 32,
        "rsf_n_estimators": 600,
        "stage": "reduced",
        "top_n": 8,
        "trial": 8
      },
      {
        "harrell_cindex": 0.7043142560996046,
        "rmst_difference_months": 1.2941529227509478,
        "rsf_max_depth": 6,
        "rsf_max_features": "sqrt",
        "rsf_min_samples_leaf": 16,
        "rsf_min_samples_split": 32,
        "rsf_n_estimators": 600,
        "stage": "reduced",
        "top_n": 9,
        "trial": 9
      },
      {
        "harrell_cindex": 0.7059062668743832,
        "rmst_difference_months": 0.14543523294736657,
        "rsf_max_depth": 6,
        "rsf_max_features": "sqrt",
        "rsf_min_samples_leaf": 16,
        "rsf_min_samples_split": 32,
        "rsf_n_estimators": 600,
        "stage": "reduced",
        "top_n": 10,
        "trial": 10
      },
      {
        "harrell_cindex": 0.7076193077080631,
        "rmst_difference_months": 0.7400257246050176,
        "rsf_max_depth": 6,
        "rsf_max_features": "sqrt",
        "rsf_min_samples_leaf": 16,
        "rsf_min_samples_split": 32,
        "rsf_n_estimators": 600,
        "stage": "reduced",
        "top_n": 11,
        "trial": 11
      },
      {
        "harrell_cindex": 0.7028898254063817,
        "rmst_difference_months": 0.28015641873117547,
        "rsf_max_depth": 6,
        "rsf_max_features": "sqrt",
        "rsf_min_samples_leaf": 16,
        "rsf_min_samples_split": 32,
        "rsf_n_estimators": 600,
        "stage": "reduced",
        "top_n": 12,
        "trial": 12
      },
      {
        "harrell_cindex": 0.7032932589360527,
        "rmst_difference_months": -2.103725073245354,
        "rsf_max_depth": 6,
        "rsf_max_features": "sqrt",
        "rsf_min_samples_leaf": 16,
        "rsf_min_samples_split": 32,
        "rsf_n_estimators": 600,
        "stage": "reduced",
        "top_n": 13,
        "trial": 13
      },
      {
        "harrell_cindex": 0.7042987394253866,
        "rmst_difference_months": -0.25867656543930484,
        "rsf_max_depth": 6,
        "rsf_max_features": "sqrt",
        "rsf_min_samples_leaf": 16,
        "rsf_min_samples_split": 32,
        "rsf_n_estimators": 600,
        "stage": "reduced",
        "top_n": 14,
        "trial": 14
      },
      {
        "harrell_cindex": 0.7039356492486827,
        "rmst_difference_months": 1.4326339686359109,
        "rsf_max_depth": 6,
        "rsf_max_features": "sqrt",
        "rsf_min_samples_leaf": 16,
        "rsf_min_samples_split": 32,
        "rsf_n_estimators": 600,
        "stage": "reduced",
        "top_n": 15,
        "trial": 15
      },
      {
        "harrell_cindex": 0.7072562175313591,
        "rmst_difference_months": 3.7586622411746364,
        "rsf_max_depth": 6,
        "rsf_max_features": "sqrt",
        "rsf_min_samples_leaf": 16,
        "rsf_min_samples_split": 32,
        "rsf_n_estimators": 600,
        "stage": "reduced",
        "top_n": 16,
        "trial": 16
      },
      {
        "harrell_cindex": 0.7079389511969563,
        "rmst_difference_months": 1.4014671466167747,
        "rsf_max_depth": 6,
        "rsf_max_features": "sqrt",
        "rsf_min_samples_leaf": 16,
        "rsf_min_samples_split": 32,
        "rsf_n_estimators": 600,
        "stage": "reduced",
        "top_n": 17,
        "trial": 17
      },
      {
        "harrell_cindex": 0.7063376304176469,
        "rmst_difference_months": 3.8280261140061413,
        "rsf_max_depth": 6,
        "rsf_max_features": "sqrt",
        "rsf_min_samples_leaf": 16,
        "rsf_min_samples_split": 32,
        "rsf_n_estimators": 600,
        "stage": "reduced",
        "top_n": 18,
        "trial": 18
      },
      {
        "harrell_cindex": 0.7076255143777503,
        "rmst_difference_months": -1.0083566752687658,
        "rsf_max_depth": 6,
        "rsf_max_features": "sqrt",
        "rsf_min_samples_leaf": 16,
        "rsf_min_samples_split": 32,
        "rsf_n_estimators": 600,
        "stage": "reduced",
        "top_n": 19,
        "trial": 19
      },
      {
        "harrell_cindex": 0.7089847750392572,
        "rmst_difference_months": 3.0088095497428515,
        "rsf_max_depth": 6,
        "rsf_max_features": "sqrt",
        "rsf_min_samples_leaf": 16,
        "rsf_min_samples_split": 32,
        "rsf_n_estimators": 600,
        "stage": "reduced",
        "top_n": 20,
        "trial": 20
      },
      {
        "harrell_cindex": 0.7093168318675248,
        "rmst_difference_months": 1.408767811317234,
        "rsf_max_depth": 6,
        "rsf_max_features": "sqrt",
        "rsf_min_samples_leaf": 16,
        "rsf_min_samples_split": 32,
        "rsf_n_estimators": 600,
        "stage": "reduced",
        "top_n": 21,
        "trial": 21
      },
      {
        "harrell_cindex": 0.7060272969332845,
        "rmst_difference_months": 0.5424952398513561,
        "rsf_max_depth": 6,
        "rsf_max_features": "sqrt",
        "rsf_min_samples_leaf": 16,
        "rsf_min_samples_split": 32,
        "rsf_n_estimators": 600,
        "stage": "reduced",
        "top_n": 22,
        "trial": 22
      },
      {
        "harrell_cindex": 0.7063128037388978,
        "rmst_difference_months": 1.1554573363181266,
        "rsf_max_depth": 6,
        "rsf_max_features": "sqrt",
        "rsf_min_samples_leaf": 16,
        "rsf_min_samples_split": 32,
        "rsf_n_estimators": 600,
        "stage": "reduced",
        "top_n": 23,
        "trial": 23
      },
      {
        "harrell_cindex": 0.7058721301911034,
        "rmst_difference_months": -0.7994951029617474,
        "rsf_max_depth": 6,
        "rsf_max_features": "sqrt",
        "rsf_min_samples_leaf": 16,
        "rsf_min_samples_split": 32,
        "rsf_n_estimators": 600,
        "stage": "reduced",
        "top_n": 24,
        "trial": 24
      },
      {
        "harrell_cindex": 0.7104557557551344,
        "rmst_difference_months": 0.9549601934177863,
        "rsf_max_depth": 6,
        "rsf_max_features": "sqrt",
        "rsf_min_samples_leaf": 16,
        "rsf_min_samples_split": 32,
        "rsf_n_estimators": 600,
        "stage": "reduced",
        "top_n": 25,
        "trial": 25
      },
      {
        "harrell_cindex": 0.7093944152386155,
        "rmst_difference_months": -0.05484696748343711,
        "rsf_max_depth": 6,
        "rsf_max_features": "sqrt",
        "rsf_min_samples_leaf": 16,
        "rsf_min_samples_split": 32,
        "rsf_n_estimators": 600,
        "stage": "reduced",
        "top_n": 26,
        "trial": 26
      },
      {
        "harrell_cindex": 0.7081003246088247,
        "rmst_difference_months": 2.548359048907929,
        "rsf_max_depth": 6,
        "rsf_max_features": "sqrt",
        "rsf_min_samples_leaf": 16,
        "rsf_min_samples_split": 32,
        "rsf_n_estimators": 600,
        "stage": "reduced",
        "top_n": 27,
        "trial": 27
      },
      {
        "harrell_cindex": 0.709143045116282,
        "rmst_difference_months": 2.6436439728015015,
        "rsf_max_depth": 6,
        "rsf_max_features": "sqrt",
        "rsf_min_samples_leaf": 16,
        "rsf_min_samples_split": 32,
        "rsf_n_estimators": 600,
        "stage": "reduced",
        "top_n": 28,
        "trial": 28
      },
      {
        "harrell_cindex": 0.7110298727012048,
        "rmst_difference_months": 2.1501603092985055,
        "rsf_max_depth": 6,
        "rsf_max_features": "sqrt",
        "rsf_min_samples_leaf": 16,
        "rsf_min_samples_split": 32,
        "rsf_n_estimators": 600,
        "stage": "reduced",
        "top_n": 29,
        "trial": 29
      },
      {
        "harrell_cindex": 0.7104712724293526,
        "rmst_difference_months": 2.4420045406529938,
        "rsf_max_depth": 6,
        "rsf_max_features": "sqrt",
        "rsf_min_samples_leaf": 16,
        "rsf_min_samples_split": 32,
        "rsf_n_estimators": 600,
        "stage": "reduced",
        "top_n": 30,
        "trial": 30
      },
      {
        "harrell_cindex": 0.7082306646722568,
        "rmst_difference_months": -2.8751298078133196,
        "rsf_max_depth": 6,
        "rsf_max_features": "sqrt",
        "rsf_min_samples_leaf": 16,
        "rsf_min_samples_split": 32,
        "rsf_n_estimators": 600,
        "stage": "reduced",
        "top_n": 31,
        "trial": 31
      },
      {
        "harrell_cindex": 0.7086868548942694,
        "rmst_difference_months": 0.6596062207796304,
        "rsf_max_depth": 6,
        "rsf_max_features": "sqrt",
        "rsf_min_samples_leaf": 16,
        "rsf_min_samples_split": 32,
        "rsf_n_estimators": 600,
        "stage": "reduced",
        "top_n": 32,
        "trial": 32
      },
      {
        "harrell_cindex": 0.7039387525835262,
        "rmst_difference_months": 0.19733144332438507,
        "rsf_max_depth": 4,
        "rsf_max_features": 0.25,
        "rsf_min_samples_leaf": 32,
        "rsf_min_samples_split": 96,
        "rsf_n_estimators": 600,
        "stage": "reduced",
        "top_n": 3,
        "trial": 33
      },
      {
        "harrell_cindex": 0.7094037252431463,
        "rmst_difference_months": -0.8816197025170329,
        "rsf_max_depth": 8,
        "rsf_max_features": "sqrt",
        "rsf_min_samples_leaf": 8,
        "rsf_min_samples_split": 16,
        "rsf_n_estimators": 600,
        "stage": "reduced",
        "top_n": 7,
        "trial": 34
      },
      {
        "harrell_cindex": 0.6824574687959681,
        "rmst_difference_months": 0.960317960326854,
        "rsf_max_depth": 6,
        "rsf_max_features": "sqrt",
        "rsf_min_samples_leaf": 16,
        "rsf_min_samples_split": 32,
        "rsf_n_estimators": 200,
        "stage": "reduced",
        "top_n": 0,
        "trial": 35
      },
      {
        "harrell_cindex": 0.7018812415822042,
        "rmst_difference_months": 1.210127681031156,
        "rsf_max_depth": 6,
        "rsf_max_features": "sqrt",
        "rsf_min_samples_leaf": 32,
        "rsf_min_samples_split": 96,
        "rsf_n_estimators": 600,
        "stage": "reduced",
        "top_n": 9,
        "trial": 36
      },
      {
        "harrell_cindex": 0.7044880428508475,
        "rmst_difference_months": 2.574956064511371,
        "rsf_max_depth": 6,
        "rsf_max_features": "sqrt",
        "rsf_min_samples_leaf": 16,
        "rsf_min_samples_split": 32,
        "rsf_n_estimators": 400,
        "stage": "reduced",
        "top_n": 6,
        "trial": 37
      },
      {
        "harrell_cindex": 0.7042273627239832,
        "rmst_difference_months": -0.8871796019524584,
        "rsf_max_depth": 8,
        "rsf_max_features": 0.25,
        "rsf_min_samples_leaf": 16,
        "rsf_min_samples_split": 32,
        "rsf_n_estimators": 600,
        "stage": "reduced",
        "top_n": 3,
        "trial": 38
      },
      {
        "harrell_cindex": 0.6990137601866966,
        "rmst_difference_months": 0.22192377056219634,
        "rsf_max_depth": 8,
        "rsf_max_features": 0.25,
        "rsf_min_samples_leaf": 32,
        "rsf_min_samples_split": 96,
        "rsf_n_estimators": 400,
        "stage": "reduced",
        "top_n": 28,
        "trial": 39
      },
      {
        "harrell_cindex": 0.7063128037388978,
        "rmst_difference_months": 1.1554573363181266,
        "rsf_max_depth": 6,
        "rsf_max_features": "sqrt",
        "rsf_min_samples_leaf": 16,
        "rsf_min_samples_split": 32,
        "rsf_n_estimators": 600,
        "stage": "reduced",
        "top_n": 23,
        "trial": 40
      },
      {
        "harrell_cindex": 0.7087675416002036,
        "rmst_difference_months": 3.009420916231853,
        "rsf_max_depth": 8,
        "rsf_max_features": "sqrt",
        "rsf_min_samples_leaf": 16,
        "rsf_min_samples_split": 48,
        "rsf_n_estimators": 400,
        "stage": "reduced",
        "top_n": 21,
        "trial": 41
      },
      {
        "harrell_cindex": 0.7038984092305591,
        "rmst_difference_months": -0.10203581564079842,
        "rsf_max_depth": 6,
        "rsf_max_features": "sqrt",
        "rsf_min_samples_leaf": 16,
        "rsf_min_samples_split": 48,
        "rsf_n_estimators": 200,
        "stage": "reduced",
        "top_n": 24,
        "trial": 42
      },
      {
        "harrell_cindex": 0.7052855999056586,
        "rmst_difference_months": 0.11997937317318233,
        "rsf_max_depth": 4,
        "rsf_max_features": "log2",
        "rsf_min_samples_leaf": 16,
        "rsf_min_samples_split": 32,
        "rsf_n_estimators": 400,
        "stage": "reduced",
        "top_n": 27,
        "trial": 43
      },
      {
        "harrell_cindex": 0.7037742758368143,
        "rmst_difference_months": 1.764397856806324,
        "rsf_max_depth": 6,
        "rsf_max_features": "sqrt",
        "rsf_min_samples_leaf": 8,
        "rsf_min_samples_split": 24,
        "rsf_n_estimators": 200,
        "stage": "reduced",
        "top_n": 14,
        "trial": 44
      },
      {
        "harrell_cindex": 0.7099995655331219,
        "rmst_difference_months": 1.4933152450198963,
        "rsf_max_depth": 4,
        "rsf_max_features": "sqrt",
        "rsf_min_samples_leaf": 8,
        "rsf_min_samples_split": 16,
        "rsf_n_estimators": 600,
        "stage": "reduced",
        "top_n": 32,
        "trial": 45
      },
      {
        "harrell_cindex": 0.7041746060316416,
        "rmst_difference_months": 1.358455440312497,
        "rsf_max_depth": 4,
        "rsf_max_features": 0.25,
        "rsf_min_samples_leaf": 16,
        "rsf_min_samples_split": 32,
        "rsf_n_estimators": 600,
        "stage": "reduced",
        "top_n": 27,
        "trial": 46
      },
      {
        "harrell_cindex": 0.7089537416908209,
        "rmst_difference_months": -0.11844594765832565,
        "rsf_max_depth": 8,
        "rsf_max_features": "log2",
        "rsf_min_samples_leaf": 16,
        "rsf_min_samples_split": 48,
        "rsf_n_estimators": 600,
        "stage": "reduced",
        "top_n": 22,
        "trial": 47
      },
      {
        "harrell_cindex": 0.6844963597882284,
        "rmst_difference_months": 5.468427868947752,
        "rsf_max_depth": 8,
        "rsf_max_features": 0.25,
        "rsf_min_samples_leaf": 8,
        "rsf_min_samples_split": 24,
        "rsf_n_estimators": 200,
        "stage": "reduced",
        "top_n": 0,
        "trial": 48
      }
    ]
  },
  "reward": 5.468427868947752,
  "schema_version": 1,
  "screening": {
    "best_params": {
      "max_depth": 4,
      "max_features": 0.5,
      "min_samples_leaf": 16,
      "min_samples_split": 32,
      "n_estimators": 150
    },
    "best_trial": 3,
    "n_features": 8666,
    "n_reactome_genes": 8647,
    "optimization_harrell_cindex": 0.6662642675819436,
    "optimization_rmst_difference_months": 0.22192377056219634,
    "pfi_refit_oof": {
      "harrell_cindex": 0.6662642675819436,
      "rmst_difference_months": 0.22192377056219595
    },
    "trials": [
      {
        "harrell_cindex": 0.662343204007026,
        "rmst_difference_months": 0.22192377056219634,
        "rsf_max_depth": 4,
        "rsf_max_features": 0.25,
        "rsf_min_samples_leaf": 16,
        "rsf_min_samples_split": 32,
        "rsf_n_estimators": 250,
        "stage": "screening",
        "top_n": null,
        "trial": 0
      },
      {
        "harrell_cindex": 0.6640950365262511,
        "rmst_difference_months": 0.22192377056219634,
        "rsf_max_depth": 6,
        "rsf_max_features": 0.5,
        "rsf_min_samples_leaf": 16,
        "rsf_min_samples_split": 32,
        "rsf_n_estimators": 250,
        "stage": "screening",
        "top_n": null,
        "trial": 1
      },
      {
        "harrell_cindex": 0.6654139538347909,
        "rmst_difference_months": 0.22192377056219634,
        "rsf_max_depth": 6,
        "rsf_max_features": 0.5,
        "rsf_min_samples_leaf": 16,
        "rsf_min_samples_split": 32,
        "rsf_n_estimators": 150,
        "stage": "screening",
        "top_n": null,
        "trial": 2
      },
      {
        "harrell_cindex": 0.6662642675819436,
        "rmst_difference_months": 0.22192377056219634,
        "rsf_max_depth": 4,
        "rsf_max_features": 0.5,
        "rsf_min_samples_leaf": 16,
        "rsf_min_samples_split": 32,
        "rsf_n_estimators": 150,
        "stage": "screening",
        "top_n": null,
        "trial": 3
      },
      {
        "harrell_cindex": 0.6587805756065468,
        "rmst_difference_months": 0.22192377056219634,
        "rsf_max_depth": 6,
        "rsf_max_features": 0.25,
        "rsf_min_samples_leaf": 16,
        "rsf_min_samples_split": 32,
        "rsf_n_estimators": 250,
        "stage": "screening",
        "top_n": null,
        "trial": 4
      },
      {
        "harrell_cindex": 0.6596619227021358,
        "rmst_difference_months": 0.22192377056219634,
        "rsf_max_depth": 6,
        "rsf_max_features": 0.25,
        "rsf_min_samples_leaf": 16,
        "rsf_min_samples_split": 32,
        "rsf_n_estimators": 150,
        "stage": "screening",
        "top_n": null,
        "trial": 5
      },
      {
        "harrell_cindex": 0.6662642675819436,
        "rmst_difference_months": 0.22192377056219634,
        "rsf_max_depth": 4,
        "rsf_max_features": 0.5,
        "rsf_min_samples_leaf": 16,
        "rsf_min_samples_split": 32,
        "rsf_n_estimators": 150,
        "stage": "screening",
        "top_n": null,
        "trial": 6
      },
      {
        "harrell_cindex": 0.6640950365262511,
        "rmst_difference_months": 0.22192377056219634,
        "rsf_max_depth": 6,
        "rsf_max_features": 0.5,
        "rsf_min_samples_leaf": 16,
        "rsf_min_samples_split": 32,
        "rsf_n_estimators": 250,
        "stage": "screening",
        "top_n": null,
        "trial": 7
      },
      {
        "harrell_cindex": 0.6652417187509698,
        "rmst_difference_months": 0.22192377056219634,
        "rsf_max_depth": 4,
        "rsf_max_features": 0.25,
        "rsf_min_samples_leaf": 16,
        "rsf_min_samples_split": 32,
        "rsf_n_estimators": 150,
        "stage": "screening",
        "top_n": null,
        "trial": 8
      },
      {
        "harrell_cindex": 0.6640950365262511,
        "rmst_difference_months": 0.22192377056219634,
        "rsf_max_depth": 6,
        "rsf_max_features": 0.5,
        "rsf_min_samples_leaf": 16,
        "rsf_min_samples_split": 32,
        "rsf_n_estimators": 250,
        "stage": "screening",
        "top_n": null,
        "trial": 9
      },
      {
        "harrell_cindex": 0.6662642675819436,
        "rmst_difference_months": 0.22192377056219634,
        "rsf_max_depth": 4,
        "rsf_max_features": 0.5,
        "rsf_min_samples_leaf": 16,
        "rsf_min_samples_split": 32,
        "rsf_n_estimators": 150,
        "stage": "screening",
        "top_n": null,
        "trial": 10
      },
      {
        "harrell_cindex": 0.6587805756065468,
        "rmst_difference_months": 0.22192377056219634,
        "rsf_max_depth": 6,
        "rsf_max_features": 0.25,
        "rsf_min_samples_leaf": 16,
        "rsf_min_samples_split": 32,
        "rsf_n_estimators": 250,
        "stage": "screening",
        "top_n": null,
        "trial": 11
      }
    ]
  },
  "secondary_score": 0.6844963597882284
}

