[fold 1/3] selected=TGFBR3,SMAD4,SMAD5,ACVR2A,SIRT1...
/Users/owen/Library/Python/3.12/lib/python/site-packages/sklearn/pipeline.py:621: ConvergenceWarning: Optimization did not converge: Maximum number of iterations has been exceeded.
  self._final_estimator.fit(Xt, y, **last_step_params["fit"])
/Users/owen/Library/Python/3.12/lib/python/site-packages/sklearn/pipeline.py:621: ConvergenceWarning: Optimization did not converge: Maximum number of iterations has been exceeded.
  self._final_estimator.fit(Xt, y, **last_step_params["fit"])
/Users/owen/Library/Python/3.12/lib/python/site-packages/sklearn/pipeline.py:621: ConvergenceWarning: Optimization did not converge: Maximum number of iterations has been exceeded.
  self._final_estimator.fit(Xt, y, **last_step_params["fit"])
[fold 2/3] selected=NDC1,RAN,SUMO1,NUP37,APOL1...
[fold 3/3] selected=ITPR1,IGLC2,IGLV3-25,IGKV4-1,FGR...
/Users/owen/Library/Python/3.12/lib/python/site-packages/sklearn/pipeline.py:621: ConvergenceWarning: Optimization did not converge: Maximum number of iterations has been exceeded.
  self._final_estimator.fit(Xt, y, **last_step_params["fit"])
{
  "budget": {
    "forest_seeds": [
      42,
      43,
      44
    ],
    "inner_folds": 3,
    "max_experiments": 20,
    "max_selected_genes": 32,
    "max_total_features": 51,
    "max_trees_per_forest": 1000,
    "multiplicity_alpha": 0.05,
    "outer_folds": 3,
    "patient_bootstraps": 4000,
    "schema_version": 1,
    "smoke_reductions_applied": false,
    "tau_months": 60.0,
    "wall_time_seconds": 1500
  },
  "candidate": {
    "benefit_threshold_months": 0.25,
    "n_genes": 8,
    "name": "regularised_pathway_block_dr_gene_8",
    "rsf": {
      "max_depth": 6,
      "max_features": 0.5,
      "min_samples_leaf": 8,
      "min_samples_split": 16,
      "n_estimators": 600
    },
    "selector": "dr_gene"
  },
  "data": {
    "forest_seeds": [
      42,
      43,
      44
    ],
    "outer_folds": 3,
    "reactome_collection_sha256": "5d61f289a2400cddfbb3a3353829fd2284a360bbe50f2093b566c4b7bea93341",
    "test_used": false,
    "train_act": 114,
    "train_events": 348,
    "train_n": 775,
    "train_sha256": "b93f3cee3858716bca8add447bc837c734e203f6cb37962b1081e3c118d2c65d",
    "validation_act": 38,
    "validation_events": 117,
    "validation_n": 259,
    "validation_sha256": "824689aeaa34984727f2551bd512214164d0559d05cbec5817b0f88c9adb15a9",
    "validation_used": true
  },
  "eligible": false,
  "estimator": "outer-cross-fitted IPCW-AIPW restricted-time policy value",
  "gates": {
    "gene_selection_jaccard_at_least_0_10": false,
    "train_cindex_drop_no_more_than_0_03": true,
    "train_genomic_alignment_positive": false,
    "train_genomic_seed_agreement_at_least_0_85": true,
    "train_genomic_value_at_least_best_constant": false,
    "train_genomic_value_at_least_clinical": false,
    "train_iptw_effective_sample_size_at_least_0_30n": true,
    "train_nontrivial_benefit_fraction_at_least_0_10": true,
    "train_raw_propensity_overlap_at_least_0_80": true,
    "validation_cindex_drop_no_more_than_0_03": false,
    "validation_genomic_alignment_positive": true,
    "validation_genomic_seed_agreement_at_least_0_85": true,
    "validation_genomic_value_at_least_best_constant": true,
    "validation_genomic_value_at_least_clinical": true,
    "validation_iptw_effective_sample_size_at_least_0_30n": true,
    "validation_nontrivial_benefit_fraction_at_least_0_10": true,
    "validation_raw_propensity_overlap_at_least_0_80": true
  },
  "gene_selection": {
    "frequency": [
      {
        "count": 2,
        "gene": "IGKV1-17"
      },
      {
        "count": 1,
        "gene": "ACVR2A"
      },
      {
        "count": 1,
        "gene": "APOL1"
      },
      {
        "count": 1,
        "gene": "CHD9"
      },
      {
        "count": 1,
        "gene": "EP300"
      },
      {
        "count": 1,
        "gene": "FGR"
      },
      {
        "count": 1,
        "gene": "IGKV4-1"
      },
      {
        "count": 1,
        "gene": "IGLC2"
      },
      {
        "count": 1,
        "gene": "IGLV2-14"
      },
      {
        "count": 1,
        "gene": "IGLV3-25"
      },
      {
        "count": 1,
        "gene": "ITPR1"
      },
      {
        "count": 1,
        "gene": "LRP1"
      },
      {
        "count": 1,
        "gene": "NDC1"
      },
      {
        "count": 1,
        "gene": "NUP37"
      },
      {
        "count": 1,
        "gene": "PRKAR2B"
      },
      {
        "count": 1,
        "gene": "PRKX"
      },
      {
        "count": 1,
        "gene": "RAN"
      },
      {
        "count": 1,
        "gene": "RORC"
      },
      {
        "count": 1,
        "gene": "SIRT1"
      },
      {
        "count": 1,
        "gene": "SMAD4"
      },
      {
        "count": 1,
        "gene": "SMAD5"
      },
      {
        "count": 1,
        "gene": "SUMO1"
      },
      {
        "count": 1,
        "gene": "TGFBR3"
      }
    ],
    "full_training_selection": [
      "TGFBR3",
      "SMAD4",
      "SMAD1",
      "SMAD5",
      "SIRT1",
      "CHD9",
      "TBL1XR1",
      "MEF2C"
    ],
    "mean_pairwise_jaccard": 0.022222222222222223,
    "per_outer_fold": [
      [
        "TGFBR3",
        "SMAD4",
        "SMAD5",
        "ACVR2A",
        "SIRT1",
        "CHD9",
        "EP300",
        "RORC"
      ],
      [
        "NDC1",
        "RAN",
        "SUMO1",
        "NUP37",
        "APOL1",
        "IGKV1-17",
        "IGLV2-14",
        "LRP1"
      ],
      [
        "ITPR1",
        "IGLC2",
        "IGLV3-25",
        "IGKV4-1",
        "FGR",
        "PRKX",
        "PRKAR2B",
        "IGKV1-17"
      ]
    ]
  },
  "generalization": {
    "absolute_increment_gap_months": 4.481053064926655,
    "robust_selection_lcb": -17.786030454035227,
    "score_before_eligibility": -22.267083518961883
  },
  "limitations": [
    "Search uncertainty uses paired bootstraps of fixed train-OOF and validation predictions; it does not refit the full pipeline in each bootstrap draw.",
    "Validation is adaptive search feedback, not untouched confirmation; the fixed experiment budget and multiplicity-adjusted LCB limit but do not eliminate validation overfitting.",
    "IPCW-AIPW validity requires adequate measured-confounder adjustment, treatment positivity, and conditionally independent censoring.",
    "Random row-level cross-validation does not establish transportability across source studies or expression platforms."
  ],
  "objective": "min(train OOF LCB, validation LCB) minus the absolute train-validation gap for A60(C+G)-A60(C), where A60(d)=V60(d)-V60(1-d)",
  "phase": "train_crossfit_plus_validation_search",
  "reward": -1000000.0,
  "schema_version": 1,
  "train_oof": {
    "constant_policy_values": {
      "all_act_months": 46.655669273882204,
      "all_observation_months": 45.92981590444112
    },
    "incremental_alignment_months": -4.745704115668353,
    "models": {
      "clinical": {
        "act_recommended_fraction": 0.2503225806451613,
        "act_usage": {
          "patient_tree_paths_traversing_act_fraction": 0.18378996415770607,
          "per_patient_different_terminal_tree_fraction": {
            "mean": 0.18378996415770607,
            "median": 0.16722222222222224,
            "nonzero_patient_fraction": 1.0,
            "p10": 0.10455555555555555,
            "p90": 0.28611111111111115
          },
          "tree_contains_act_split_fraction": 0.575925925925926
        },
        "alignment_months": 4.4313580090820395,
        "anti_policy_value_months": 43.62137218403599,
        "harrell_cindex": 0.6733941802020471,
        "mean_predicted_benefit_months": -0.7384637845667165,
        "median_absolute_predicted_benefit_months": 0.937007070179753,
        "nontrivial_benefit_fraction": 0.8270967741935484,
        "seed_agreement": 0.9647621042969879,
        "value_months": 48.05273019311803
      },
      "clinical_plus_genomic": {
        "act_recommended_fraction": 0.016774193548387096,
        "act_usage": {
          "patient_tree_paths_traversing_act_fraction": 0.02387813620071685,
          "per_patient_different_terminal_tree_fraction": {
            "mean": 0.02387813620071685,
            "median": 0.021666666666666667,
            "nonzero_patient_fraction": 1.0,
            "p10": 0.011666666666666665,
            "p90": 0.041666666666666664
          },
          "tree_contains_act_split_fraction": 0.09018518518518519
        },
        "alignment_months": -0.31434610658631357,
        "anti_policy_value_months": 46.449915642454826,
        "harrell_cindex": 0.6713493264174051,
        "mean_predicted_benefit_months": -0.1691759178162953,
        "median_absolute_predicted_benefit_months": 0.1627233362746665,
        "nontrivial_benefit_fraction": 0.3135483870967742,
        "seed_agreement": 0.9849517291377756,
        "value_months": 46.13556953586851
      }
    },
    "overlap": {
      "iptw_effective_sample_size": 269.61463029387255,
      "raw_propensity_in_0_05_0_95_fraction": 0.8141935483870968
    },
    "paired_bootstrap": {
      "ci95_high": 0.29613894648344086,
      "ci95_low": -10.417707493518282,
      "draws": 4000,
      "mean": -4.783411398474168,
      "sd": 2.731991958381215,
      "selection_lcb": -13.43299003053156,
      "selection_lcb_quantile_percent": 0.25
    }
  },
  "validation": {
    "constant_policy_values": {
      "all_act_months": 46.363795701406566,
      "all_observation_months": 44.63561778170784
    },
    "incremental_alignment_months": -0.2646510507416977,
    "models": {
      "clinical": {
        "act_recommended_fraction": 0.3359073359073359,
        "act_usage": {
          "patient_tree_paths_traversing_act_fraction": 0.23118404118404118,
          "per_patient_different_terminal_tree_fraction": {
            "mean": 0.23118404118404118,
            "median": 0.21944444444444444,
            "nonzero_patient_fraction": 1.0,
            "p10": 0.16433333333333333,
            "p90": 0.33022222222222225
          },
          "tree_contains_act_split_fraction": 0.7594444444444445
        },
        "alignment_months": 2.173503963880144,
        "anti_policy_value_months": 43.927829572488584,
        "harrell_cindex": 0.7008794772269444,
        "mean_predicted_benefit_months": -0.6789661100289899,
        "median_absolute_predicted_benefit_months": 1.2793679503523379,
        "nontrivial_benefit_fraction": 0.8803088803088803,
        "seed_agreement": 0.9678249678249679,
        "value_months": 46.10133353636873
      },
      "clinical_plus_genomic": {
        "act_recommended_fraction": 0.03474903474903475,
        "act_usage": {
          "patient_tree_paths_traversing_act_fraction": 0.03186400686400686,
          "per_patient_different_terminal_tree_fraction": {
            "mean": 0.03186400686400686,
            "median": 0.03166666666666667,
            "nonzero_patient_fraction": 1.0,
            "p10": 0.015444444444444446,
            "p90": 0.04555555555555555
          },
          "tree_contains_act_split_fraction": 0.15333333333333332
        },
        "alignment_months": 1.9088529131384462,
        "anti_policy_value_months": 44.545280284987975,
        "harrell_cindex": 0.6673709035523019,
        "mean_predicted_benefit_months": -0.1709156259890206,
        "median_absolute_predicted_benefit_months": 0.21161249595927245,
        "nontrivial_benefit_fraction": 0.4362934362934363,
        "seed_agreement": 0.9691119691119691,
        "value_months": 46.45413319812642
      }
    },
    "overlap": {
      "iptw_effective_sample_size": 88.83582827209842,
      "raw_propensity_in_0_05_0_95_fraction": 0.8185328185328186
    },
    "paired_bootstrap": {
      "ci95_high": 13.289032218317733,
      "ci95_low": -12.229428146395637,
      "draws": 4000,
      "mean": -0.19905524769125033,
      "sd": 6.4480883620790985,
      "selection_lcb": -17.786030454035227,
      "selection_lcb_quantile_percent": 0.25
    }
  }
}

