/Users/owensun/miniconda3/lib/python3.10/site-packages/sklearn/model_selection/_split.py:737: UserWarning: The least populated class in y has only 2 members, which is less than n_splits=3.
  warnings.warn(
/Users/owensun/miniconda3/lib/python3.10/site-packages/sklearn/model_selection/_split.py:737: UserWarning: The least populated class in y has only 1 members, which is less than n_splits=3.
  warnings.warn(
/Users/owensun/miniconda3/lib/python3.10/site-packages/sklearn/model_selection/_split.py:737: UserWarning: The least populated class in y has only 2 members, which is less than n_splits=3.
  warnings.warn(
/Users/owensun/miniconda3/lib/python3.10/site-packages/sklearn/model_selection/_split.py:737: UserWarning: The least populated class in y has only 2 members, which is less than n_splits=3.
  warnings.warn(
/Users/owensun/miniconda3/lib/python3.10/site-packages/sklearn/model_selection/_split.py:737: UserWarning: The least populated class in y has only 2 members, which is less than n_splits=3.
  warnings.warn(
/Users/owensun/miniconda3/lib/python3.10/site-packages/sklearn/model_selection/_split.py:737: UserWarning: The least populated class in y has only 2 members, which is less than n_splits=3.
  warnings.warn(
/Users/owensun/miniconda3/lib/python3.10/site-packages/sklearn/model_selection/_split.py:737: UserWarning: The least populated class in y has only 2 members, which is less than n_splits=3.
  warnings.warn(
/Users/owensun/miniconda3/lib/python3.10/site-packages/sklearn/model_selection/_split.py:737: UserWarning: The least populated class in y has only 2 members, which is less than n_splits=3.
  warnings.warn(
/Users/owensun/miniconda3/lib/python3.10/site-packages/sklearn/model_selection/_split.py:737: UserWarning: The least populated class in y has only 2 members, which is less than n_splits=3.
  warnings.warn(
/Users/owensun/miniconda3/lib/python3.10/site-packages/sklearn/model_selection/_split.py:737: UserWarning: The least populated class in y has only 2 members, which is less than n_splits=3.
  warnings.warn(
/Users/owensun/miniconda3/lib/python3.10/site-packages/sklearn/model_selection/_split.py:737: UserWarning: The least populated class in y has only 2 members, which is less than n_splits=3.
  warnings.warn(
[repeat 1 fold 1/4] selected=ACAD8,HIBCH,ACADSB,AUH,MCCC1...
/Users/owensun/miniconda3/lib/python3.10/site-packages/sklearn/model_selection/_split.py:737: UserWarning: The least populated class in y has only 1 members, which is less than n_splits=3.
  warnings.warn(
/Users/owensun/miniconda3/lib/python3.10/site-packages/sklearn/model_selection/_split.py:737: UserWarning: The least populated class in y has only 2 members, which is less than n_splits=3.
  warnings.warn(
/Users/owensun/miniconda3/lib/python3.10/site-packages/sklearn/model_selection/_split.py:737: UserWarning: The least populated class in y has only 2 members, which is less than n_splits=3.
  warnings.warn(
/Users/owensun/miniconda3/lib/python3.10/site-packages/sklearn/model_selection/_split.py:737: UserWarning: The least populated class in y has only 2 members, which is less than n_splits=3.
  warnings.warn(
/Users/owensun/miniconda3/lib/python3.10/site-packages/sklearn/model_selection/_split.py:737: UserWarning: The least populated class in y has only 2 members, which is less than n_splits=3.
  warnings.warn(
[repeat 1 fold 2/4] selected=MCCC1,SLC25A44,ACADSB,HIBCH,ALDH6A1...
/Users/owensun/miniconda3/lib/python3.10/site-packages/sklearn/model_selection/_split.py:737: UserWarning: The least populated class in y has only 2 members, which is less than n_splits=3.
  warnings.warn(
/Users/owensun/miniconda3/lib/python3.10/site-packages/sklearn/model_selection/_split.py:737: UserWarning: The least populated class in y has only 2 members, which is less than n_splits=3.
  warnings.warn(
/Users/owensun/miniconda3/lib/python3.10/site-packages/sklearn/model_selection/_split.py:737: UserWarning: The least populated class in y has only 2 members, which is less than n_splits=3.
  warnings.warn(
[repeat 1 fold 3/4] selected=SMAD1,SMAD5,SMAD4,TGFBR3,SMAD7...
/Users/owensun/miniconda3/lib/python3.10/site-packages/sklearn/model_selection/_split.py:737: UserWarning: The least populated class in y has only 2 members, which is less than n_splits=3.
  warnings.warn(
/Users/owensun/miniconda3/lib/python3.10/site-packages/sklearn/model_selection/_split.py:737: UserWarning: The least populated class in y has only 2 members, which is less than n_splits=3.
  warnings.warn(
/Users/owensun/miniconda3/lib/python3.10/site-packages/sklearn/model_selection/_split.py:737: UserWarning: The least populated class in y has only 2 members, which is less than n_splits=3.
  warnings.warn(
/Users/owensun/miniconda3/lib/python3.10/site-packages/sksurv/linear_model/coxph.py:170: RuntimeWarning: overflow encountered in exp
  risk_set2 += np.exp(xw[k])
[repeat 1 fold 4/4] selected=PIP5K1B,RAB4A,PIK3CB,RAB14,PIK3R1...
/Users/owensun/miniconda3/lib/python3.10/site-packages/sklearn/model_selection/_split.py:737: UserWarning: The least populated class in y has only 2 members, which is less than n_splits=3.
  warnings.warn(
/Users/owensun/miniconda3/lib/python3.10/site-packages/sklearn/model_selection/_split.py:737: UserWarning: The least populated class in y has only 1 members, which is less than n_splits=3.
  warnings.warn(
/Users/owensun/miniconda3/lib/python3.10/site-packages/sklearn/model_selection/_split.py:737: UserWarning: The least populated class in y has only 2 members, which is less than n_splits=3.
  warnings.warn(
/Users/owensun/miniconda3/lib/python3.10/site-packages/sklearn/model_selection/_split.py:737: UserWarning: The least populated class in y has only 2 members, which is less than n_splits=3.
  warnings.warn(
/Users/owensun/miniconda3/lib/python3.10/site-packages/sklearn/model_selection/_split.py:737: UserWarning: The least populated class in y has only 2 members, which is less than n_splits=3.
  warnings.warn(
/Users/owensun/miniconda3/lib/python3.10/site-packages/sklearn/model_selection/_split.py:737: UserWarning: The least populated class in y has only 2 members, which is less than n_splits=3.
  warnings.warn(
/Users/owensun/miniconda3/lib/python3.10/site-packages/sklearn/model_selection/_split.py:737: UserWarning: The least populated class in y has only 2 members, which is less than n_splits=3.
  warnings.warn(
/Users/owensun/miniconda3/lib/python3.10/site-packages/sklearn/model_selection/_split.py:737: UserWarning: The least populated class in y has only 2 members, which is less than n_splits=3.
  warnings.warn(
/Users/owensun/miniconda3/lib/python3.10/site-packages/sklearn/model_selection/_split.py:737: UserWarning: The least populated class in y has only 2 members, which is less than n_splits=3.
  warnings.warn(
/Users/owensun/miniconda3/lib/python3.10/site-packages/sklearn/model_selection/_split.py:737: UserWarning: The least populated class in y has only 2 members, which is less than n_splits=3.
  warnings.warn(
/Users/owensun/miniconda3/lib/python3.10/site-packages/sklearn/model_selection/_split.py:737: UserWarning: The least populated class in y has only 2 members, which is less than n_splits=3.
  warnings.warn(
[repeat 2 fold 1/4] selected=HACD3,ACSL4,HACD2,ACSL3,HACD1...
/Users/owensun/miniconda3/lib/python3.10/site-packages/sklearn/model_selection/_split.py:737: UserWarning: The least populated class in y has only 1 members, which is less than n_splits=3.
  warnings.warn(
/Users/owensun/miniconda3/lib/python3.10/site-packages/sklearn/model_selection/_split.py:737: UserWarning: The least populated class in y has only 2 members, which is less than n_splits=3.
  warnings.warn(
/Users/owensun/miniconda3/lib/python3.10/site-packages/sklearn/model_selection/_split.py:737: UserWarning: The least populated class in y has only 2 members, which is less than n_splits=3.
  warnings.warn(
/Users/owensun/miniconda3/lib/python3.10/site-packages/sklearn/model_selection/_split.py:737: UserWarning: The least populated class in y has only 2 members, which is less than n_splits=3.
  warnings.warn(
/Users/owensun/miniconda3/lib/python3.10/site-packages/sklearn/model_selection/_split.py:737: UserWarning: The least populated class in y has only 2 members, which is less than n_splits=3.
  warnings.warn(
[repeat 2 fold 2/4] selected=PTPN13,PIK3CB,PIK3R1,RAB4A,PIK3C2A...
/Users/owensun/miniconda3/lib/python3.10/site-packages/sklearn/model_selection/_split.py:737: UserWarning: The least populated class in y has only 2 members, which is less than n_splits=3.
  warnings.warn(
/Users/owensun/miniconda3/lib/python3.10/site-packages/sklearn/model_selection/_split.py:737: UserWarning: The least populated class in y has only 2 members, which is less than n_splits=3.
  warnings.warn(
/Users/owensun/miniconda3/lib/python3.10/site-packages/sklearn/model_selection/_split.py:737: UserWarning: The least populated class in y has only 2 members, which is less than n_splits=3.
  warnings.warn(
[repeat 2 fold 3/4] selected=TGFBR3,SMAD5,SMAD7,BMP2,SMAD1...
/Users/owensun/miniconda3/lib/python3.10/site-packages/sklearn/model_selection/_split.py:737: UserWarning: The least populated class in y has only 2 members, which is less than n_splits=3.
  warnings.warn(
/Users/owensun/miniconda3/lib/python3.10/site-packages/sklearn/model_selection/_split.py:737: UserWarning: The least populated class in y has only 2 members, which is less than n_splits=3.
  warnings.warn(
/Users/owensun/miniconda3/lib/python3.10/site-packages/sklearn/model_selection/_split.py:737: UserWarning: The least populated class in y has only 2 members, which is less than n_splits=3.
  warnings.warn(
[repeat 2 fold 4/4] selected=AUH,HIBCH,ACAD8,MCCC1,ACADSB...
/Users/owensun/miniconda3/lib/python3.10/site-packages/sklearn/model_selection/_split.py:737: UserWarning: The least populated class in y has only 2 members, which is less than n_splits=3.
  warnings.warn(
/Users/owensun/miniconda3/lib/python3.10/site-packages/sklearn/model_selection/_split.py:737: UserWarning: The least populated class in y has only 2 members, which is less than n_splits=3.
  warnings.warn(
/Users/owensun/miniconda3/lib/python3.10/site-packages/sklearn/model_selection/_split.py:737: UserWarning: The least populated class in y has only 2 members, which is less than n_splits=3.
  warnings.warn(
{
  "budget": {
    "forest_seeds": [
      42,
      43,
      44
    ],
    "full_run_forest_accounting": {
      "causal_forests": 48,
      "internal_nuisance_survival_forests": 96,
      "maximum_total_trees": 88000,
      "maximum_trees_per_internal_nuisance_forest": 250,
      "secondary_prognostic_forests": 16
    },
    "grf_version": "2.6.1",
    "inner_folds": 3,
    "locked_model_rules": {
      "benefit_threshold_months": 0.0,
      "honesty": true,
      "honesty_prune_leaves": true,
      "horizon_months": 60.0,
      "matched_clinical_and_genomic_geometry": true,
      "mtry": "all",
      "nuisance_time_grid_points": 121,
      "stabilize_splits": true,
      "target": "RMST",
      "tune_parameters": "none"
    },
    "max_experiments": 20,
    "max_selected_genes": 16,
    "max_total_features": 34,
    "max_trees_per_forest": 1000,
    "multiplicity_alpha": 0.05,
    "outer_folds": 4,
    "outer_repeats": 2,
    "patient_bootstraps": 4000,
    "r_num_threads": 2,
    "rscript_executable": "Rscript",
    "schema_version": 3,
    "smoke_reductions_applied": false,
    "smoke_train_sha256": "d53b4e23a695b82f8955cc4012f745fe71bf49379026052d5bfa014aeb75ad22",
    "smoke_trees": 40,
    "tau_months": 60.0,
    "wall_time_seconds": 1800
  },
  "candidate": {
    "benefit_threshold_months": 0.0,
    "csf": {
      "alpha": 0.05,
      "honesty": true,
      "honesty_fraction": 0.5,
      "imbalance_penalty": 0.0,
      "min_node_size": 5,
      "mtry": "all",
      "num_trees": 1000,
      "sample_fraction": 0.5,
      "stabilize_splits": true
    },
    "module_count": 8,
    "n_genes": 8,
    "name": "csf_pathway8_raw_oneblock",
    "representation": "raw",
    "selector": "dr_gene"
  },
  "data": {
    "confirmatory_validation_used": false,
    "development_act": 152,
    "development_events": 465,
    "development_n": 1034,
    "forest_seeds": [
      42,
      43,
      44
    ],
    "former_train_n": 775,
    "former_validation_n": 259,
    "former_validation_used_as_development": true,
    "outer_folds": 4,
    "outer_repeats": 2,
    "reactome_collection_sha256": "5d61f289a2400cddfbb3a3353829fd2284a360bbe50f2093b566c4b7bea93341",
    "test_used": false,
    "train_sha256": "b93f3cee3858716bca8add447bc837c734e203f6cb37962b1081e3c118d2c65d",
    "validation_sha256": "824689aeaa34984727f2551bd512214164d0559d05cbec5817b0f88c9adb15a9"
  },
  "development_oof": {
    "constant_policy_values": {
      "all_act_months": 45.52076289645203,
      "all_observation_months": 45.88866079584544
    },
    "incremental_alignment_months": -2.2721835887065502,
    "models": {
      "clinical": {
        "act_mechanism": {
          "different_terminal_node_fraction": null,
          "patient_path_fraction": null,
          "reason": "RSF ACT-use diagnostics are not defined for causal survival forests",
          "role": "W supplied separately as treatment; ACT is absent from X",
          "tree_split_fraction": null
        },
        "act_recommended_fraction": 0.5169245647969052,
        "alignment_months": 4.519366724474455,
        "anti_policy_value_months": 43.445028483911514,
        "genomic_variable_importance_fraction": 0.0,
        "harrell_cindex": 0.6837391460863844,
        "mean_predicted_benefit_months": 0.49191423016877656,
        "median_absolute_predicted_benefit_months": 2.1241188547980414,
        "nontrivial_benefit_fraction": 0.937137330754352,
        "predicted_benefit_iqr_months": 4.381954427544484,
        "seed_agreement": 0.9970980116328954,
        "seed_tau_correlation": 0.999865037530477,
        "value_months": 47.964395208385966
      },
      "clinical_plus_genomic": {
        "act_mechanism": {
          "different_terminal_node_fraction": null,
          "patient_path_fraction": null,
          "reason": "RSF ACT-use diagnostics are not defined for causal survival forests",
          "role": "W supplied separately as treatment; ACT is absent from X",
          "tree_split_fraction": null
        },
        "act_recommended_fraction": 0.7040618955512572,
        "alignment_months": 2.247183135767905,
        "anti_policy_value_months": 44.58112027826478,
        "genomic_variable_importance_fraction": 0.8148815964171627,
        "harrell_cindex": 0.6729209208215148,
        "mean_predicted_benefit_months": 1.2176234758106053,
        "median_absolute_predicted_benefit_months": 1.6367415602227458,
        "nontrivial_benefit_fraction": 0.9182785299806576,
        "predicted_benefit_iqr_months": 2.954994072368758,
        "seed_agreement": 0.9930692735925294,
        "seed_tau_correlation": 0.9989064977317017,
        "value_months": 46.82830341403269
      }
    },
    "overlap": {
      "iptw_effective_sample_size": 372.317733574238,
      "raw_propensity_in_0_05_0_95_fraction": 0.8684719535783365
    },
    "repeat_increment_max_months": -1.8139817388364534,
    "repeat_increment_min_months": -2.730385438576647,
    "source_diagnostics": {
      "former_train": {
        "clinical_alignment_months": 4.430895412768649,
        "genomic_act_recommended_fraction": 0.7141935483870967,
        "genomic_alignment_months": 2.337481772814691,
        "incremental_alignment_months": -2.0934136399539582,
        "n": 775.0
      },
      "former_validation": {
        "clinical_alignment_months": 4.7840974834397265,
        "genomic_act_recommended_fraction": 0.6737451737451737,
        "genomic_alignment_months": 1.9769845114001185,
        "incremental_alignment_months": -2.807112972039608,
        "n": 259.0
      }
    }
  },
  "eligible": false,
  "estimator": "honest causal survival forest policy, independently evaluated by outer-cross-fitted IPCW-AIPW restricted-time arm scores",
  "gates": {
    "all_repeat_cindex_drop_no_more_than_0_03": true,
    "all_repeat_genomic_alignment_positive": true,
    "all_repeat_genomic_increment_positive": false,
    "all_repeat_genomic_seed_agreement_at_least_0_85": true,
    "all_repeat_genomic_seed_tau_correlation_at_least_0_50": true,
    "all_repeat_genomic_value_at_least_best_constant": true,
    "all_repeat_genomic_value_at_least_clinical": false,
    "all_repeat_genomic_variable_importance_at_least_0_01": true,
    "all_repeat_iptw_effective_sample_size_at_least_0_30n": true,
    "all_repeat_nontrivial_benefit_fraction_at_least_0_10": true,
    "all_repeat_raw_propensity_overlap_at_least_0_80": true,
    "gene_selection_jaccard_at_least_0_10": true
  },
  "gene_selection": {
    "frequency": [
      {
        "count": 3,
        "gene": "ACAD8"
      },
      {
        "count": 3,
        "gene": "ACADSB"
      },
      {
        "count": 3,
        "gene": "AUH"
      },
      {
        "count": 3,
        "gene": "HIBCH"
      },
      {
        "count": 3,
        "gene": "MCCC1"
      },
      {
        "count": 2,
        "gene": "ALDH6A1"
      },
      {
        "count": 2,
        "gene": "BMPR1A"
      },
      {
        "count": 2,
        "gene": "DLD"
      },
      {
        "count": 2,
        "gene": "MTMR2"
      },
      {
        "count": 2,
        "gene": "PIK3CB"
      },
      {
        "count": 2,
        "gene": "PIK3R1"
      },
      {
        "count": 2,
        "gene": "PIP5K1B"
      },
      {
        "count": 2,
        "gene": "PTPN13"
      },
      {
        "count": 2,
        "gene": "RAB4A"
      },
      {
        "count": 2,
        "gene": "SLC25A44"
      },
      {
        "count": 2,
        "gene": "SMAD1"
      },
      {
        "count": 2,
        "gene": "SMAD5"
      },
      {
        "count": 2,
        "gene": "SMAD7"
      },
      {
        "count": 2,
        "gene": "TGFBR3"
      },
      {
        "count": 2,
        "gene": "UBE2D1"
      },
      {
        "count": 1,
        "gene": "ACSL3"
      },
      {
        "count": 1,
        "gene": "ACSL4"
      },
      {
        "count": 1,
        "gene": "ACSL5"
      },
      {
        "count": 1,
        "gene": "BCKDK"
      },
      {
        "count": 1,
        "gene": "BMP2"
      },
      {
        "count": 1,
        "gene": "DBT"
      },
      {
        "count": 1,
        "gene": "ELOVL1"
      },
      {
        "count": 1,
        "gene": "HACD1"
      },
      {
        "count": 1,
        "gene": "HACD2"
      },
      {
        "count": 1,
        "gene": "HACD3"
      },
      {
        "count": 1,
        "gene": "HSD17B12"
      },
      {
        "count": 1,
        "gene": "MCCC2"
      },
      {
        "count": 1,
        "gene": "PIK3C2A"
      },
      {
        "count": 1,
        "gene": "PLEKHA1"
      },
      {
        "count": 1,
        "gene": "PLEKHA4"
      },
      {
        "count": 1,
        "gene": "RAB14"
      },
      {
        "count": 1,
        "gene": "SKI"
      },
      {
        "count": 1,
        "gene": "SMAD4"
      },
      {
        "count": 1,
        "gene": "ZFYVE16"
      }
    ],
    "full_development_modules": [
      [
        "TGFBR3"
      ],
      [
        "SMAD7"
      ],
      [
        "SMAD4"
      ],
      [
        "SMAD5"
      ],
      [
        "BMPR1A"
      ],
      [
        "ZFYVE16"
      ],
      [
        "SMAD1"
      ],
      [
        "ACVR2A"
      ]
    ],
    "full_development_selection": [
      "TGFBR3",
      "SMAD7",
      "SMAD4",
      "SMAD5",
      "BMPR1A",
      "ZFYVE16",
      "SMAD1",
      "ACVR2A"
    ],
    "mean_pairwise_jaccard": 0.1082972582972583,
    "per_repeat_outer_fold": [
      [
        [
          "ACAD8",
          "HIBCH",
          "ACADSB",
          "AUH",
          "MCCC1",
          "DLD",
          "MCCC2",
          "BCKDK"
        ],
        [
          "MCCC1",
          "SLC25A44",
          "ACADSB",
          "HIBCH",
          "ALDH6A1",
          "ACAD8",
          "AUH",
          "DBT"
        ],
        [
          "SMAD1",
          "SMAD5",
          "SMAD4",
          "TGFBR3",
          "SMAD7",
          "BMPR1A",
          "ZFYVE16",
          "UBE2D1"
        ],
        [
          "PIP5K1B",
          "RAB4A",
          "PIK3CB",
          "RAB14",
          "PIK3R1",
          "MTMR2",
          "PLEKHA1",
          "PTPN13"
        ]
      ],
      [
        [
          "HACD3",
          "ACSL4",
          "HACD2",
          "ACSL3",
          "HACD1",
          "ELOVL1",
          "ACSL5",
          "HSD17B12"
        ],
        [
          "PTPN13",
          "PIK3CB",
          "PIK3R1",
          "RAB4A",
          "PIK3C2A",
          "PIP5K1B",
          "PLEKHA4",
          "MTMR2"
        ],
        [
          "TGFBR3",
          "SMAD5",
          "SMAD7",
          "BMP2",
          "SMAD1",
          "SKI",
          "BMPR1A",
          "UBE2D1"
        ],
        [
          "AUH",
          "HIBCH",
          "ACAD8",
          "MCCC1",
          "ACADSB",
          "SLC25A44",
          "ALDH6A1",
          "DLD"
        ]
      ]
    ]
  },
  "generalization": {
    "mean_source_increment_gap_months": 1.0233086786762193,
    "repeat_increment_range_months": 0.9164036997401936,
    "robust_selection_lcb": -10.935810519128065,
    "score_before_eligibility": -11.852214218868259
  },
  "limitations": [
    "Search uncertainty bootstraps fixed OOF predictions and does not refit the full pipeline in each draw.",
    "The two repeated cross-fits reuse patients and are stability views, not independent validation cohorts.",
    "Former train and validation rows are now adaptive development data; only the human-held test can provide one-shot confirmation.",
    "IPCW-AIPW validity requires adequate measured-confounder adjustment, treatment positivity, and conditionally independent censoring.",
    "Random row-level cross-validation does not establish transportability across source studies or expression platforms.",
    "Source-specific OOF metrics are adaptive diagnostics, not independent confirmation and not part of reward."
  ],
  "objective": "worst repeated-development OOF selection LCB minus the repeat increment range for A60(C+G)-A60(C), where A60(d)=V60(d)-V60(1-d)",
  "phase": "pooled_development_repeated_crossfit",
  "repeat_results": [
    {
      "constant_policy_values": {
        "all_act_months": 45.58308131205984,
        "all_observation_months": 45.87878458895055
      },
      "fold_seed": 20270821,
      "incremental_alignment_months": -1.8139817388364534,
      "models": {
        "clinical": {
          "act_mechanism": {
            "different_terminal_node_fraction": null,
            "patient_path_fraction": null,
            "reason": "RSF ACT-use diagnostics are not defined for causal survival forests",
            "role": "W supplied separately as treatment; ACT is absent from X",
            "tree_split_fraction": null
          },
          "act_recommended_fraction": 0.5261121856866537,
          "alignment_months": 5.09069014835665,
          "anti_policy_value_months": 43.18558787632687,
          "genomic_variable_importance_fraction": 0.0,
          "harrell_cindex": 0.6806047778943253,
          "mean_predicted_benefit_months": 0.5179525149674227,
          "median_absolute_predicted_benefit_months": 2.0672617638559565,
          "nontrivial_benefit_fraction": 0.941972920696325,
          "predicted_benefit_iqr_months": 4.264892378229913,
          "seed_agreement": 0.9970955174443547,
          "seed_tau_correlation": 0.9998719347525611,
          "value_months": 48.27627802468352
        },
        "clinical_plus_genomic": {
          "act_mechanism": {
            "different_terminal_node_fraction": null,
            "patient_path_fraction": null,
            "reason": "RSF ACT-use diagnostics are not defined for causal survival forests",
            "role": "W supplied separately as treatment; ACT is absent from X",
            "tree_split_fraction": null
          },
          "act_recommended_fraction": 0.7059961315280464,
          "alignment_months": 3.2767084095201966,
          "anti_policy_value_months": 44.092578745745094,
          "genomic_variable_importance_fraction": 0.8206639063160177,
          "harrell_cindex": 0.6769614627879119,
          "mean_predicted_benefit_months": 1.2193775090536776,
          "median_absolute_predicted_benefit_months": 1.65773470130289,
          "nontrivial_benefit_fraction": 0.925531914893617,
          "predicted_benefit_iqr_months": 2.9684531484535124,
          "seed_agreement": 0.9932320193948101,
          "seed_tau_correlation": 0.9990253172540936,
          "value_months": 47.36928715526529
        }
      },
      "overlap": {
        "iptw_effective_sample_size": 360.09137541217456,
        "raw_propensity_in_0_05_0_95_fraction": 0.8597678916827853
      },
      "paired_bootstrap": {
        "ci95_high": 3.939053276155613,
        "ci95_low": -7.972875140228448,
        "draws": 4000,
        "mean": -1.8314964351564789,
        "sd": 3.0558447325203812,
        "selection_lcb": -10.935810519128065,
        "selection_lcb_quantile_percent": 0.25
      },
      "repeat": 1,
      "source_diagnostics": {
        "former_train": {
          "clinical_alignment_months": 5.147199067978946,
          "genomic_act_recommended_fraction": 0.72,
          "genomic_alignment_months": 3.2556652781106195,
          "incremental_alignment_months": -1.8915337898683262,
          "n": 775
        },
        "former_validation": {
          "clinical_alignment_months": 4.921599751803463,
          "genomic_act_recommended_fraction": 0.6640926640926641,
          "genomic_alignment_months": 3.339675308525706,
          "incremental_alignment_months": -1.5819244432777566,
          "n": 259
        }
      }
    },
    {
      "constant_policy_values": {
        "all_act_months": 45.45844448084422,
        "all_observation_months": 45.89853700274033
      },
      "fold_seed": 20280821,
      "incremental_alignment_months": -2.730385438576647,
      "models": {
        "clinical": {
          "act_mechanism": {
            "different_terminal_node_fraction": null,
            "patient_path_fraction": null,
            "reason": "RSF ACT-use diagnostics are not defined for causal survival forests",
            "role": "W supplied separately as treatment; ACT is absent from X",
            "tree_split_fraction": null
          },
          "act_recommended_fraction": 0.5077369439071566,
          "alignment_months": 3.9480433005922606,
          "anti_policy_value_months": 43.70446909149615,
          "genomic_variable_importance_fraction": 0.0,
          "harrell_cindex": 0.6868735142784436,
          "mean_predicted_benefit_months": 0.4658759453701304,
          "median_absolute_predicted_benefit_months": 2.1809759457401268,
          "nontrivial_benefit_fraction": 0.9323017408123792,
          "predicted_benefit_iqr_months": 4.499016476859055,
          "seed_agreement": 0.9971005058214361,
          "seed_tau_correlation": 0.9998581403083927,
          "value_months": 47.65251239208841
        },
        "clinical_plus_genomic": {
          "act_mechanism": {
            "different_terminal_node_fraction": null,
            "patient_path_fraction": null,
            "reason": "RSF ACT-use diagnostics are not defined for causal survival forests",
            "role": "W supplied separately as treatment; ACT is absent from X",
            "tree_split_fraction": null
          },
          "act_recommended_fraction": 0.7021276595744681,
          "alignment_months": 1.2176578620156135,
          "anti_policy_value_months": 45.06966181078447,
          "genomic_variable_importance_fraction": 0.8090992865183076,
          "harrell_cindex": 0.6688803788551178,
          "mean_predicted_benefit_months": 1.2158694425675332,
          "median_absolute_predicted_benefit_months": 1.6157484191426015,
          "nontrivial_benefit_fraction": 0.9110251450676983,
          "predicted_benefit_iqr_months": 2.9415349962840036,
          "seed_agreement": 0.9929065277902487,
          "seed_tau_correlation": 0.9987876782093099,
          "value_months": 46.28731967280008
        }
      },
      "overlap": {
        "iptw_effective_sample_size": 384.54409173630137,
        "raw_propensity_in_0_05_0_95_fraction": 0.8771760154738878
      },
      "paired_bootstrap": {
        "ci95_high": 2.4614421205464425,
        "ci95_low": -8.187334441618306,
        "draws": 4000,
        "mean": -2.7312377851775027,
        "sd": 2.7093901032243655,
        "selection_lcb": -10.16693910005738,
        "selection_lcb_quantile_percent": 0.25
      },
      "repeat": 2,
      "source_diagnostics": {
        "former_train": {
          "clinical_alignment_months": 3.7145917575583525,
          "genomic_act_recommended_fraction": 0.7083870967741935,
          "genomic_alignment_months": 1.4192982675187622,
          "incremental_alignment_months": -2.2952934900395903,
          "n": 775
        },
        "former_validation": {
          "clinical_alignment_months": 4.64659521507599,
          "genomic_act_recommended_fraction": 0.6833976833976834,
          "genomic_alignment_months": 0.614293714274531,
          "incremental_alignment_months": -4.032301500801459,
          "n": 259
        }
      }
    }
  ],
  "reward": -1000000.0,
  "schema_version": 3
}

