[repeat 1 fold 1/4] selected=BCAT1,MUC1,ALDH6A1,MCCC1,KIT...
[repeat 1 fold 2/4] selected=GADD45A,CHRDL1,SMURF2,BTG1,CAV1...
[repeat 1 fold 3/4] selected=RPS27A,BCAT1,PYGL,ALDH6A1,ACAD8...
[repeat 1 fold 4/4] selected=BCAT1,RBBP5,PSIP1,MBIP,ACAD8...
[repeat 2 fold 1/4] selected=CHRDL1,SMURF2,NRIP1,BMP2,RORA...
[repeat 2 fold 2/4] selected=IGHM,IGKV2D-28,IGLV3-19,IGLV3-25,IGHA1...
[repeat 2 fold 3/4] selected=RBBP5,BCAT1,PSIP1,ALDH6A1,MCCC1...
[repeat 2 fold 4/4] selected=PIK3C2A,PLEKHA5,CHRDL1,SMURF2,BMP2...
{
  "budget": {
    "clinical_forest": {
      "max_depth": 9,
      "max_features": 1.0,
      "min_samples_leaf": 8,
      "min_samples_split": 16,
      "n_estimators": 1000
    },
    "forest_seeds": [
      42,
      43,
      44
    ],
    "inner_folds": 3,
    "max_experiments": 20,
    "max_selected_genes": 16,
    "max_total_features": 35,
    "max_trees_per_forest": 1000,
    "multiplicity_alpha": 0.05,
    "outer_folds": 4,
    "outer_repeats": 2,
    "patient_bootstraps": 4000,
    "schema_version": 2,
    "smoke_reductions_applied": false,
    "tau_months": 60.0,
    "wall_time_seconds": 1500
  },
  "candidate": {
    "benefit_threshold_months": 0.0,
    "module_count": 2,
    "n_genes": 8,
    "name": "v2_pathway8_signed_modules",
    "representation": "module",
    "rsf": {
      "max_depth": 9,
      "max_features": 1.0,
      "min_samples_leaf": 8,
      "min_samples_split": 16,
      "n_estimators": 1000
    },
    "selector": "dr_gene"
  },
  "data": {
    "confirmatory_validation_used": false,
    "development_act": 152,
    "development_events": 465,
    "development_n": 1034,
    "forest_seeds": [
      42,
      43,
      44
    ],
    "former_validation_used_as_development": true,
    "outer_folds": 4,
    "outer_repeats": 2,
    "reactome_collection_sha256": "5d61f289a2400cddfbb3a3353829fd2284a360bbe50f2093b566c4b7bea93341",
    "test_used": false,
    "train_sha256": "b93f3cee3858716bca8add447bc837c734e203f6cb37962b1081e3c118d2c65d",
    "validation_sha256": "824689aeaa34984727f2551bd512214164d0559d05cbec5817b0f88c9adb15a9"
  },
  "development_oof": {
    "constant_policy_values": {
      "all_act_months": 47.68124808718933,
      "all_observation_months": 45.5757939961694
    },
    "incremental_alignment_months": -1.9772147753741756,
    "models": {
      "clinical": {
        "act_recommended_fraction": 0.3733075435203095,
        "act_usage": {
          "patient_tree_paths_traversing_act_fraction": 0.2385888136686009,
          "per_patient_different_terminal_tree_fraction": {
            "mean": 0.2385888136686009,
            "median": 0.21199999999999997,
            "nonzero_patient_fraction": 1.0,
            "p10": 0.06271666666666667,
            "p90": 0.4571666666666666
          },
          "tree_contains_act_split_fraction": 0.8226666666666667
        },
        "alignment_months": 3.9309341180959443,
        "anti_policy_value_months": 44.20792630773067,
        "harrell_cindex": 0.6805807270492872,
        "mean_predicted_benefit_months": -1.1455981194633797,
        "median_absolute_predicted_benefit_months": 1.42677895956154,
        "nontrivial_benefit_fraction": 0.9390715667311411,
        "seed_agreement": 0.982110432691828,
        "value_months": 48.13886042582662
      },
      "clinical_plus_genomic": {
        "act_recommended_fraction": 0.3452611218568665,
        "act_usage": {
          "patient_tree_paths_traversing_act_fraction": 0.11872130883301096,
          "per_patient_different_terminal_tree_fraction": {
            "mean": 0.11872130883301096,
            "median": 0.09416666666666668,
            "nonzero_patient_fraction": 1.0,
            "p10": 0.027000000000000003,
            "p90": 0.2461166666666667
          },
          "tree_contains_act_split_fraction": 0.516875
        },
        "alignment_months": 1.9537193427217687,
        "anti_policy_value_months": 45.65166137031848,
        "harrell_cindex": 0.6696127658782127,
        "mean_predicted_benefit_months": -0.5391110407343283,
        "median_absolute_predicted_benefit_months": 0.6709647092045437,
        "nontrivial_benefit_fraction": 0.8704061895551257,
        "seed_agreement": 0.9719671914439356,
        "value_months": 47.60538071304025
      }
    },
    "overlap": {
      "iptw_effective_sample_size": 362.4041456031669,
      "raw_propensity_in_0_05_0_95_fraction": 0.870889748549323
    },
    "repeat_increment_max_months": -1.7305868970071714,
    "repeat_increment_min_months": -2.2238426537411797
  },
  "eligible": false,
  "estimator": "outer-cross-fitted IPCW-AIPW restricted-time policy value",
  "gates": {
    "all_repeat_cindex_drop_no_more_than_0_03": true,
    "all_repeat_genomic_alignment_positive": true,
    "all_repeat_genomic_increment_positive": false,
    "all_repeat_genomic_seed_agreement_at_least_0_85": true,
    "all_repeat_genomic_value_at_least_best_constant": false,
    "all_repeat_genomic_value_at_least_clinical": false,
    "all_repeat_iptw_effective_sample_size_at_least_0_30n": true,
    "all_repeat_nontrivial_benefit_fraction_at_least_0_10": true,
    "all_repeat_raw_propensity_overlap_at_least_0_80": true,
    "gene_selection_jaccard_at_least_0_10": true
  },
  "gene_selection": {
    "frequency": [
      {
        "count": 4,
        "gene": "ACAD8"
      },
      {
        "count": 4,
        "gene": "ALDH6A1"
      },
      {
        "count": 4,
        "gene": "BCAT1"
      },
      {
        "count": 4,
        "gene": "MCCC1"
      },
      {
        "count": 3,
        "gene": "BMP2"
      },
      {
        "count": 3,
        "gene": "CHRDL1"
      },
      {
        "count": 3,
        "gene": "SMURF2"
      },
      {
        "count": 3,
        "gene": "TGFBR3"
      },
      {
        "count": 2,
        "gene": "KAT2B"
      },
      {
        "count": 2,
        "gene": "MBIP"
      },
      {
        "count": 2,
        "gene": "PSIP1"
      },
      {
        "count": 2,
        "gene": "RBBP5"
      },
      {
        "count": 1,
        "gene": "AGL"
      },
      {
        "count": 1,
        "gene": "BTG1"
      },
      {
        "count": 1,
        "gene": "CAV1"
      },
      {
        "count": 1,
        "gene": "CD24"
      },
      {
        "count": 1,
        "gene": "CHD9"
      },
      {
        "count": 1,
        "gene": "GADD45A"
      },
      {
        "count": 1,
        "gene": "IGHA1"
      },
      {
        "count": 1,
        "gene": "IGHM"
      },
      {
        "count": 1,
        "gene": "IGKV1-17"
      },
      {
        "count": 1,
        "gene": "IGKV2D-28"
      },
      {
        "count": 1,
        "gene": "IGKV4-1"
      },
      {
        "count": 1,
        "gene": "IGLV2-14"
      },
      {
        "count": 1,
        "gene": "IGLV3-19"
      },
      {
        "count": 1,
        "gene": "IGLV3-25"
      },
      {
        "count": 1,
        "gene": "KIT"
      },
      {
        "count": 1,
        "gene": "KLF4"
      },
      {
        "count": 1,
        "gene": "MUC1"
      },
      {
        "count": 1,
        "gene": "NRIP1"
      },
      {
        "count": 1,
        "gene": "PHKB"
      },
      {
        "count": 1,
        "gene": "PIK3C2A"
      },
      {
        "count": 1,
        "gene": "PIK3R1"
      },
      {
        "count": 1,
        "gene": "PLEKHA5"
      },
      {
        "count": 1,
        "gene": "PTPN13"
      },
      {
        "count": 1,
        "gene": "PYGL"
      },
      {
        "count": 1,
        "gene": "RORA"
      },
      {
        "count": 1,
        "gene": "RPS27A"
      },
      {
        "count": 1,
        "gene": "SLPI"
      },
      {
        "count": 1,
        "gene": "TBL1XR1"
      }
    ],
    "full_development_modules": [
      [
        "SMURF2",
        "CHRDL1",
        "BMP2",
        "RORA"
      ],
      [
        "NRIP1",
        "TBL1XR1",
        "CHD9",
        "TGFBR3"
      ]
    ],
    "full_development_selection": [
      "SMURF2",
      "CHRDL1",
      "BMP2",
      "RORA",
      "NRIP1",
      "TBL1XR1",
      "CHD9",
      "TGFBR3"
    ],
    "mean_pairwise_jaccard": 0.13095238095238096,
    "per_repeat_outer_fold": [
      [
        [
          "BCAT1",
          "MUC1",
          "ALDH6A1",
          "MCCC1",
          "KIT",
          "SLPI",
          "ACAD8",
          "CD24"
        ],
        [
          "GADD45A",
          "CHRDL1",
          "SMURF2",
          "BTG1",
          "CAV1",
          "KLF4",
          "BMP2",
          "TGFBR3"
        ],
        [
          "RPS27A",
          "BCAT1",
          "PYGL",
          "ALDH6A1",
          "ACAD8",
          "MCCC1",
          "AGL",
          "PHKB"
        ],
        [
          "BCAT1",
          "RBBP5",
          "PSIP1",
          "MBIP",
          "ACAD8",
          "ALDH6A1",
          "MCCC1",
          "KAT2B"
        ]
      ],
      [
        [
          "CHRDL1",
          "SMURF2",
          "NRIP1",
          "BMP2",
          "RORA",
          "TGFBR3",
          "TBL1XR1",
          "CHD9"
        ],
        [
          "IGHM",
          "IGKV2D-28",
          "IGLV3-19",
          "IGLV3-25",
          "IGHA1",
          "IGKV1-17",
          "IGLV2-14",
          "IGKV4-1"
        ],
        [
          "RBBP5",
          "BCAT1",
          "PSIP1",
          "ALDH6A1",
          "MCCC1",
          "ACAD8",
          "MBIP",
          "KAT2B"
        ],
        [
          "PIK3C2A",
          "PLEKHA5",
          "CHRDL1",
          "SMURF2",
          "BMP2",
          "PIK3R1",
          "TGFBR3",
          "PTPN13"
        ]
      ]
    ]
  },
  "generalization": {
    "repeat_increment_range_months": 0.49325575673400834,
    "robust_selection_lcb": -7.321776420680435,
    "score_before_eligibility": -7.815032177414444
  },
  "limitations": [
    "Search uncertainty bootstraps fixed OOF predictions and does not refit the full pipeline in each draw.",
    "The two repeated cross-fits reuse patients and are stability views, not independent validation cohorts.",
    "Former train and validation rows are now adaptive development data; only the human-held test can provide one-shot confirmation.",
    "IPCW-AIPW validity requires adequate measured-confounder adjustment, treatment positivity, and conditionally independent censoring.",
    "Random row-level cross-validation does not establish transportability across source studies or expression platforms."
  ],
  "objective": "worst repeated-development OOF selection LCB minus the repeat increment range for A60(C+G)-A60(C), where A60(d)=V60(d)-V60(1-d)",
  "phase": "pooled_development_repeated_crossfit",
  "repeat_results": [
    {
      "constant_policy_values": {
        "all_act_months": 47.886747561482736,
        "all_observation_months": 45.569079147661455
      },
      "fold_seed": 20270821,
      "incremental_alignment_months": -1.7305868970071714,
      "models": {
        "clinical": {
          "act_recommended_fraction": 0.3665377176015474,
          "act_usage": {
            "patient_tree_paths_traversing_act_fraction": 0.24706060606060604,
            "per_patient_different_terminal_tree_fraction": {
              "mean": 0.24706060606060604,
              "median": 0.2243333333333333,
              "nonzero_patient_fraction": 1.0,
              "p10": 0.06733333333333334,
              "p90": 0.49899999999999994
            },
            "tree_contains_act_split_fraction": 0.8376666666666667
          },
          "alignment_months": 3.4868922845226322,
          "anti_policy_value_months": 44.33963208393055,
          "harrell_cindex": 0.6758535722487385,
          "mean_predicted_benefit_months": -1.217657771955445,
          "median_absolute_predicted_benefit_months": 1.490160820274756,
          "nontrivial_benefit_fraction": 0.9410058027079303,
          "seed_agreement": 0.9832390530064948,
          "value_months": 47.826524368453185
        },
        "clinical_plus_genomic": {
          "act_recommended_fraction": 0.3288201160541586,
          "act_usage": {
            "patient_tree_paths_traversing_act_fraction": 0.11722018052869117,
            "per_patient_different_terminal_tree_fraction": {
              "mean": 0.11722018052869117,
              "median": 0.09066666666666667,
              "nonzero_patient_fraction": 1.0,
              "p10": 0.02366666666666667,
              "p90": 0.23433333333333337
            },
            "tree_contains_act_split_fraction": 0.49974999999999997
          },
          "alignment_months": 1.7563053875154608,
          "anti_policy_value_months": 45.84976066081436,
          "harrell_cindex": 0.6609048083070067,
          "mean_predicted_benefit_months": -0.5878745443516308,
          "median_absolute_predicted_benefit_months": 0.6242905795253151,
          "nontrivial_benefit_fraction": 0.8500967117988395,
          "seed_agreement": 0.9703677930422117,
          "value_months": 47.60606604832982
        }
      },
      "overlap": {
        "iptw_effective_sample_size": 358.52908025250036,
        "raw_propensity_in_0_05_0_95_fraction": 0.8723404255319149
      },
      "paired_bootstrap": {
        "ci95_high": 2.030753568523778,
        "ci95_low": -5.312898197601883,
        "draws": 4000,
        "mean": -1.6908472144107136,
        "sd": 1.8913708977083197,
        "selection_lcb": -7.096318678516594,
        "selection_lcb_quantile_percent": 0.25
      },
      "repeat": 1
    },
    {
      "constant_policy_values": {
        "all_act_months": 47.47574861289593,
        "all_observation_months": 45.58250884467735
      },
      "fold_seed": 20280821,
      "incremental_alignment_months": -2.2238426537411797,
      "models": {
        "clinical": {
          "act_recommended_fraction": 0.38007736943907156,
          "act_usage": {
            "patient_tree_paths_traversing_act_fraction": 0.23011702127659575,
            "per_patient_different_terminal_tree_fraction": {
              "mean": 0.23011702127659575,
              "median": 0.19966666666666666,
              "nonzero_patient_fraction": 1.0,
              "p10": 0.0581,
              "p90": 0.41533333333333333
            },
            "tree_contains_act_split_fraction": 0.8076666666666666
          },
          "alignment_months": 4.374975951669256,
          "anti_policy_value_months": 44.076220531530794,
          "harrell_cindex": 0.6853078818498358,
          "mean_predicted_benefit_months": -1.0735384669713144,
          "median_absolute_predicted_benefit_months": 1.3633970988483242,
          "nontrivial_benefit_fraction": 0.937137330754352,
          "seed_agreement": 0.9809818123771612,
          "value_months": 48.45119648320005
        },
        "clinical_plus_genomic": {
          "act_recommended_fraction": 0.3617021276595745,
          "act_usage": {
            "patient_tree_paths_traversing_act_fraction": 0.12022243713733076,
            "per_patient_different_terminal_tree_fraction": {
              "mean": 0.12022243713733076,
              "median": 0.09766666666666668,
              "nonzero_patient_fraction": 1.0,
              "p10": 0.030333333333333334,
              "p90": 0.2579
            },
            "tree_contains_act_split_fraction": 0.534
          },
          "alignment_months": 2.1511332979280766,
          "anti_policy_value_months": 45.4535620798226,
          "harrell_cindex": 0.6783207234494187,
          "mean_predicted_benefit_months": -0.49034753711702583,
          "median_absolute_predicted_benefit_months": 0.7176388388837722,
          "nontrivial_benefit_fraction": 0.8907156673114119,
          "seed_agreement": 0.9735665898456597,
          "value_months": 47.60469537775068
        }
      },
      "overlap": {
        "iptw_effective_sample_size": 366.27921095383346,
        "raw_propensity_in_0_05_0_95_fraction": 0.8694390715667312
      },
      "paired_bootstrap": {
        "ci95_high": 1.1489529942670906,
        "ci95_low": -5.579094735890988,
        "draws": 4000,
        "mean": -2.1821930663783484,
        "sd": 1.7144074773151448,
        "selection_lcb": -7.321776420680435,
        "selection_lcb_quantile_percent": 0.25
      },
      "repeat": 2
    }
  ],
  "reward": -1000000.0,
  "schema_version": 2
}

