/Users/owensun/miniconda3/lib/python3.10/site-packages/sklearn/pipeline.py:427: ConvergenceWarning: Optimization did not converge: Maximum number of iterations has been exceeded.
  self._final_estimator.fit(Xt, y, **fit_params_last_step)
[repeat 1 fold 1/4] selected=ATP10D,ATP2C1,SRI,ATP1B1,ATP1B3...
[repeat 1 fold 2/4] selected=TGFBR3,SMAD7,SMAD5,SKI,SNAI2...
[repeat 1 fold 3/4] selected=PHYH,SCP2,ECI2,ACOX1,CHD9...
[repeat 1 fold 4/4] selected=TBL1XR1,EP300,SIRT1,PGRMC2,BMI1...
[repeat 2 fold 1/4] selected=CHD9,EP300,SIRT1,PGRMC2,ATP10D...
[repeat 2 fold 2/4] selected=IGKV4-1,IGLV2-14,IGKV1D-39,IGLC2,IGKV2D-28...
[repeat 2 fold 3/4] selected=PTPN13,SACM1L,MTMR2,RAB4A,CHD9...
[repeat 2 fold 4/4] selected=PHYH,SCP2,ECI2,ACOX1,TGFBR3...
{
  "budget": {
    "clinical_forest": {
      "max_depth": 9,
      "max_features": 1.0,
      "min_samples_leaf": 8,
      "min_samples_split": 16,
      "n_estimators": 1000
    },
    "forest_seeds": [
      42,
      43,
      44
    ],
    "inner_folds": 3,
    "max_experiments": 20,
    "max_selected_genes": 16,
    "max_total_features": 35,
    "max_trees_per_forest": 1000,
    "multiplicity_alpha": 0.05,
    "outer_folds": 4,
    "outer_repeats": 2,
    "patient_bootstraps": 4000,
    "schema_version": 2,
    "smoke_reductions_applied": false,
    "tau_months": 60.0,
    "wall_time_seconds": 1500
  },
  "candidate": {
    "benefit_threshold_months": 0.0,
    "module_count": 1,
    "n_genes": 8,
    "name": "v2_pathway8_one_module_mtry035_pool4_iqr70_s100",
    "representation": "module",
    "rsf": {
      "max_depth": 9,
      "max_features": 0.35,
      "min_samples_leaf": 8,
      "min_samples_split": 16,
      "n_estimators": 1000
    },
    "selector": "dr_gene"
  },
  "data": {
    "confirmatory_validation_used": false,
    "development_act": 152,
    "development_events": 465,
    "development_n": 1034,
    "forest_seeds": [
      42,
      43,
      44
    ],
    "former_validation_used_as_development": true,
    "outer_folds": 4,
    "outer_repeats": 2,
    "reactome_collection_sha256": "5d61f289a2400cddfbb3a3353829fd2284a360bbe50f2093b566c4b7bea93341",
    "test_used": false,
    "train_sha256": "b93f3cee3858716bca8add447bc837c734e203f6cb37962b1081e3c118d2c65d",
    "validation_sha256": "824689aeaa34984727f2551bd512214164d0559d05cbec5817b0f88c9adb15a9"
  },
  "development_oof": {
    "constant_policy_values": {
      "all_act_months": 47.589867996749575,
      "all_observation_months": 45.56677551870801
    },
    "incremental_alignment_months": 0.766963636471214,
    "models": {
      "clinical": {
        "act_recommended_fraction": 0.3733075435203095,
        "act_usage": {
          "patient_tree_paths_traversing_act_fraction": 0.2385888136686009,
          "per_patient_different_terminal_tree_fraction": {
            "mean": 0.2385888136686009,
            "median": 0.21199999999999997,
            "nonzero_patient_fraction": 1.0,
            "p10": 0.06271666666666667,
            "p90": 0.4571666666666666
          },
          "tree_contains_act_split_fraction": 0.8226666666666667
        },
        "alignment_months": 3.9309341180959443,
        "anti_policy_value_months": 44.20792630773067,
        "harrell_cindex": 0.6805807270492872,
        "mean_predicted_benefit_months": -1.1455981194633797,
        "median_absolute_predicted_benefit_months": 1.42677895956154,
        "nontrivial_benefit_fraction": 0.9390715667311411,
        "seed_agreement": 0.982110432691828,
        "value_months": 48.13886042582662
      },
      "clinical_plus_genomic": {
        "act_recommended_fraction": 0.3829787234042553,
        "act_usage": {
          "patient_tree_paths_traversing_act_fraction": 0.1714642166344294,
          "per_patient_different_terminal_tree_fraction": {
            "mean": 0.1714642166344294,
            "median": 0.1615,
            "nonzero_patient_fraction": 1.0,
            "p10": 0.09271666666666667,
            "p90": 0.26811666666666667
          },
          "tree_contains_act_split_fraction": 0.7041666666666666
        },
        "alignment_months": 4.697897754567158,
        "anti_policy_value_months": 44.22937288044521,
        "harrell_cindex": 0.6897006523209841,
        "mean_predicted_benefit_months": -0.3199073079980953,
        "median_absolute_predicted_benefit_months": 0.9832065771766096,
        "nontrivial_benefit_fraction": 0.9482591876208897,
        "seed_agreement": 0.9782431933594725,
        "value_months": 48.92727063501237
      }
    },
    "overlap": {
      "iptw_effective_sample_size": 362.4041456031669,
      "raw_propensity_in_0_05_0_95_fraction": 0.870889748549323
    },
    "repeat_increment_max_months": 0.8343856912180385,
    "repeat_increment_min_months": 0.6995415817243895
  },
  "eligible": false,
  "estimator": "outer-cross-fitted IPCW-AIPW restricted-time policy value",
  "gates": {
    "all_repeat_cindex_drop_no_more_than_0_03": true,
    "all_repeat_genomic_alignment_positive": true,
    "all_repeat_genomic_increment_positive": true,
    "all_repeat_genomic_seed_agreement_at_least_0_85": true,
    "all_repeat_genomic_value_at_least_best_constant": true,
    "all_repeat_genomic_value_at_least_clinical": true,
    "all_repeat_iptw_effective_sample_size_at_least_0_30n": true,
    "all_repeat_nontrivial_benefit_fraction_at_least_0_10": true,
    "all_repeat_raw_propensity_overlap_at_least_0_80": true,
    "gene_selection_jaccard_at_least_0_10": false
  },
  "gene_selection": {
    "frequency": [
      {
        "count": 4,
        "gene": "EP300"
      },
      {
        "count": 4,
        "gene": "PGRMC2"
      },
      {
        "count": 3,
        "gene": "CHD9"
      },
      {
        "count": 3,
        "gene": "SIRT1"
      },
      {
        "count": 2,
        "gene": "ACOX1"
      },
      {
        "count": 2,
        "gene": "ATP10D"
      },
      {
        "count": 2,
        "gene": "ATP1B1"
      },
      {
        "count": 2,
        "gene": "ATP1B3"
      },
      {
        "count": 2,
        "gene": "ATP2C1"
      },
      {
        "count": 2,
        "gene": "BMI1"
      },
      {
        "count": 2,
        "gene": "ECI2"
      },
      {
        "count": 2,
        "gene": "PHYH"
      },
      {
        "count": 2,
        "gene": "SCP2"
      },
      {
        "count": 2,
        "gene": "SMAD5"
      },
      {
        "count": 2,
        "gene": "SMAD7"
      },
      {
        "count": 2,
        "gene": "TGFBR3"
      },
      {
        "count": 1,
        "gene": "CLIC2"
      },
      {
        "count": 1,
        "gene": "DDX17"
      },
      {
        "count": 1,
        "gene": "FXYD3"
      },
      {
        "count": 1,
        "gene": "FXYD6"
      },
      {
        "count": 1,
        "gene": "IGKV1-17"
      },
      {
        "count": 1,
        "gene": "IGKV1D-39"
      },
      {
        "count": 1,
        "gene": "IGKV2D-28"
      },
      {
        "count": 1,
        "gene": "IGKV4-1"
      },
      {
        "count": 1,
        "gene": "IGLC2"
      },
      {
        "count": 1,
        "gene": "IGLV2-14"
      },
      {
        "count": 1,
        "gene": "IGLV3-19"
      },
      {
        "count": 1,
        "gene": "IGLV3-25"
      },
      {
        "count": 1,
        "gene": "JUN"
      },
      {
        "count": 1,
        "gene": "MEF2C"
      },
      {
        "count": 1,
        "gene": "MTMR2"
      },
      {
        "count": 1,
        "gene": "PTPN13"
      },
      {
        "count": 1,
        "gene": "RAB4A"
      },
      {
        "count": 1,
        "gene": "RRAGD"
      },
      {
        "count": 1,
        "gene": "SACM1L"
      },
      {
        "count": 1,
        "gene": "SKI"
      },
      {
        "count": 1,
        "gene": "SMAD1"
      },
      {
        "count": 1,
        "gene": "SNAI2"
      },
      {
        "count": 1,
        "gene": "SRI"
      },
      {
        "count": 1,
        "gene": "SUMO1"
      },
      {
        "count": 1,
        "gene": "TBL1XR1"
      },
      {
        "count": 1,
        "gene": "ZNF131"
      }
    ],
    "full_development_modules": [
      [
        "TGFBR3",
        "SMAD7",
        "SMAD5",
        "BMPR1A",
        "PTPN13",
        "SACM1L",
        "MTMR2",
        "RAB4A"
      ]
    ],
    "full_development_selection": [
      "TGFBR3",
      "SMAD7",
      "SMAD5",
      "BMPR1A",
      "PTPN13",
      "SACM1L",
      "MTMR2",
      "RAB4A"
    ],
    "mean_pairwise_jaccard": 0.08440607012035584,
    "per_repeat_outer_fold": [
      [
        [
          "ATP10D",
          "ATP2C1",
          "SRI",
          "ATP1B1",
          "ATP1B3",
          "FXYD6",
          "FXYD3",
          "CLIC2"
        ],
        [
          "TGFBR3",
          "SMAD7",
          "SMAD5",
          "SKI",
          "SNAI2",
          "JUN",
          "RRAGD",
          "BMI1"
        ],
        [
          "PHYH",
          "SCP2",
          "ECI2",
          "ACOX1",
          "CHD9",
          "EP300",
          "SIRT1",
          "PGRMC2"
        ],
        [
          "TBL1XR1",
          "EP300",
          "SIRT1",
          "PGRMC2",
          "BMI1",
          "SUMO1",
          "ZNF131",
          "DDX17"
        ]
      ],
      [
        [
          "CHD9",
          "EP300",
          "SIRT1",
          "PGRMC2",
          "ATP10D",
          "ATP1B3",
          "ATP2C1",
          "ATP1B1"
        ],
        [
          "IGKV4-1",
          "IGLV2-14",
          "IGKV1D-39",
          "IGLC2",
          "IGKV2D-28",
          "IGLV3-25",
          "IGKV1-17",
          "IGLV3-19"
        ],
        [
          "PTPN13",
          "SACM1L",
          "MTMR2",
          "RAB4A",
          "CHD9",
          "MEF2C",
          "EP300",
          "PGRMC2"
        ],
        [
          "PHYH",
          "SCP2",
          "ECI2",
          "ACOX1",
          "TGFBR3",
          "SMAD7",
          "SMAD5",
          "SMAD1"
        ]
      ]
    ]
  },
  "generalization": {
    "repeat_increment_range_months": 0.134844109493649,
    "robust_selection_lcb": -3.5086710328378046,
    "score_before_eligibility": -3.6435151423314536
  },
  "limitations": [
    "Search uncertainty bootstraps fixed OOF predictions and does not refit the full pipeline in each draw.",
    "The two repeated cross-fits reuse patients and are stability views, not independent validation cohorts.",
    "Former train and validation rows are now adaptive development data; only the human-held test can provide one-shot confirmation.",
    "IPCW-AIPW validity requires adequate measured-confounder adjustment, treatment positivity, and conditionally independent censoring.",
    "Random row-level cross-validation does not establish transportability across source studies or expression platforms."
  ],
  "objective": "worst repeated-development OOF selection LCB minus the repeat increment range for A60(C+G)-A60(C), where A60(d)=V60(d)-V60(1-d)",
  "phase": "pooled_development_repeated_crossfit",
  "repeat_results": [
    {
      "constant_policy_values": {
        "all_act_months": 47.584692971501106,
        "all_observation_months": 45.57382098795484
      },
      "fold_seed": 20270821,
      "incremental_alignment_months": 0.6995415817243895,
      "models": {
        "clinical": {
          "act_recommended_fraction": 0.3665377176015474,
          "act_usage": {
            "patient_tree_paths_traversing_act_fraction": 0.24706060606060604,
            "per_patient_different_terminal_tree_fraction": {
              "mean": 0.24706060606060604,
              "median": 0.2243333333333333,
              "nonzero_patient_fraction": 1.0,
              "p10": 0.06733333333333334,
              "p90": 0.49899999999999994
            },
            "tree_contains_act_split_fraction": 0.8376666666666667
          },
          "alignment_months": 3.4868922845226322,
          "anti_policy_value_months": 44.33963208393055,
          "harrell_cindex": 0.6758535722487385,
          "mean_predicted_benefit_months": -1.217657771955445,
          "median_absolute_predicted_benefit_months": 1.490160820274756,
          "nontrivial_benefit_fraction": 0.9410058027079303,
          "seed_agreement": 0.9832390530064948,
          "value_months": 47.826524368453185
        },
        "clinical_plus_genomic": {
          "act_recommended_fraction": 0.38104448742746616,
          "act_usage": {
            "patient_tree_paths_traversing_act_fraction": 0.16829432624113475,
            "per_patient_different_terminal_tree_fraction": {
              "mean": 0.16829432624113475,
              "median": 0.15966666666666668,
              "nonzero_patient_fraction": 1.0,
              "p10": 0.08743333333333334,
              "p90": 0.26256666666666667
            },
            "tree_contains_act_split_fraction": 0.7020000000000001
          },
          "alignment_months": 4.186433866247022,
          "anti_policy_value_months": 44.48604004660446,
          "harrell_cindex": 0.6870690243735919,
          "mean_predicted_benefit_months": -0.3226162879611412,
          "median_absolute_predicted_benefit_months": 0.9521165394169095,
          "nontrivial_benefit_fraction": 0.9429400386847195,
          "seed_agreement": 0.9787245717478277,
          "value_months": 48.67247391285148
        }
      },
      "overlap": {
        "iptw_effective_sample_size": 358.52908025250036,
        "raw_propensity_in_0_05_0_95_fraction": 0.8723404255319149
      },
      "paired_bootstrap": {
        "ci95_high": 3.0334444758001498,
        "ci95_low": -1.8728969126498884,
        "draws": 4000,
        "mean": 0.7067958843453657,
        "sd": 1.2238392381272418,
        "selection_lcb": -3.1061318304897614,
        "selection_lcb_quantile_percent": 0.25
      },
      "repeat": 1
    },
    {
      "constant_policy_values": {
        "all_act_months": 47.59504302199804,
        "all_observation_months": 45.55973004946119
      },
      "fold_seed": 20280821,
      "incremental_alignment_months": 0.8343856912180385,
      "models": {
        "clinical": {
          "act_recommended_fraction": 0.38007736943907156,
          "act_usage": {
            "patient_tree_paths_traversing_act_fraction": 0.23011702127659575,
            "per_patient_different_terminal_tree_fraction": {
              "mean": 0.23011702127659575,
              "median": 0.19966666666666666,
              "nonzero_patient_fraction": 1.0,
              "p10": 0.0581,
              "p90": 0.41533333333333333
            },
            "tree_contains_act_split_fraction": 0.8076666666666666
          },
          "alignment_months": 4.374975951669256,
          "anti_policy_value_months": 44.076220531530794,
          "harrell_cindex": 0.6853078818498358,
          "mean_predicted_benefit_months": -1.0735384669713144,
          "median_absolute_predicted_benefit_months": 1.3633970988483242,
          "nontrivial_benefit_fraction": 0.937137330754352,
          "seed_agreement": 0.9809818123771612,
          "value_months": 48.45119648320005
        },
        "clinical_plus_genomic": {
          "act_recommended_fraction": 0.3849129593810445,
          "act_usage": {
            "patient_tree_paths_traversing_act_fraction": 0.17463410702772403,
            "per_patient_different_terminal_tree_fraction": {
              "mean": 0.17463410702772403,
              "median": 0.16333333333333333,
              "nonzero_patient_fraction": 1.0,
              "p10": 0.09800000000000002,
              "p90": 0.27366666666666667
            },
            "tree_contains_act_split_fraction": 0.7063333333333333
          },
          "alignment_months": 5.209361642887295,
          "anti_policy_value_months": 43.972705714285965,
          "harrell_cindex": 0.6923322802683763,
          "mean_predicted_benefit_months": -0.31719832803504944,
          "median_absolute_predicted_benefit_months": 1.0142966149363097,
          "nontrivial_benefit_fraction": 0.9535783365570599,
          "seed_agreement": 0.9777618149711174,
          "value_months": 49.18206735717326
        }
      },
      "overlap": {
        "iptw_effective_sample_size": 366.27921095383346,
        "raw_propensity_in_0_05_0_95_fraction": 0.8694390715667312
      },
      "paired_bootstrap": {
        "ci95_high": 3.7847670084914853,
        "ci95_low": -2.1378145808322366,
        "draws": 4000,
        "mean": 0.8127040914388468,
        "sd": 1.4930903555672859,
        "selection_lcb": -3.5086710328378046,
        "selection_lcb_quantile_percent": 0.25
      },
      "repeat": 2
    }
  ],
  "reward": -1000000.0,
  "schema_version": 2
}

