/Users/owensun/miniconda3/lib/python3.10/site-packages/sklearn/model_selection/_split.py:737: UserWarning: The least populated class in y has only 2 members, which is less than n_splits=3.
  warnings.warn(
/Users/owensun/miniconda3/lib/python3.10/site-packages/sklearn/model_selection/_split.py:737: UserWarning: The least populated class in y has only 1 members, which is less than n_splits=3.
  warnings.warn(
/Users/owensun/miniconda3/lib/python3.10/site-packages/sklearn/model_selection/_split.py:737: UserWarning: The least populated class in y has only 2 members, which is less than n_splits=3.
  warnings.warn(
/Users/owensun/miniconda3/lib/python3.10/site-packages/sklearn/model_selection/_split.py:737: UserWarning: The least populated class in y has only 2 members, which is less than n_splits=3.
  warnings.warn(
/Users/owensun/miniconda3/lib/python3.10/site-packages/sklearn/model_selection/_split.py:737: UserWarning: The least populated class in y has only 2 members, which is less than n_splits=3.
  warnings.warn(
/Users/owensun/miniconda3/lib/python3.10/site-packages/sklearn/model_selection/_split.py:737: UserWarning: The least populated class in y has only 2 members, which is less than n_splits=3.
  warnings.warn(
/Users/owensun/miniconda3/lib/python3.10/site-packages/sklearn/model_selection/_split.py:737: UserWarning: The least populated class in y has only 2 members, which is less than n_splits=3.
  warnings.warn(
/Users/owensun/miniconda3/lib/python3.10/site-packages/sklearn/model_selection/_split.py:737: UserWarning: The least populated class in y has only 2 members, which is less than n_splits=3.
  warnings.warn(
/Users/owensun/miniconda3/lib/python3.10/site-packages/sklearn/model_selection/_split.py:737: UserWarning: The least populated class in y has only 2 members, which is less than n_splits=3.
  warnings.warn(
/Users/owensun/miniconda3/lib/python3.10/site-packages/sklearn/model_selection/_split.py:737: UserWarning: The least populated class in y has only 2 members, which is less than n_splits=3.
  warnings.warn(
/Users/owensun/miniconda3/lib/python3.10/site-packages/sklearn/model_selection/_split.py:737: UserWarning: The least populated class in y has only 2 members, which is less than n_splits=3.
  warnings.warn(
[repeat 1 fold 1/4] selected=ACAD8,MCCC1,DLD,HIBCH,CHRDL1...
/Users/owensun/miniconda3/lib/python3.10/site-packages/sklearn/model_selection/_split.py:737: UserWarning: The least populated class in y has only 1 members, which is less than n_splits=3.
  warnings.warn(
/Users/owensun/miniconda3/lib/python3.10/site-packages/sklearn/model_selection/_split.py:737: UserWarning: The least populated class in y has only 2 members, which is less than n_splits=3.
  warnings.warn(
/Users/owensun/miniconda3/lib/python3.10/site-packages/sklearn/model_selection/_split.py:737: UserWarning: The least populated class in y has only 2 members, which is less than n_splits=3.
  warnings.warn(
/Users/owensun/miniconda3/lib/python3.10/site-packages/sklearn/model_selection/_split.py:737: UserWarning: The least populated class in y has only 2 members, which is less than n_splits=3.
  warnings.warn(
/Users/owensun/miniconda3/lib/python3.10/site-packages/sklearn/model_selection/_split.py:737: UserWarning: The least populated class in y has only 2 members, which is less than n_splits=3.
  warnings.warn(
[repeat 1 fold 2/4] selected=ACAD8,ALDH6A1,MCCC1,HIBCH,TBL1XR1...
/Users/owensun/miniconda3/lib/python3.10/site-packages/sklearn/model_selection/_split.py:737: UserWarning: The least populated class in y has only 2 members, which is less than n_splits=3.
  warnings.warn(
/Users/owensun/miniconda3/lib/python3.10/site-packages/sklearn/model_selection/_split.py:737: UserWarning: The least populated class in y has only 2 members, which is less than n_splits=3.
  warnings.warn(
/Users/owensun/miniconda3/lib/python3.10/site-packages/sklearn/model_selection/_split.py:737: UserWarning: The least populated class in y has only 2 members, which is less than n_splits=3.
  warnings.warn(
[repeat 1 fold 3/4] selected=TGFBR3,SMAD7,SMAD5,SKI,TBL1XR1...
/Users/owensun/miniconda3/lib/python3.10/site-packages/sklearn/model_selection/_split.py:737: UserWarning: The least populated class in y has only 2 members, which is less than n_splits=3.
  warnings.warn(
/Users/owensun/miniconda3/lib/python3.10/site-packages/sklearn/model_selection/_split.py:737: UserWarning: The least populated class in y has only 2 members, which is less than n_splits=3.
  warnings.warn(
/Users/owensun/miniconda3/lib/python3.10/site-packages/sklearn/model_selection/_split.py:737: UserWarning: The least populated class in y has only 2 members, which is less than n_splits=3.
  warnings.warn(
/Users/owensun/miniconda3/lib/python3.10/site-packages/sksurv/linear_model/coxph.py:170: RuntimeWarning: overflow encountered in exp
  risk_set2 += np.exp(xw[k])
[repeat 1 fold 4/4] selected=PTPN13,PIK3C2A,PIK3R1,PLEKHA2,TNFAIP8...
/Users/owensun/miniconda3/lib/python3.10/site-packages/sklearn/model_selection/_split.py:737: UserWarning: The least populated class in y has only 2 members, which is less than n_splits=3.
  warnings.warn(
/Users/owensun/miniconda3/lib/python3.10/site-packages/sklearn/model_selection/_split.py:737: UserWarning: The least populated class in y has only 1 members, which is less than n_splits=3.
  warnings.warn(
/Users/owensun/miniconda3/lib/python3.10/site-packages/sklearn/model_selection/_split.py:737: UserWarning: The least populated class in y has only 2 members, which is less than n_splits=3.
  warnings.warn(
/Users/owensun/miniconda3/lib/python3.10/site-packages/sklearn/model_selection/_split.py:737: UserWarning: The least populated class in y has only 2 members, which is less than n_splits=3.
  warnings.warn(
/Users/owensun/miniconda3/lib/python3.10/site-packages/sklearn/model_selection/_split.py:737: UserWarning: The least populated class in y has only 2 members, which is less than n_splits=3.
  warnings.warn(
/Users/owensun/miniconda3/lib/python3.10/site-packages/sklearn/model_selection/_split.py:737: UserWarning: The least populated class in y has only 2 members, which is less than n_splits=3.
  warnings.warn(
/Users/owensun/miniconda3/lib/python3.10/site-packages/sklearn/model_selection/_split.py:737: UserWarning: The least populated class in y has only 2 members, which is less than n_splits=3.
  warnings.warn(
/Users/owensun/miniconda3/lib/python3.10/site-packages/sklearn/model_selection/_split.py:737: UserWarning: The least populated class in y has only 2 members, which is less than n_splits=3.
  warnings.warn(
/Users/owensun/miniconda3/lib/python3.10/site-packages/sklearn/model_selection/_split.py:737: UserWarning: The least populated class in y has only 2 members, which is less than n_splits=3.
  warnings.warn(
/Users/owensun/miniconda3/lib/python3.10/site-packages/sklearn/model_selection/_split.py:737: UserWarning: The least populated class in y has only 2 members, which is less than n_splits=3.
  warnings.warn(
/Users/owensun/miniconda3/lib/python3.10/site-packages/sklearn/model_selection/_split.py:737: UserWarning: The least populated class in y has only 2 members, which is less than n_splits=3.
  warnings.warn(
[repeat 2 fold 1/4] selected=ACSL3,HACD3,HACD1,ACSL4,ACAD8...
/Users/owensun/miniconda3/lib/python3.10/site-packages/sklearn/model_selection/_split.py:737: UserWarning: The least populated class in y has only 1 members, which is less than n_splits=3.
  warnings.warn(
/Users/owensun/miniconda3/lib/python3.10/site-packages/sklearn/model_selection/_split.py:737: UserWarning: The least populated class in y has only 2 members, which is less than n_splits=3.
  warnings.warn(
/Users/owensun/miniconda3/lib/python3.10/site-packages/sklearn/model_selection/_split.py:737: UserWarning: The least populated class in y has only 2 members, which is less than n_splits=3.
  warnings.warn(
/Users/owensun/miniconda3/lib/python3.10/site-packages/sklearn/model_selection/_split.py:737: UserWarning: The least populated class in y has only 2 members, which is less than n_splits=3.
  warnings.warn(
/Users/owensun/miniconda3/lib/python3.10/site-packages/sklearn/model_selection/_split.py:737: UserWarning: The least populated class in y has only 2 members, which is less than n_splits=3.
  warnings.warn(
[repeat 2 fold 2/4] selected=PTPN13,PIK3C2A,PIK3R1,MTMR6,ACAD8...
/Users/owensun/miniconda3/lib/python3.10/site-packages/sklearn/model_selection/_split.py:737: UserWarning: The least populated class in y has only 2 members, which is less than n_splits=3.
  warnings.warn(
/Users/owensun/miniconda3/lib/python3.10/site-packages/sklearn/model_selection/_split.py:737: UserWarning: The least populated class in y has only 2 members, which is less than n_splits=3.
  warnings.warn(
/Users/owensun/miniconda3/lib/python3.10/site-packages/sklearn/model_selection/_split.py:737: UserWarning: The least populated class in y has only 2 members, which is less than n_splits=3.
  warnings.warn(
[repeat 2 fold 3/4] selected=BMP2,TGFBR3,SMAD7,SMAD5,AGL...
/Users/owensun/miniconda3/lib/python3.10/site-packages/sklearn/model_selection/_split.py:737: UserWarning: The least populated class in y has only 2 members, which is less than n_splits=3.
  warnings.warn(
/Users/owensun/miniconda3/lib/python3.10/site-packages/sklearn/model_selection/_split.py:737: UserWarning: The least populated class in y has only 2 members, which is less than n_splits=3.
  warnings.warn(
/Users/owensun/miniconda3/lib/python3.10/site-packages/sklearn/model_selection/_split.py:737: UserWarning: The least populated class in y has only 2 members, which is less than n_splits=3.
  warnings.warn(
[repeat 2 fold 4/4] selected=ACAD8,ALDH6A1,MCCC1,HIBCH,UBE2S...
/Users/owensun/miniconda3/lib/python3.10/site-packages/sklearn/model_selection/_split.py:737: UserWarning: The least populated class in y has only 2 members, which is less than n_splits=3.
  warnings.warn(
/Users/owensun/miniconda3/lib/python3.10/site-packages/sklearn/model_selection/_split.py:737: UserWarning: The least populated class in y has only 2 members, which is less than n_splits=3.
  warnings.warn(
/Users/owensun/miniconda3/lib/python3.10/site-packages/sklearn/model_selection/_split.py:737: UserWarning: The least populated class in y has only 2 members, which is less than n_splits=3.
  warnings.warn(
{
  "budget": {
    "forest_seeds": [
      42,
      43,
      44
    ],
    "full_run_forest_accounting": {
      "causal_forests": 48,
      "internal_nuisance_survival_forests": 96,
      "maximum_total_trees": 88000,
      "maximum_trees_per_internal_nuisance_forest": 250,
      "secondary_prognostic_forests": 16
    },
    "grf_version": "2.6.1",
    "inner_folds": 3,
    "locked_model_rules": {
      "benefit_threshold_months": 0.0,
      "honesty": true,
      "honesty_prune_leaves": true,
      "horizon_months": 60.0,
      "matched_clinical_and_genomic_geometry": true,
      "mtry": "all",
      "nuisance_time_grid_points": 121,
      "stabilize_splits": true,
      "target": "RMST",
      "tune_parameters": "none"
    },
    "max_experiments": 20,
    "max_selected_genes": 16,
    "max_total_features": 34,
    "max_trees_per_forest": 1000,
    "multiplicity_alpha": 0.05,
    "outer_folds": 4,
    "outer_repeats": 2,
    "patient_bootstraps": 4000,
    "r_num_threads": 2,
    "rscript_executable": "Rscript",
    "schema_version": 3,
    "smoke_reductions_applied": false,
    "smoke_train_sha256": "d53b4e23a695b82f8955cc4012f745fe71bf49379026052d5bfa014aeb75ad22",
    "smoke_trees": 40,
    "tau_months": 60.0,
    "wall_time_seconds": 1800
  },
  "candidate": {
    "benefit_threshold_months": 0.0,
    "csf": {
      "alpha": 0.05,
      "honesty": true,
      "honesty_fraction": 0.5,
      "imbalance_penalty": 0.0,
      "min_node_size": 5,
      "mtry": "all",
      "num_trees": 1000,
      "sample_fraction": 0.5,
      "stabilize_splits": true
    },
    "module_count": 2,
    "n_genes": 8,
    "name": "csf_pathway8_module2_honest_s100",
    "representation": "module",
    "selector": "dr_gene"
  },
  "data": {
    "confirmatory_validation_used": false,
    "development_act": 152,
    "development_events": 465,
    "development_n": 1034,
    "forest_seeds": [
      42,
      43,
      44
    ],
    "former_train_n": 775,
    "former_validation_n": 259,
    "former_validation_used_as_development": true,
    "outer_folds": 4,
    "outer_repeats": 2,
    "reactome_collection_sha256": "5d61f289a2400cddfbb3a3353829fd2284a360bbe50f2093b566c4b7bea93341",
    "test_used": false,
    "train_sha256": "b93f3cee3858716bca8add447bc837c734e203f6cb37962b1081e3c118d2c65d",
    "validation_sha256": "824689aeaa34984727f2551bd512214164d0559d05cbec5817b0f88c9adb15a9"
  },
  "development_oof": {
    "constant_policy_values": {
      "all_act_months": 45.52076289645203,
      "all_observation_months": 45.88866079584544
    },
    "incremental_alignment_months": -4.588986262490508,
    "models": {
      "clinical": {
        "act_mechanism": {
          "different_terminal_node_fraction": null,
          "patient_path_fraction": null,
          "reason": "RSF ACT-use diagnostics are not defined for causal survival forests",
          "role": "W supplied separately as treatment; ACT is absent from X",
          "tree_split_fraction": null
        },
        "act_recommended_fraction": 0.5169245647969052,
        "alignment_months": 4.519366724474455,
        "anti_policy_value_months": 43.445028483911514,
        "genomic_variable_importance_fraction": 0.0,
        "harrell_cindex": 0.6837391460863844,
        "mean_predicted_benefit_months": 0.49191423016877656,
        "median_absolute_predicted_benefit_months": 2.1241188547980414,
        "nontrivial_benefit_fraction": 0.937137330754352,
        "predicted_benefit_iqr_months": 4.381954427544484,
        "seed_agreement": 0.9970980116328954,
        "seed_tau_correlation": 0.999865037530477,
        "value_months": 47.964395208385966
      },
      "clinical_plus_genomic": {
        "act_mechanism": {
          "different_terminal_node_fraction": null,
          "patient_path_fraction": null,
          "reason": "RSF ACT-use diagnostics are not defined for causal survival forests",
          "role": "W supplied separately as treatment; ACT is absent from X",
          "tree_split_fraction": null
        },
        "act_recommended_fraction": 0.6465183752417796,
        "alignment_months": -0.06961953801605247,
        "anti_policy_value_months": 45.73952161515676,
        "genomic_variable_importance_fraction": 0.5570986331746623,
        "harrell_cindex": 0.6770468044961115,
        "mean_predicted_benefit_months": 1.1325063495614767,
        "median_absolute_predicted_benefit_months": 2.1430865550301403,
        "nontrivial_benefit_fraction": 0.928916827852998,
        "predicted_benefit_iqr_months": 3.9551588637731827,
        "seed_agreement": 0.9945233855117576,
        "seed_tau_correlation": 0.9996131974808067,
        "value_months": 45.669902077140705
      }
    },
    "overlap": {
      "iptw_effective_sample_size": 372.317733574238,
      "raw_propensity_in_0_05_0_95_fraction": 0.8684719535783365
    },
    "repeat_increment_max_months": -3.7204267740165093,
    "repeat_increment_min_months": -5.457545750964506,
    "source_diagnostics": {
      "former_train": {
        "clinical_alignment_months": 4.430895412768649,
        "genomic_act_recommended_fraction": 0.6458064516129032,
        "genomic_alignment_months": 0.35118154168765514,
        "incremental_alignment_months": -4.079713871080994,
        "n": 775.0
      },
      "former_validation": {
        "clinical_alignment_months": 4.7840974834397265,
        "genomic_act_recommended_fraction": 0.6486486486486487,
        "genomic_alignment_months": -1.3287733479402597,
        "incremental_alignment_months": -6.112870831379986,
        "n": 259.0
      }
    }
  },
  "eligible": false,
  "estimator": "honest causal survival forest policy, independently evaluated by outer-cross-fitted IPCW-AIPW restricted-time arm scores",
  "gates": {
    "all_repeat_cindex_drop_no_more_than_0_03": true,
    "all_repeat_genomic_alignment_positive": false,
    "all_repeat_genomic_increment_positive": false,
    "all_repeat_genomic_seed_agreement_at_least_0_85": true,
    "all_repeat_genomic_seed_tau_correlation_at_least_0_50": true,
    "all_repeat_genomic_value_at_least_best_constant": false,
    "all_repeat_genomic_value_at_least_clinical": false,
    "all_repeat_genomic_variable_importance_at_least_0_01": true,
    "all_repeat_iptw_effective_sample_size_at_least_0_30n": true,
    "all_repeat_nontrivial_benefit_fraction_at_least_0_10": true,
    "all_repeat_raw_propensity_overlap_at_least_0_80": true,
    "gene_selection_jaccard_at_least_0_10": true
  },
  "gene_selection": {
    "frequency": [
      {
        "count": 5,
        "gene": "ACAD8"
      },
      {
        "count": 5,
        "gene": "HIBCH"
      },
      {
        "count": 5,
        "gene": "MCCC1"
      },
      {
        "count": 4,
        "gene": "ALDH6A1"
      },
      {
        "count": 3,
        "gene": "SMAD5"
      },
      {
        "count": 3,
        "gene": "TGFBR3"
      },
      {
        "count": 2,
        "gene": "CHD9"
      },
      {
        "count": 2,
        "gene": "PIK3C2A"
      },
      {
        "count": 2,
        "gene": "PIK3R1"
      },
      {
        "count": 2,
        "gene": "PTPN13"
      },
      {
        "count": 2,
        "gene": "SMAD7"
      },
      {
        "count": 2,
        "gene": "TBL1XR1"
      },
      {
        "count": 1,
        "gene": "ACSL3"
      },
      {
        "count": 1,
        "gene": "ACSL4"
      },
      {
        "count": 1,
        "gene": "AGL"
      },
      {
        "count": 1,
        "gene": "BMP2"
      },
      {
        "count": 1,
        "gene": "CHRDL1"
      },
      {
        "count": 1,
        "gene": "DLD"
      },
      {
        "count": 1,
        "gene": "EP300"
      },
      {
        "count": 1,
        "gene": "HACD1"
      },
      {
        "count": 1,
        "gene": "HACD3"
      },
      {
        "count": 1,
        "gene": "MEF2C"
      },
      {
        "count": 1,
        "gene": "MTMR2"
      },
      {
        "count": 1,
        "gene": "MTMR6"
      },
      {
        "count": 1,
        "gene": "NRIP1"
      },
      {
        "count": 1,
        "gene": "PGM1"
      },
      {
        "count": 1,
        "gene": "PLEKHA1"
      },
      {
        "count": 1,
        "gene": "PLEKHA2"
      },
      {
        "count": 1,
        "gene": "PPP1R3C"
      },
      {
        "count": 1,
        "gene": "RORA"
      },
      {
        "count": 1,
        "gene": "RPS27A"
      },
      {
        "count": 1,
        "gene": "SACM1L"
      },
      {
        "count": 1,
        "gene": "SKI"
      },
      {
        "count": 1,
        "gene": "SMURF2"
      },
      {
        "count": 1,
        "gene": "TNFAIP8"
      },
      {
        "count": 1,
        "gene": "UBA6"
      },
      {
        "count": 1,
        "gene": "UBE2S"
      },
      {
        "count": 1,
        "gene": "UBE2W"
      },
      {
        "count": 1,
        "gene": "UCHL3"
      }
    ],
    "full_development_modules": [
      [
        "TGFBR3",
        "SMAD7",
        "SMAD5",
        "BMPR1A"
      ],
      [
        "TBL1XR1",
        "NRIP1",
        "CHD9",
        "MEF2C"
      ]
    ],
    "full_development_selection": [
      "TGFBR3",
      "SMAD7",
      "SMAD5",
      "BMPR1A",
      "TBL1XR1",
      "NRIP1",
      "CHD9",
      "MEF2C"
    ],
    "mean_pairwise_jaccard": 0.13618524332810047,
    "per_repeat_outer_fold": [
      [
        [
          "ACAD8",
          "MCCC1",
          "DLD",
          "HIBCH",
          "CHRDL1",
          "TGFBR3",
          "SMURF2",
          "SMAD5"
        ],
        [
          "ACAD8",
          "ALDH6A1",
          "MCCC1",
          "HIBCH",
          "TBL1XR1",
          "CHD9",
          "MEF2C",
          "EP300"
        ],
        [
          "TGFBR3",
          "SMAD7",
          "SMAD5",
          "SKI",
          "TBL1XR1",
          "NRIP1",
          "CHD9",
          "RORA"
        ],
        [
          "PTPN13",
          "PIK3C2A",
          "PIK3R1",
          "PLEKHA2",
          "TNFAIP8",
          "SACM1L",
          "PLEKHA1",
          "MTMR2"
        ]
      ],
      [
        [
          "ACSL3",
          "HACD3",
          "HACD1",
          "ACSL4",
          "ACAD8",
          "ALDH6A1",
          "MCCC1",
          "HIBCH"
        ],
        [
          "PTPN13",
          "PIK3C2A",
          "PIK3R1",
          "MTMR6",
          "ACAD8",
          "ALDH6A1",
          "MCCC1",
          "HIBCH"
        ],
        [
          "BMP2",
          "TGFBR3",
          "SMAD7",
          "SMAD5",
          "AGL",
          "RPS27A",
          "PPP1R3C",
          "PGM1"
        ],
        [
          "ACAD8",
          "ALDH6A1",
          "MCCC1",
          "HIBCH",
          "UBE2S",
          "UBA6",
          "UCHL3",
          "UBE2W"
        ]
      ]
    ]
  },
  "generalization": {
    "mean_source_increment_gap_months": 2.0331569602989923,
    "repeat_increment_range_months": 1.7371189769479969,
    "robust_selection_lcb": -14.033959264892381,
    "score_before_eligibility": -15.771078241840378
  },
  "limitations": [
    "Search uncertainty bootstraps fixed OOF predictions and does not refit the full pipeline in each draw.",
    "The two repeated cross-fits reuse patients and are stability views, not independent validation cohorts.",
    "Former train and validation rows are now adaptive development data; only the human-held test can provide one-shot confirmation.",
    "IPCW-AIPW validity requires adequate measured-confounder adjustment, treatment positivity, and conditionally independent censoring.",
    "Random row-level cross-validation does not establish transportability across source studies or expression platforms.",
    "Source-specific OOF metrics are adaptive diagnostics, not independent confirmation and not part of reward."
  ],
  "objective": "worst repeated-development OOF selection LCB minus the repeat increment range for A60(C+G)-A60(C), where A60(d)=V60(d)-V60(1-d)",
  "phase": "pooled_development_repeated_crossfit",
  "repeat_results": [
    {
      "constant_policy_values": {
        "all_act_months": 45.58308131205984,
        "all_observation_months": 45.87878458895055
      },
      "fold_seed": 20270821,
      "incremental_alignment_months": -5.457545750964506,
      "models": {
        "clinical": {
          "act_mechanism": {
            "different_terminal_node_fraction": null,
            "patient_path_fraction": null,
            "reason": "RSF ACT-use diagnostics are not defined for causal survival forests",
            "role": "W supplied separately as treatment; ACT is absent from X",
            "tree_split_fraction": null
          },
          "act_recommended_fraction": 0.5261121856866537,
          "alignment_months": 5.09069014835665,
          "anti_policy_value_months": 43.18558787632687,
          "genomic_variable_importance_fraction": 0.0,
          "harrell_cindex": 0.6806047778943253,
          "mean_predicted_benefit_months": 0.5179525149674227,
          "median_absolute_predicted_benefit_months": 2.0672617638559565,
          "nontrivial_benefit_fraction": 0.941972920696325,
          "predicted_benefit_iqr_months": 4.264892378229913,
          "seed_agreement": 0.9970955174443547,
          "seed_tau_correlation": 0.9998719347525611,
          "value_months": 48.27627802468352
        },
        "clinical_plus_genomic": {
          "act_mechanism": {
            "different_terminal_node_fraction": null,
            "patient_path_fraction": null,
            "reason": "RSF ACT-use diagnostics are not defined for causal survival forests",
            "role": "W supplied separately as treatment; ACT is absent from X",
            "tree_split_fraction": null
          },
          "act_recommended_fraction": 0.625725338491296,
          "alignment_months": -0.3668556026078562,
          "anti_policy_value_months": 45.91436075180912,
          "genomic_variable_importance_fraction": 0.5623417080423088,
          "harrell_cindex": 0.6759466722940471,
          "mean_predicted_benefit_months": 1.0373317430919327,
          "median_absolute_predicted_benefit_months": 2.2401449391421018,
          "nontrivial_benefit_fraction": 0.9303675048355899,
          "predicted_benefit_iqr_months": 4.196837677018175,
          "seed_agreement": 0.9954917542126844,
          "seed_tau_correlation": 0.9996167511693518,
          "value_months": 45.547505149201264
        }
      },
      "overlap": {
        "iptw_effective_sample_size": 360.09137541217456,
        "raw_propensity_in_0_05_0_95_fraction": 0.8597678916827853
      },
      "paired_bootstrap": {
        "ci95_high": -0.7542505530935635,
        "ci95_low": -11.068333287285016,
        "draws": 4000,
        "mean": -5.477971517289485,
        "sd": 2.6464235515009107,
        "selection_lcb": -14.033959264892381,
        "selection_lcb_quantile_percent": 0.25
      },
      "repeat": 1,
      "source_diagnostics": {
        "former_train": {
          "clinical_alignment_months": 5.147199067978946,
          "genomic_act_recommended_fraction": 0.6232258064516129,
          "genomic_alignment_months": -0.22449567497569944,
          "incremental_alignment_months": -5.371694742954645,
          "n": 775
        },
        "former_validation": {
          "clinical_alignment_months": 4.921599751803463,
          "genomic_act_recommended_fraction": 0.6332046332046332,
          "genomic_alignment_months": -0.792836081043859,
          "incremental_alignment_months": -5.714435832847322,
          "n": 259
        }
      }
    },
    {
      "constant_policy_values": {
        "all_act_months": 45.45844448084422,
        "all_observation_months": 45.89853700274033
      },
      "fold_seed": 20280821,
      "incremental_alignment_months": -3.7204267740165093,
      "models": {
        "clinical": {
          "act_mechanism": {
            "different_terminal_node_fraction": null,
            "patient_path_fraction": null,
            "reason": "RSF ACT-use diagnostics are not defined for causal survival forests",
            "role": "W supplied separately as treatment; ACT is absent from X",
            "tree_split_fraction": null
          },
          "act_recommended_fraction": 0.5077369439071566,
          "alignment_months": 3.9480433005922606,
          "anti_policy_value_months": 43.70446909149615,
          "genomic_variable_importance_fraction": 0.0,
          "harrell_cindex": 0.6868735142784436,
          "mean_predicted_benefit_months": 0.4658759453701304,
          "median_absolute_predicted_benefit_months": 2.1809759457401268,
          "nontrivial_benefit_fraction": 0.9323017408123792,
          "predicted_benefit_iqr_months": 4.499016476859055,
          "seed_agreement": 0.9971005058214361,
          "seed_tau_correlation": 0.9998581403083927,
          "value_months": 47.65251239208841
        },
        "clinical_plus_genomic": {
          "act_mechanism": {
            "different_terminal_node_fraction": null,
            "patient_path_fraction": null,
            "reason": "RSF ACT-use diagnostics are not defined for causal survival forests",
            "role": "W supplied separately as treatment; ACT is absent from X",
            "tree_split_fraction": null
          },
          "act_recommended_fraction": 0.6673114119922631,
          "alignment_months": 0.22761652657575127,
          "anti_policy_value_months": 45.5646824785044,
          "genomic_variable_importance_fraction": 0.5518555583070159,
          "harrell_cindex": 0.6781469366981758,
          "mean_predicted_benefit_months": 1.2276809560310207,
          "median_absolute_predicted_benefit_months": 2.0460281709181785,
          "nontrivial_benefit_fraction": 0.9274661508704062,
          "predicted_benefit_iqr_months": 3.7134800505281897,
          "seed_agreement": 0.9935550168108307,
          "seed_tau_correlation": 0.9996096437922617,
          "value_months": 45.79229900508015
        }
      },
      "overlap": {
        "iptw_effective_sample_size": 384.54409173630137,
        "raw_propensity_in_0_05_0_95_fraction": 0.8771760154738878
      },
      "paired_bootstrap": {
        "ci95_high": 1.04087346008643,
        "ci95_low": -8.906548911106858,
        "draws": 4000,
        "mean": -3.7461237503414138,
        "sd": 2.5264213271264273,
        "selection_lcb": -10.751017535141138,
        "selection_lcb_quantile_percent": 0.25
      },
      "repeat": 2,
      "source_diagnostics": {
        "former_train": {
          "clinical_alignment_months": 3.7145917575583525,
          "genomic_act_recommended_fraction": 0.6683870967741935,
          "genomic_alignment_months": 0.9268587583510097,
          "incremental_alignment_months": -2.7877329992073427,
          "n": 775
        },
        "former_validation": {
          "clinical_alignment_months": 4.64659521507599,
          "genomic_act_recommended_fraction": 0.6640926640926641,
          "genomic_alignment_months": -1.8647106148366603,
          "incremental_alignment_months": -6.511305829912651,
          "n": 259
        }
      }
    }
  ],
  "reward": -1000000.0,
  "schema_version": 3
}

