[repeat 1 fold 1/4] selected=OR2S2,ANO2,OR2J2,OR10H2,KCNV1...
[repeat 1 fold 2/4] selected=CELA3B,KLK1,PNLIP,CPA2,OR1A1...
[repeat 1 fold 3/4] selected=HLA-DPB1,HLA-DRB5,HLA-DRB1,HLA-DQB1,H2BC3...
[repeat 1 fold 4/4] selected=HTR1B,HTR6,ADRA2B,HRH4,OR10H2...
[repeat 2 fold 1/4] selected=ADRA2B,TAAR5,HTR6,DRD4,KCNC3...
[repeat 2 fold 2/4] selected=H2BC21,H2BC4,MORC2,H2BC15,ENAH...
[repeat 2 fold 3/4] selected=OR10H2,OR2F1,OR3A2,ANO2,IFNA8...
[repeat 2 fold 4/4] selected=OR3A2,OR2H2,OR1D2,OR3A1,KCNV1...
{
  "budget": {
    "clinical_tlearner": {
      "act": {
        "max_depth": 7,
        "max_features": 1.0,
        "min_samples_leaf": 12,
        "min_samples_split": 24,
        "n_estimators": 1000
      },
      "observation": {
        "max_depth": 9,
        "max_features": 1.0,
        "min_samples_leaf": 8,
        "min_samples_split": 16,
        "n_estimators": 1000
      }
    },
    "forest_seeds": [
      42,
      43,
      44
    ],
    "full_run_forest_accounting": {
      "maximum_forests": 96,
      "maximum_total_trees": 96000,
      "outer_assessments": 8,
      "policy_panels": 2,
      "seeds": 3,
      "treatment_arms": 2
    },
    "inner_folds": 3,
    "max_experiments": 20,
    "max_selected_genes": 16,
    "max_total_features": 34,
    "max_trees_per_forest": 1000,
    "multiplicity_alpha": 0.05,
    "outer_folds": 4,
    "outer_repeats": 2,
    "patient_bootstraps": 4000,
    "schema_version": 1,
    "smoke_reductions_applied": false,
    "smoke_train_sha256": "84f1877ab1ea4b04a8ca9d0e971a7157c6bfa4ce24b7c090e433e88e6db8f21b",
    "smoke_trees": 40,
    "tau_months": 60.0,
    "wall_time_seconds": 2100
  },
  "candidate": {
    "benefit_threshold_months": 0.0,
    "module_count": 1,
    "n_genes": 16,
    "name": "tlearner_modal_anchor4_module16",
    "representation": "module",
    "selector": "dr_gene",
    "tlearner": {
      "act": {
        "max_depth": 7,
        "max_features": 1.0,
        "min_samples_leaf": 12,
        "min_samples_split": 24,
        "n_estimators": 1000
      },
      "observation": {
        "max_depth": 9,
        "max_features": 1.0,
        "min_samples_leaf": 8,
        "min_samples_split": 16,
        "n_estimators": 1000
      }
    }
  },
  "data": {
    "confirmatory_validation_used": false,
    "development_act": 152,
    "development_events": 465,
    "development_n": 1034,
    "forest_seeds": [
      42,
      43,
      44
    ],
    "former_validation_used_as_development": true,
    "outer_folds": 4,
    "outer_repeats": 2,
    "reactome_collection_sha256": "5d61f289a2400cddfbb3a3353829fd2284a360bbe50f2093b566c4b7bea93341",
    "test_used": false,
    "train_sha256": "b93f3cee3858716bca8add447bc837c734e203f6cb37962b1081e3c118d2c65d",
    "validation_sha256": "824689aeaa34984727f2551bd512214164d0559d05cbec5817b0f88c9adb15a9"
  },
  "development_oof": {
    "constant_policy_values": {
      "all_act_months": 44.223255705558984,
      "all_observation_months": 45.45982804933843
    },
    "incremental_alignment_months": 1.1036572609265676,
    "models": {
      "clinical": {
        "act_mechanism": {
          "role": "arm assignment only; ACT absent from X",
          "treatment_absent_from_features": true
        },
        "act_recommended_fraction": 0.3771760154738878,
        "alignment_months": 5.229607116051767,
        "anti_policy_value_months": 43.10958784440549,
        "arm_support": {
          "act": {
            "events": 70.5,
            "patients": 114.0
          },
          "observation": {
            "events": 278.25,
            "patients": 661.5
          }
        },
        "genomic_split_fraction": {
          "act": 0.0,
          "observation": 0.0
        },
        "harrell_cindex": 0.660104147917352,
        "mean_predicted_benefit_months": -3.2652973922233235,
        "median_absolute_predicted_benefit_months": 7.484234801027386,
        "nontrivial_benefit_fraction": 0.9932301740812379,
        "predicted_benefit_iqr_months": 14.61407624997273,
        "seed_agreement": 0.9950053874472479,
        "seed_benefit_correlation": 0.9991210240186674,
        "value_months": 48.339194960457256
      },
      "clinical_plus_genomic": {
        "act_mechanism": {
          "role": "arm assignment only; ACT absent from X",
          "treatment_absent_from_features": true
        },
        "act_recommended_fraction": 0.3341392649903288,
        "alignment_months": 6.3332643769783346,
        "anti_policy_value_months": 41.67490968895954,
        "arm_support": {
          "act": {
            "events": 70.5,
            "patients": 114.0
          },
          "observation": {
            "events": 278.25,
            "patients": 661.5
          }
        },
        "genomic_split_fraction": {
          "act": 0.2681171239706319,
          "observation": 0.3822644890945471
        },
        "harrell_cindex": 0.6517189371698827,
        "mean_predicted_benefit_months": -4.517477804112124,
        "median_absolute_predicted_benefit_months": 9.212566338620473,
        "nontrivial_benefit_fraction": 0.995164410058027,
        "predicted_benefit_iqr_months": 15.930686355591316,
        "seed_agreement": 0.9945208913232169,
        "seed_benefit_correlation": 0.9989953875614319,
        "value_months": 48.00817406593787
      }
    },
    "overlap": {
      "iptw_effective_sample_size": 362.4041456031669,
      "raw_propensity_in_0_05_0_95_fraction": 0.870889748549323
    },
    "repeat_increment_max_months": 1.7955071354167416,
    "repeat_increment_min_months": 0.4118073864363936
  },
  "eligible": false,
  "estimator": "RSF T-learner policies graded by outer-cross-fitted IPCW-AIPW restricted-time value",
  "gates": {
    "all_repeat_cindex_drop_no_more_than_0_03": true,
    "all_repeat_genomic_alignment_positive": true,
    "all_repeat_genomic_increment_positive": true,
    "all_repeat_genomic_seed_agreement_at_least_0_85": true,
    "all_repeat_genomic_seed_benefit_correlation_at_least_0_50": true,
    "all_repeat_genomic_value_at_least_best_constant": true,
    "all_repeat_genomic_value_at_least_clinical": false,
    "all_repeat_iptw_effective_sample_size_at_least_0_30n": true,
    "all_repeat_mean_genomic_split_fraction_at_least_0_01": true,
    "all_repeat_nontrivial_benefit_fraction_at_least_0_10": true,
    "all_repeat_raw_propensity_overlap_at_least_0_80": true,
    "all_repeat_treatment_absent_from_features": true,
    "gene_selection_jaccard_at_least_0_10": true
  },
  "gene_selection": {
    "frequency": [
      {
        "count": 6,
        "gene": "HTR6"
      },
      {
        "count": 6,
        "gene": "KCNA6"
      },
      {
        "count": 6,
        "gene": "KCNC3"
      },
      {
        "count": 5,
        "gene": "ADRA2B"
      },
      {
        "count": 5,
        "gene": "IFNA8"
      },
      {
        "count": 5,
        "gene": "OR3A2"
      },
      {
        "count": 5,
        "gene": "TAAR5"
      },
      {
        "count": 4,
        "gene": "IFNA21"
      },
      {
        "count": 4,
        "gene": "KCNQ3"
      },
      {
        "count": 4,
        "gene": "KCNV1"
      },
      {
        "count": 4,
        "gene": "OR10H2"
      },
      {
        "count": 3,
        "gene": "H2BC15"
      },
      {
        "count": 3,
        "gene": "HRH4"
      },
      {
        "count": 3,
        "gene": "OR10C1"
      },
      {
        "count": 3,
        "gene": "OR2S2"
      },
      {
        "count": 3,
        "gene": "PTPN1"
      },
      {
        "count": 2,
        "gene": "ANO2"
      },
      {
        "count": 2,
        "gene": "DRD4"
      },
      {
        "count": 2,
        "gene": "H2BC3"
      },
      {
        "count": 2,
        "gene": "HLA-DRB1"
      },
      {
        "count": 2,
        "gene": "HLA-DRB5"
      },
      {
        "count": 2,
        "gene": "IFNA2"
      },
      {
        "count": 2,
        "gene": "KCNH1"
      },
      {
        "count": 2,
        "gene": "KCNV2"
      },
      {
        "count": 2,
        "gene": "OR1D2"
      },
      {
        "count": 2,
        "gene": "OR2H2"
      },
      {
        "count": 1,
        "gene": "CELA3B"
      },
      {
        "count": 1,
        "gene": "CPA2"
      },
      {
        "count": 1,
        "gene": "ENAH"
      },
      {
        "count": 1,
        "gene": "GNG11"
      },
      {
        "count": 1,
        "gene": "GNG12"
      },
      {
        "count": 1,
        "gene": "GNG4"
      },
      {
        "count": 1,
        "gene": "H2AC14"
      },
      {
        "count": 1,
        "gene": "H2AC18"
      },
      {
        "count": 1,
        "gene": "H2AC8"
      },
      {
        "count": 1,
        "gene": "H2BC11"
      },
      {
        "count": 1,
        "gene": "H2BC21"
      },
      {
        "count": 1,
        "gene": "H2BC4"
      },
      {
        "count": 1,
        "gene": "H3C10"
      },
      {
        "count": 1,
        "gene": "H4C13"
      },
      {
        "count": 1,
        "gene": "H4C6"
      },
      {
        "count": 1,
        "gene": "HIRA"
      },
      {
        "count": 1,
        "gene": "HLA-DPB1"
      },
      {
        "count": 1,
        "gene": "HLA-DQB1"
      },
      {
        "count": 1,
        "gene": "HLA-DQB2"
      },
      {
        "count": 1,
        "gene": "HRH2"
      },
      {
        "count": 1,
        "gene": "HTR1B"
      },
      {
        "count": 1,
        "gene": "HTR1D"
      },
      {
        "count": 1,
        "gene": "IFNA10"
      },
      {
        "count": 1,
        "gene": "IFNA14"
      },
      {
        "count": 1,
        "gene": "IFNA5"
      },
      {
        "count": 1,
        "gene": "IFNB1"
      },
      {
        "count": 1,
        "gene": "KCNJ15"
      },
      {
        "count": 1,
        "gene": "KLK1"
      },
      {
        "count": 1,
        "gene": "MORC2"
      },
      {
        "count": 1,
        "gene": "OR10H1"
      },
      {
        "count": 1,
        "gene": "OR1A1"
      },
      {
        "count": 1,
        "gene": "OR1D4"
      },
      {
        "count": 1,
        "gene": "OR2F1"
      },
      {
        "count": 1,
        "gene": "OR2J2"
      },
      {
        "count": 1,
        "gene": "OR3A1"
      },
      {
        "count": 1,
        "gene": "OR52A1"
      },
      {
        "count": 1,
        "gene": "PNLIP"
      },
      {
        "count": 1,
        "gene": "STAT1"
      },
      {
        "count": 1,
        "gene": "TYK2"
      }
    ],
    "full_development_modules": [
      [
        "OR2S2",
        "OR10H2",
        "ANO2",
        "OR2J2",
        "TAAR5",
        "HTR6",
        "ADRA2B",
        "ADRA1A",
        "KCNC3",
        "KCNV1",
        "KCNA6",
        "KCNQ3",
        "IFNA8",
        "PTPN1",
        "IFNA21",
        "IFNB1"
      ]
    ],
    "full_development_selection": [
      "OR2S2",
      "OR10H2",
      "ANO2",
      "OR2J2",
      "TAAR5",
      "HTR6",
      "ADRA2B",
      "ADRA1A",
      "KCNC3",
      "KCNV1",
      "KCNA6",
      "KCNQ3",
      "IFNA8",
      "PTPN1",
      "IFNA21",
      "IFNB1"
    ],
    "mean_pairwise_jaccard": 0.19647267401991422,
    "per_repeat_outer_fold": [
      [
        [
          "OR2S2",
          "ANO2",
          "OR2J2",
          "OR10H2",
          "KCNV1",
          "KCNC3",
          "KCNQ3",
          "KCNA6",
          "HTR6",
          "TAAR5",
          "HRH4",
          "ADRA2B",
          "PTPN1",
          "IFNA8",
          "IFNA21",
          "IFNA2"
        ],
        [
          "CELA3B",
          "KLK1",
          "PNLIP",
          "CPA2",
          "OR1A1",
          "OR1D2",
          "OR2S2",
          "OR3A2",
          "TAAR5",
          "HTR6",
          "HRH2",
          "ADRA2B",
          "KCNC3",
          "KCNV1",
          "KCNQ3",
          "KCNA6"
        ],
        [
          "HLA-DPB1",
          "HLA-DRB5",
          "HLA-DRB1",
          "HLA-DQB1",
          "H2BC3",
          "H2BC15",
          "HIRA",
          "H2BC11",
          "OR3A2",
          "OR10H2",
          "OR52A1",
          "OR10C1",
          "TYK2",
          "IFNA8",
          "IFNA14",
          "STAT1"
        ],
        [
          "HTR1B",
          "HTR6",
          "ADRA2B",
          "HRH4",
          "OR10H2",
          "OR3A2",
          "OR10C1",
          "OR2S2",
          "KCNC3",
          "KCNV2",
          "KCNH1",
          "KCNA6",
          "IFNB1",
          "IFNA8",
          "IFNA21",
          "IFNA2"
        ]
      ],
      [
        [
          "ADRA2B",
          "TAAR5",
          "HTR6",
          "DRD4",
          "KCNC3",
          "KCNH1",
          "KCNA6",
          "KCNQ3",
          "OR10H1",
          "OR2H2",
          "OR1D4",
          "OR10C1",
          "H4C13",
          "H2BC15",
          "H2BC3",
          "H4C6"
        ],
        [
          "H2BC21",
          "H2BC4",
          "MORC2",
          "H2BC15",
          "ENAH",
          "HLA-DQB2",
          "HLA-DRB1",
          "HLA-DRB5",
          "H3C10",
          "H2AC14",
          "H2AC8",
          "H2AC18",
          "KCNJ15",
          "GNG11",
          "GNG4",
          "GNG12"
        ],
        [
          "OR10H2",
          "OR2F1",
          "OR3A2",
          "ANO2",
          "IFNA8",
          "PTPN1",
          "IFNA21",
          "IFNA10",
          "KCNV1",
          "KCNC3",
          "KCNV2",
          "KCNA6",
          "HRH4",
          "HTR6",
          "TAAR5",
          "HTR1D"
        ],
        [
          "OR3A2",
          "OR2H2",
          "OR1D2",
          "OR3A1",
          "KCNV1",
          "KCNA6",
          "KCNC3",
          "KCNQ3",
          "IFNA8",
          "PTPN1",
          "IFNA5",
          "IFNA21",
          "ADRA2B",
          "TAAR5",
          "HTR6",
          "DRD4"
        ]
      ]
    ]
  },
  "generalization": {
    "repeat_increment_range_months": 1.383699748980348,
    "robust_selection_lcb": -4.638641117339953,
    "score_before_eligibility": -6.022340866320301
  },
  "limitations": [
    "The ACT-arm learners have substantially less training support than the observation-arm learners.",
    "Search uncertainty bootstraps fixed OOF predictions and does not refit the full pipeline in each draw.",
    "Repeated cross-fits reuse patients and are stability views, not independent validation cohorts.",
    "IPCW-AIPW validity requires adequate measured-confounder adjustment, positivity, and conditionally independent censoring.",
    "Random row-level cross-validation does not establish transportability across studies or expression platforms."
  ],
  "objective": "worst repeated-development OOF selection LCB minus repeat range for A60(C+G)-A60(C)",
  "phase": "pooled_development_repeated_crossfit",
  "repeat_results": [
    {
      "constant_policy_values": {
        "all_act_months": 43.080935298499405,
        "all_observation_months": 45.464820126315956
      },
      "fold_seed": 20270821,
      "incremental_alignment_months": 1.7955071354167416,
      "models": {
        "clinical": {
          "act_mechanism": {
            "role": "arm assignment only; ACT absent from X",
            "treatment_absent_from_features": true
          },
          "act_recommended_fraction": 0.3723404255319149,
          "alignment_months": 5.098161397489825,
          "anti_policy_value_months": 43.05424478408956,
          "arm_support": {
            "act": {
              "events": 70.5,
              "patients": 114.0
            },
            "observation": {
              "events": 278.25,
              "patients": 661.5
            }
          },
          "genomic_split_fraction": {
            "act": 0.0,
            "observation": 0.0
          },
          "harrell_cindex": 0.6561117076410311,
          "mean_predicted_benefit_months": -3.4104793121815344,
          "median_absolute_predicted_benefit_months": 7.492405334701932,
          "nontrivial_benefit_fraction": 0.9941972920696325,
          "predicted_benefit_iqr_months": 14.723285303659713,
          "seed_agreement": 0.9945202677760817,
          "seed_benefit_correlation": 0.9991909410421402,
          "value_months": 48.15240618157939
        },
        "clinical_plus_genomic": {
          "act_mechanism": {
            "role": "arm assignment only; ACT absent from X",
            "treatment_absent_from_features": true
          },
          "act_recommended_fraction": 0.31237911025145065,
          "alignment_months": 6.893668532906567,
          "anti_policy_value_months": 40.8260434459544,
          "arm_support": {
            "act": {
              "events": 70.5,
              "patients": 114.0
            },
            "observation": {
              "events": 278.25,
              "patients": 661.5
            }
          },
          "genomic_split_fraction": {
            "act": 0.2645002267291238,
            "observation": 0.3812631804249142
          },
          "harrell_cindex": 0.6563894561095353,
          "mean_predicted_benefit_months": -5.40704772048288,
          "median_absolute_predicted_benefit_months": 9.810574307554266,
          "nontrivial_benefit_fraction": 0.9961315280464217,
          "predicted_benefit_iqr_months": 15.910458890975702,
          "seed_agreement": 0.995811010345894,
          "seed_benefit_correlation": 0.9990685694685331,
          "value_months": 47.719711978860964
        }
      },
      "overlap": {
        "iptw_effective_sample_size": 358.52908025250036,
        "raw_propensity_in_0_05_0_95_fraction": 0.8723404255319149
      },
      "paired_bootstrap": {
        "ci95_high": 4.9052435463069655,
        "ci95_low": -1.430479617634425,
        "draws": 4000,
        "mean": 1.7634907077679696,
        "sd": 1.637759540094006,
        "selection_lcb": -3.01508917372909,
        "selection_lcb_quantile_percent": 0.25
      },
      "repeat": 1
    },
    {
      "constant_policy_values": {
        "all_act_months": 45.36557611261856,
        "all_observation_months": 45.454835972360904
      },
      "fold_seed": 20280821,
      "incremental_alignment_months": 0.4118073864363936,
      "models": {
        "clinical": {
          "act_mechanism": {
            "role": "arm assignment only; ACT absent from X",
            "treatment_absent_from_features": true
          },
          "act_recommended_fraction": 0.3820116054158607,
          "alignment_months": 5.361052834613709,
          "anti_policy_value_months": 43.164930904721416,
          "arm_support": {
            "act": {
              "events": 70.5,
              "patients": 114.0
            },
            "observation": {
              "events": 278.25,
              "patients": 661.5
            }
          },
          "genomic_split_fraction": {
            "act": 0.0,
            "observation": 0.0
          },
          "harrell_cindex": 0.6640965881936729,
          "mean_predicted_benefit_months": -3.120115472265113,
          "median_absolute_predicted_benefit_months": 7.4760642673528395,
          "nontrivial_benefit_fraction": 0.9922630560928434,
          "predicted_benefit_iqr_months": 14.504867196285744,
          "seed_agreement": 0.995490507118414,
          "seed_benefit_correlation": 0.9990511069951945,
          "value_months": 48.525983739335125
        },
        "clinical_plus_genomic": {
          "act_mechanism": {
            "role": "arm assignment only; ACT absent from X",
            "treatment_absent_from_features": true
          },
          "act_recommended_fraction": 0.35589941972920697,
          "alignment_months": 5.772860221050102,
          "anti_policy_value_months": 42.52377593196468,
          "arm_support": {
            "act": {
              "events": 70.5,
              "patients": 114.0
            },
            "observation": {
              "events": 278.25,
              "patients": 661.5
            }
          },
          "genomic_split_fraction": {
            "act": 0.2717340212121401,
            "observation": 0.38326579776417996
          },
          "harrell_cindex": 0.6470484182302302,
          "mean_predicted_benefit_months": -3.627907887741368,
          "median_absolute_predicted_benefit_months": 8.614558369686678,
          "nontrivial_benefit_fraction": 0.9941972920696325,
          "predicted_benefit_iqr_months": 15.950913820206928,
          "seed_agreement": 0.9932307723005397,
          "seed_benefit_correlation": 0.9989222056543307,
          "value_months": 48.29663615301478
        }
      },
      "overlap": {
        "iptw_effective_sample_size": 366.27921095383346,
        "raw_propensity_in_0_05_0_95_fraction": 0.8694390715667312
      },
      "paired_bootstrap": {
        "ci95_high": 3.3468758638584255,
        "ci95_low": -2.8637111698876296,
        "draws": 4000,
        "mean": 0.3981325273717797,
        "sd": 1.5835440020215232,
        "selection_lcb": -4.638641117339953,
        "selection_lcb_quantile_percent": 0.25
      },
      "repeat": 2
    }
  ],
  "reward": -1000000.0,
  "schema_version": 1
}

