[I 2026-08-22 16:24:28,201] A new study created in memory with name: no-name-cc0e23c5-906f-4c1f-a40d-5df6bae02202
[screening trial 000] RMST=0.2183 C=0.6339 params={'n_estimators': 100, 'max_depth': 3, 'min_samples_leaf': 24, 'min_samples_split': 48, 'max_features': 'sqrt'}
[I 2026-08-22 16:24:32,874] Trial 0 finished with values: [0.21834611561134748, 0.6339461385204541] and parameters: {'n_estimators': 100, 'max_depth': 3, 'min_samples_leaf': 24, 'split_leaf_multiplier': 2, 'max_features': 'sqrt'}.
[screening trial 001] RMST=0.2183 C=0.6288 params={'n_estimators': 50, 'max_depth': 3, 'min_samples_leaf': 24, 'min_samples_split': 48, 'max_features': 'sqrt'}
[I 2026-08-22 16:24:35,833] Trial 1 finished with values: [0.21834611561134748, 0.628769776001291] and parameters: {'n_estimators': 50, 'max_depth': 3, 'min_samples_leaf': 24, 'split_leaf_multiplier': 2, 'max_features': 'sqrt'}.
[screening trial 002] RMST=0.2183 C=0.6498 params={'n_estimators': 100, 'max_depth': 4, 'min_samples_leaf': 24, 'min_samples_split': 48, 'max_features': 0.05}
[I 2026-08-22 16:24:56,246] Trial 2 finished with values: [0.21834611561134748, 0.6498274545826945] and parameters: {'n_estimators': 100, 'max_depth': 4, 'min_samples_leaf': 24, 'split_leaf_multiplier': 2, 'max_features': 0.05}.
[screening trial 003] RMST=0.2183 C=0.6325 params={'n_estimators': 100, 'max_depth': 4, 'min_samples_leaf': 24, 'min_samples_split': 48, 'max_features': 'sqrt'}
[I 2026-08-22 16:25:01,659] Trial 3 finished with values: [0.21834611561134748, 0.6325046394855912] and parameters: {'n_estimators': 100, 'max_depth': 4, 'min_samples_leaf': 24, 'split_leaf_multiplier': 2, 'max_features': 'sqrt'}.
[screening trial 004] RMST=0.2183 C=0.6489 params={'n_estimators': 50, 'max_depth': 3, 'min_samples_leaf': 24, 'min_samples_split': 48, 'max_features': 0.05}
[I 2026-08-22 16:25:11,092] Trial 4 finished with values: [0.21834611561134748, 0.6488731791182805] and parameters: {'n_estimators': 50, 'max_depth': 3, 'min_samples_leaf': 24, 'split_leaf_multiplier': 2, 'max_features': 0.05}.
[screening trial 005] RMST=0.2183 C=0.6526 params={'n_estimators': 50, 'max_depth': 4, 'min_samples_leaf': 24, 'min_samples_split': 48, 'max_features': 0.05}
[I 2026-08-22 16:25:22,387] Trial 5 finished with values: [0.21834611561134748, 0.6525676992496137] and parameters: {'n_estimators': 50, 'max_depth': 4, 'min_samples_leaf': 24, 'split_leaf_multiplier': 2, 'max_features': 0.05}.
[screening trial 006] RMST=0.2183 C=0.6498 params={'n_estimators': 100, 'max_depth': 4, 'min_samples_leaf': 24, 'min_samples_split': 48, 'max_features': 0.05}
[I 2026-08-22 16:25:43,851] Trial 6 finished with values: [0.21834611561134748, 0.6498274545826945] and parameters: {'n_estimators': 100, 'max_depth': 4, 'min_samples_leaf': 24, 'split_leaf_multiplier': 2, 'max_features': 0.05}.
[screening trial 007] RMST=0.2183 C=0.6498 params={'n_estimators': 100, 'max_depth': 4, 'min_samples_leaf': 24, 'min_samples_split': 48, 'max_features': 0.05}
[I 2026-08-22 16:26:05,594] Trial 7 finished with values: [0.21834611561134748, 0.6498274545826945] and parameters: {'n_estimators': 100, 'max_depth': 4, 'min_samples_leaf': 24, 'split_leaf_multiplier': 2, 'max_features': 0.05}.
[screening trial 008] RMST=0.2183 C=0.6498 params={'n_estimators': 100, 'max_depth': 4, 'min_samples_leaf': 24, 'min_samples_split': 48, 'max_features': 0.05}
[I 2026-08-22 16:26:27,236] Trial 8 finished with values: [0.21834611561134748, 0.6498274545826945] and parameters: {'n_estimators': 100, 'max_depth': 4, 'min_samples_leaf': 24, 'split_leaf_multiplier': 2, 'max_features': 0.05}.
[screening trial 009] RMST=0.2183 C=0.6489 params={'n_estimators': 50, 'max_depth': 3, 'min_samples_leaf': 24, 'min_samples_split': 48, 'max_features': 0.05}
[I 2026-08-22 16:26:37,125] Trial 9 finished with values: [0.21834611561134748, 0.6488731791182805] and parameters: {'n_estimators': 50, 'max_depth': 3, 'min_samples_leaf': 24, 'split_leaf_multiplier': 2, 'max_features': 0.05}.
[screening trial 010] RMST=0.2183 C=0.6526 params={'n_estimators': 50, 'max_depth': 4, 'min_samples_leaf': 24, 'min_samples_split': 48, 'max_features': 0.05}
[I 2026-08-22 16:26:48,790] Trial 10 finished with values: [0.21834611561134748, 0.6525676992496137] and parameters: {'n_estimators': 50, 'max_depth': 4, 'min_samples_leaf': 24, 'split_leaf_multiplier': 2, 'max_features': 0.05}.
[screening trial 011] RMST=0.2183 C=0.6325 params={'n_estimators': 100, 'max_depth': 4, 'min_samples_leaf': 24, 'min_samples_split': 48, 'max_features': 'sqrt'}
[I 2026-08-22 16:26:54,423] Trial 11 finished with values: [0.21834611561134748, 0.6325046394855912] and parameters: {'n_estimators': 100, 'max_depth': 4, 'min_samples_leaf': 24, 'split_leaf_multiplier': 2, 'max_features': 'sqrt'}.
[PFI fold 1] 350/8666 features used by a split
[PFI fold 1] processed through feature 8250
[PFI fold 2] 367/8666 features used by a split
[PFI fold 2] processed through feature 1000
[PFI fold 3] 358/8666 features used by a split
[PFI fold 3] processed through feature 7500
[I 2026-08-22 16:31:54,787] A new study created in memory with name: no-name-771abdaf-5abe-4b9f-8fc7-55efb7f460c2
[reduced trial 000] N=00 RMST=3.3950 C=0.6825 params={'n_estimators': 400, 'max_depth': 6, 'min_samples_leaf': 16, 'min_samples_split': 32, 'max_features': 'sqrt'}
[I 2026-08-22 16:31:56,633] Trial 0 finished with values: [3.394965377171216, 0.6825071221534661] and parameters: {'top_n': 0, 'n_estimators': 400, 'max_depth': 6, 'min_samples_leaf': 16, 'split_leaf_multiplier': 2, 'max_features': 'sqrt'}.
[reduced trial 001] N=01 RMST=1.5769 C=0.6940 params={'n_estimators': 400, 'max_depth': 6, 'min_samples_leaf': 16, 'min_samples_split': 32, 'max_features': 'sqrt'}
[I 2026-08-22 16:31:58,495] Trial 1 finished with values: [1.5768727915753935, 0.6940453211020563] and parameters: {'top_n': 1, 'n_estimators': 400, 'max_depth': 6, 'min_samples_leaf': 16, 'split_leaf_multiplier': 2, 'max_features': 'sqrt'}.
[reduced trial 002] N=02 RMST=2.4911 C=0.6974 params={'n_estimators': 400, 'max_depth': 6, 'min_samples_leaf': 16, 'min_samples_split': 32, 'max_features': 'sqrt'}
[I 2026-08-22 16:32:00,373] Trial 2 finished with values: [2.4910606007032543, 0.6974248527467617] and parameters: {'top_n': 2, 'n_estimators': 400, 'max_depth': 6, 'min_samples_leaf': 16, 'split_leaf_multiplier': 2, 'max_features': 'sqrt'}.
[reduced trial 003] N=03 RMST=4.3284 C=0.7070 params={'n_estimators': 400, 'max_depth': 6, 'min_samples_leaf': 16, 'min_samples_split': 32, 'max_features': 'sqrt'}
[I 2026-08-22 16:32:02,319] Trial 3 finished with values: [4.328359263242482, 0.7070451907619928] and parameters: {'top_n': 3, 'n_estimators': 400, 'max_depth': 6, 'min_samples_leaf': 16, 'split_leaf_multiplier': 2, 'max_features': 'sqrt'}.
[reduced trial 004] N=04 RMST=2.7310 C=0.7062 params={'n_estimators': 400, 'max_depth': 6, 'min_samples_leaf': 16, 'min_samples_split': 32, 'max_features': 'sqrt'}
[I 2026-08-22 16:32:04,278] Trial 4 finished with values: [2.73098112920037, 0.7061576369967166] and parameters: {'top_n': 4, 'n_estimators': 400, 'max_depth': 6, 'min_samples_leaf': 16, 'split_leaf_multiplier': 2, 'max_features': 'sqrt'}.
[reduced trial 005] N=05 RMST=2.7798 C=0.7062 params={'n_estimators': 400, 'max_depth': 6, 'min_samples_leaf': 16, 'min_samples_split': 32, 'max_features': 'sqrt'}
[I 2026-08-22 16:32:06,365] Trial 5 finished with values: [2.779776968141614, 0.7062321170329636] and parameters: {'top_n': 5, 'n_estimators': 400, 'max_depth': 6, 'min_samples_leaf': 16, 'split_leaf_multiplier': 2, 'max_features': 'sqrt'}.
[reduced trial 006] N=06 RMST=-0.1035 C=0.7035 params={'n_estimators': 400, 'max_depth': 6, 'min_samples_leaf': 16, 'min_samples_split': 32, 'max_features': 'sqrt'}
[I 2026-08-22 16:32:08,397] Trial 6 finished with values: [-0.10346472383886515, 0.7034918723660446] and parameters: {'top_n': 6, 'n_estimators': 400, 'max_depth': 6, 'min_samples_leaf': 16, 'split_leaf_multiplier': 2, 'max_features': 'sqrt'}.
[reduced trial 007] N=07 RMST=2.6448 C=0.7028 params={'n_estimators': 400, 'max_depth': 6, 'min_samples_leaf': 16, 'min_samples_split': 32, 'max_features': 'sqrt'}
[I 2026-08-22 16:32:10,583] Trial 7 finished with values: [2.644815861420972, 0.7027625886777932] and parameters: {'top_n': 7, 'n_estimators': 400, 'max_depth': 6, 'min_samples_leaf': 16, 'split_leaf_multiplier': 2, 'max_features': 'sqrt'}.
[reduced trial 008] N=08 RMST=1.7689 C=0.7065 params={'n_estimators': 400, 'max_depth': 6, 'min_samples_leaf': 16, 'min_samples_split': 32, 'max_features': 'sqrt'}
[I 2026-08-22 16:32:12,690] Trial 8 finished with values: [1.7688962405684967, 0.7064990038295152] and parameters: {'top_n': 8, 'n_estimators': 400, 'max_depth': 6, 'min_samples_leaf': 16, 'split_leaf_multiplier': 2, 'max_features': 'sqrt'}.
[reduced trial 009] N=09 RMST=-0.0264 C=0.7049 params={'n_estimators': 400, 'max_depth': 6, 'min_samples_leaf': 16, 'min_samples_split': 32, 'max_features': 'sqrt'}
[I 2026-08-22 16:32:14,882] Trial 9 finished with values: [-0.026427398277423183, 0.7049100963895802] and parameters: {'top_n': 9, 'n_estimators': 400, 'max_depth': 6, 'min_samples_leaf': 16, 'split_leaf_multiplier': 2, 'max_features': 'sqrt'}.
[reduced trial 010] N=10 RMST=0.2416 C=0.7070 params={'n_estimators': 400, 'max_depth': 6, 'min_samples_leaf': 16, 'min_samples_split': 32, 'max_features': 'sqrt'}
[I 2026-08-22 16:32:17,112] Trial 10 finished with values: [0.2416460584359576, 0.7069893307348076] and parameters: {'top_n': 10, 'n_estimators': 400, 'max_depth': 6, 'min_samples_leaf': 16, 'split_leaf_multiplier': 2, 'max_features': 'sqrt'}.
[reduced trial 011] N=11 RMST=0.1347 C=0.7057 params={'n_estimators': 400, 'max_depth': 6, 'min_samples_leaf': 16, 'min_samples_split': 32, 'max_features': 'sqrt'}
[I 2026-08-22 16:32:19,275] Trial 11 finished with values: [0.13473966254482386, 0.7056952401050168] and parameters: {'top_n': 11, 'n_estimators': 400, 'max_depth': 6, 'min_samples_leaf': 16, 'split_leaf_multiplier': 2, 'max_features': 'sqrt'}.
[reduced trial 012] N=12 RMST=-0.3831 C=0.7038 params={'n_estimators': 400, 'max_depth': 6, 'min_samples_leaf': 16, 'min_samples_split': 32, 'max_features': 'sqrt'}
[I 2026-08-22 16:32:21,583] Trial 12 finished with values: [-0.3830972162055558, 0.7038456525382175] and parameters: {'top_n': 12, 'n_estimators': 400, 'max_depth': 6, 'min_samples_leaf': 16, 'split_leaf_multiplier': 2, 'max_features': 'sqrt'}.
[reduced trial 013] N=13 RMST=-0.7120 C=0.7053 params={'n_estimators': 400, 'max_depth': 6, 'min_samples_leaf': 16, 'min_samples_split': 32, 'max_features': 'sqrt'}
[I 2026-08-22 16:32:23,787] Trial 13 finished with values: [-0.7120098277791866, 0.7053135299192512] and parameters: {'top_n': 13, 'n_estimators': 400, 'max_depth': 6, 'min_samples_leaf': 16, 'split_leaf_multiplier': 2, 'max_features': 'sqrt'}.
[reduced trial 014] N=14 RMST=-0.2319 C=0.7051 params={'n_estimators': 400, 'max_depth': 6, 'min_samples_leaf': 16, 'min_samples_split': 32, 'max_features': 'sqrt'}
[I 2026-08-22 16:32:25,935] Trial 14 finished with values: [-0.23192565446973804, 0.7051490531725392] and parameters: {'top_n': 14, 'n_estimators': 400, 'max_depth': 6, 'min_samples_leaf': 16, 'split_leaf_multiplier': 2, 'max_features': 'sqrt'}.
[reduced trial 015] N=15 RMST=3.3963 C=0.7122 params={'n_estimators': 400, 'max_depth': 6, 'min_samples_leaf': 16, 'min_samples_split': 32, 'max_features': 'sqrt'}
[I 2026-08-22 16:32:28,112] Trial 15 finished with values: [3.396323628297617, 0.7121532799145962] and parameters: {'top_n': 15, 'n_estimators': 400, 'max_depth': 6, 'min_samples_leaf': 16, 'split_leaf_multiplier': 2, 'max_features': 'sqrt'}.
[reduced trial 016] N=16 RMST=-1.1571 C=0.7114 params={'n_estimators': 400, 'max_depth': 6, 'min_samples_leaf': 16, 'min_samples_split': 32, 'max_features': 'sqrt'}
[I 2026-08-22 16:32:30,302] Trial 16 finished with values: [-1.1570988751805718, 0.7113743428688468] and parameters: {'top_n': 16, 'n_estimators': 400, 'max_depth': 6, 'min_samples_leaf': 16, 'split_leaf_multiplier': 2, 'max_features': 'sqrt'}.
[reduced trial 017] N=17 RMST=0.0195 C=0.7138 params={'n_estimators': 400, 'max_depth': 6, 'min_samples_leaf': 16, 'min_samples_split': 32, 'max_features': 'sqrt'}
[I 2026-08-22 16:32:32,579] Trial 17 finished with values: [0.0194711115438913, 0.7137732207029674] and parameters: {'top_n': 17, 'n_estimators': 400, 'max_depth': 6, 'min_samples_leaf': 16, 'split_leaf_multiplier': 2, 'max_features': 'sqrt'}.
[reduced trial 018] N=18 RMST=1.7987 C=0.7119 params={'n_estimators': 400, 'max_depth': 6, 'min_samples_leaf': 16, 'min_samples_split': 32, 'max_features': 'sqrt'}
[I 2026-08-22 16:32:34,890] Trial 18 finished with values: [1.798661229601613, 0.7119205298013245] and parameters: {'top_n': 18, 'n_estimators': 400, 'max_depth': 6, 'min_samples_leaf': 16, 'split_leaf_multiplier': 2, 'max_features': 'sqrt'}.
[reduced trial 019] N=19 RMST=1.3528 C=0.7131 params={'n_estimators': 400, 'max_depth': 6, 'min_samples_leaf': 16, 'min_samples_split': 32, 'max_features': 'sqrt'}
[I 2026-08-22 16:32:37,213] Trial 19 finished with values: [1.3527554794097467, 0.7131153137161194] and parameters: {'top_n': 19, 'n_estimators': 400, 'max_depth': 6, 'min_samples_leaf': 16, 'split_leaf_multiplier': 2, 'max_features': 'sqrt'}.
[reduced trial 020] N=20 RMST=5.2138 C=0.7103 params={'n_estimators': 400, 'max_depth': 6, 'min_samples_leaf': 16, 'min_samples_split': 32, 'max_features': 'sqrt'}
[I 2026-08-22 16:32:39,517] Trial 20 finished with values: [5.213810381334016, 0.7103098990174842] and parameters: {'top_n': 20, 'n_estimators': 400, 'max_depth': 6, 'min_samples_leaf': 16, 'split_leaf_multiplier': 2, 'max_features': 'sqrt'}.
[reduced trial 021] N=21 RMST=0.1276 C=0.7101 params={'n_estimators': 400, 'max_depth': 6, 'min_samples_leaf': 16, 'min_samples_split': 32, 'max_features': 'sqrt'}
[I 2026-08-22 16:32:41,912] Trial 21 finished with values: [0.12759732768730417, 0.7101361122662413] and parameters: {'top_n': 21, 'n_estimators': 400, 'max_depth': 6, 'min_samples_leaf': 16, 'split_leaf_multiplier': 2, 'max_features': 'sqrt'}.
[reduced trial 022] N=22 RMST=2.7948 C=0.7090 params={'n_estimators': 400, 'max_depth': 6, 'min_samples_leaf': 16, 'min_samples_split': 32, 'max_features': 'sqrt'}
[I 2026-08-22 16:32:44,271] Trial 22 finished with values: [2.7948192406265835, 0.7089537416908209] and parameters: {'top_n': 22, 'n_estimators': 400, 'max_depth': 6, 'min_samples_leaf': 16, 'split_leaf_multiplier': 2, 'max_features': 'sqrt'}.
[reduced trial 023] N=23 RMST=0.6761 C=0.7071 params={'n_estimators': 400, 'max_depth': 6, 'min_samples_leaf': 16, 'min_samples_split': 32, 'max_features': 'sqrt'}
[I 2026-08-22 16:32:46,654] Trial 23 finished with values: [0.6761323954905111, 0.7071351874724578] and parameters: {'top_n': 23, 'n_estimators': 400, 'max_depth': 6, 'min_samples_leaf': 16, 'split_leaf_multiplier': 2, 'max_features': 'sqrt'}.
[reduced trial 024] N=24 RMST=0.6350 C=0.7091 params={'n_estimators': 400, 'max_depth': 6, 'min_samples_leaf': 16, 'min_samples_split': 32, 'max_features': 'sqrt'}
[I 2026-08-22 16:32:49,039] Trial 24 finished with values: [0.6350260077864069, 0.7090716684148787] and parameters: {'top_n': 24, 'n_estimators': 400, 'max_depth': 6, 'min_samples_leaf': 16, 'split_leaf_multiplier': 2, 'max_features': 'sqrt'}.
[reduced trial 025] N=25 RMST=-2.4617 C=0.7061 params={'n_estimators': 400, 'max_depth': 6, 'min_samples_leaf': 16, 'min_samples_split': 32, 'max_features': 'sqrt'}
[I 2026-08-22 16:32:51,446] Trial 25 finished with values: [-2.4617155368520387, 0.7061390169876549] and parameters: {'top_n': 25, 'n_estimators': 400, 'max_depth': 6, 'min_samples_leaf': 16, 'split_leaf_multiplier': 2, 'max_features': 'sqrt'}.
[reduced trial 026] N=26 RMST=1.5525 C=0.7080 params={'n_estimators': 400, 'max_depth': 6, 'min_samples_leaf': 16, 'min_samples_split': 32, 'max_features': 'sqrt'}
[I 2026-08-22 16:32:53,839] Trial 26 finished with values: [1.5525079059344782, 0.7080444645816394] and parameters: {'top_n': 26, 'n_estimators': 400, 'max_depth': 6, 'min_samples_leaf': 16, 'split_leaf_multiplier': 2, 'max_features': 'sqrt'}.
[reduced trial 027] N=27 RMST=-0.5393 C=0.7082 params={'n_estimators': 400, 'max_depth': 6, 'min_samples_leaf': 16, 'min_samples_split': 32, 'max_features': 'sqrt'}
[I 2026-08-22 16:32:56,272] Trial 27 finished with values: [-0.5392585331313033, 0.7081561846360098] and parameters: {'top_n': 27, 'n_estimators': 400, 'max_depth': 6, 'min_samples_leaf': 16, 'split_leaf_multiplier': 2, 'max_features': 'sqrt'}.
[reduced trial 028] N=28 RMST=0.4425 C=0.7079 params={'n_estimators': 400, 'max_depth': 6, 'min_samples_leaf': 16, 'min_samples_split': 32, 'max_features': 'sqrt'}
[I 2026-08-22 16:32:58,718] Trial 28 finished with values: [0.4424654613225346, 0.7079296411924254] and parameters: {'top_n': 28, 'n_estimators': 400, 'max_depth': 6, 'min_samples_leaf': 16, 'split_leaf_multiplier': 2, 'max_features': 'sqrt'}.
[reduced trial 029] N=29 RMST=1.4688 C=0.7071 params={'n_estimators': 400, 'max_depth': 6, 'min_samples_leaf': 16, 'min_samples_split': 32, 'max_features': 'sqrt'}
[I 2026-08-22 16:33:01,153] Trial 29 finished with values: [1.4688049568420034, 0.7071103607937089] and parameters: {'top_n': 29, 'n_estimators': 400, 'max_depth': 6, 'min_samples_leaf': 16, 'split_leaf_multiplier': 2, 'max_features': 'sqrt'}.
[reduced trial 030] N=30 RMST=0.1316 C=0.7074 params={'n_estimators': 400, 'max_depth': 6, 'min_samples_leaf': 16, 'min_samples_split': 32, 'max_features': 'sqrt'}
[I 2026-08-22 16:33:03,767] Trial 30 finished with values: [0.1315704723824686, 0.7073834542599478] and parameters: {'top_n': 30, 'n_estimators': 400, 'max_depth': 6, 'min_samples_leaf': 16, 'split_leaf_multiplier': 2, 'max_features': 'sqrt'}.
[reduced trial 031] N=31 RMST=1.6717 C=0.7074 params={'n_estimators': 400, 'max_depth': 6, 'min_samples_leaf': 16, 'min_samples_split': 32, 'max_features': 'sqrt'}
[I 2026-08-22 16:33:06,367] Trial 31 finished with values: [1.6717442577752104, 0.7074269009477585] and parameters: {'top_n': 31, 'n_estimators': 400, 'max_depth': 6, 'min_samples_leaf': 16, 'split_leaf_multiplier': 2, 'max_features': 'sqrt'}.
[reduced trial 032] N=32 RMST=0.0054 C=0.7095 params={'n_estimators': 400, 'max_depth': 6, 'min_samples_leaf': 16, 'min_samples_split': 32, 'max_features': 'sqrt'}
[I 2026-08-22 16:33:09,017] Trial 32 finished with values: [0.0054388140567722, 0.7094564819354878] and parameters: {'top_n': 32, 'n_estimators': 400, 'max_depth': 6, 'min_samples_leaf': 16, 'split_leaf_multiplier': 2, 'max_features': 'sqrt'}.
[reduced trial 033] N=03 RMST=-0.8492 C=0.6821 params={'n_estimators': 400, 'max_depth': 4, 'min_samples_leaf': 32, 'min_samples_split': 96, 'max_features': 1.0}
[I 2026-08-22 16:33:11,308] Trial 33 finished with values: [-0.8491671277467193, 0.6821409286419186] and parameters: {'top_n': 3, 'n_estimators': 400, 'max_depth': 4, 'min_samples_leaf': 32, 'split_leaf_multiplier': 3, 'max_features': 1.0}.
[reduced trial 034] N=07 RMST=3.2559 C=0.7053 params={'n_estimators': 400, 'max_depth': 8, 'min_samples_leaf': 8, 'min_samples_split': 16, 'max_features': 'sqrt'}
[I 2026-08-22 16:33:13,368] Trial 34 finished with values: [3.2559356825659895, 0.7053445632676875] and parameters: {'top_n': 7, 'n_estimators': 400, 'max_depth': 8, 'min_samples_leaf': 8, 'split_leaf_multiplier': 2, 'max_features': 'sqrt'}.
[reduced trial 035] N=00 RMST=3.1650 C=0.6830 params={'n_estimators': 600, 'max_depth': 6, 'min_samples_leaf': 16, 'min_samples_split': 32, 'max_features': 'sqrt'}
[I 2026-08-22 16:33:15,690] Trial 35 finished with values: [3.1650041141702276, 0.6830036557284458] and parameters: {'top_n': 0, 'n_estimators': 600, 'max_depth': 6, 'min_samples_leaf': 16, 'split_leaf_multiplier': 2, 'max_features': 'sqrt'}.
[reduced trial 036] N=09 RMST=3.1431 C=0.7005 params={'n_estimators': 400, 'max_depth': 6, 'min_samples_leaf': 32, 'min_samples_split': 96, 'max_features': 'sqrt'}
[I 2026-08-22 16:33:17,784] Trial 36 finished with values: [3.1431166655621103, 0.7005157742510101] and parameters: {'top_n': 9, 'n_estimators': 400, 'max_depth': 6, 'min_samples_leaf': 32, 'split_leaf_multiplier': 3, 'max_features': 'sqrt'}.
[reduced trial 037] N=06 RMST=2.4631 C=0.7030 params={'n_estimators': 200, 'max_depth': 6, 'min_samples_leaf': 16, 'min_samples_split': 32, 'max_features': 'sqrt'}
[I 2026-08-22 16:33:19,276] Trial 37 finished with values: [2.4630841157961156, 0.7030325788091883] and parameters: {'top_n': 6, 'n_estimators': 200, 'max_depth': 6, 'min_samples_leaf': 16, 'split_leaf_multiplier': 2, 'max_features': 'sqrt'}.
[reduced trial 038] N=03 RMST=-0.3625 C=0.6920 params={'n_estimators': 400, 'max_depth': 8, 'min_samples_leaf': 16, 'min_samples_split': 32, 'max_features': 1.0}
[I 2026-08-22 16:33:21,789] Trial 38 finished with values: [-0.36251269611052145, 0.6920250501188577] and parameters: {'top_n': 3, 'n_estimators': 400, 'max_depth': 8, 'min_samples_leaf': 16, 'split_leaf_multiplier': 2, 'max_features': 1.0}.
[reduced trial 039] N=28 RMST=0.2183 C=0.6917 params={'n_estimators': 200, 'max_depth': 8, 'min_samples_leaf': 32, 'min_samples_split': 96, 'max_features': 1.0}
[I 2026-08-22 16:33:25,563] Trial 39 finished with values: [0.21834611561134748, 0.6917162683019172] and parameters: {'top_n': 28, 'n_estimators': 200, 'max_depth': 8, 'min_samples_leaf': 32, 'split_leaf_multiplier': 3, 'max_features': 1.0}.
[reduced trial 040] N=23 RMST=0.6761 C=0.7071 params={'n_estimators': 400, 'max_depth': 6, 'min_samples_leaf': 16, 'min_samples_split': 32, 'max_features': 'sqrt'}
[I 2026-08-22 16:33:27,988] Trial 40 finished with values: [0.6761323954905111, 0.7071351874724578] and parameters: {'top_n': 23, 'n_estimators': 400, 'max_depth': 6, 'min_samples_leaf': 16, 'split_leaf_multiplier': 2, 'max_features': 'sqrt'}.
[reduced trial 041] N=21 RMST=0.6891 C=0.7087 params={'n_estimators': 200, 'max_depth': 8, 'min_samples_leaf': 16, 'min_samples_split': 48, 'max_features': 'sqrt'}
[I 2026-08-22 16:33:29,645] Trial 41 finished with values: [0.6891166910529787, 0.7087178882427057] and parameters: {'top_n': 21, 'n_estimators': 200, 'max_depth': 8, 'min_samples_leaf': 16, 'split_leaf_multiplier': 3, 'max_features': 'sqrt'}.
[reduced trial 042] N=24 RMST=1.0716 C=0.7071 params={'n_estimators': 600, 'max_depth': 6, 'min_samples_leaf': 16, 'min_samples_split': 48, 'max_features': 'sqrt'}
[I 2026-08-22 16:33:32,907] Trial 42 finished with values: [1.0715677678779318, 0.7071041541240217] and parameters: {'top_n': 24, 'n_estimators': 600, 'max_depth': 6, 'min_samples_leaf': 16, 'split_leaf_multiplier': 3, 'max_features': 'sqrt'}.
[reduced trial 043] N=27 RMST=0.2183 C=0.7010 params={'n_estimators': 200, 'max_depth': 4, 'min_samples_leaf': 16, 'min_samples_split': 32, 'max_features': 0.5}
[I 2026-08-22 16:33:35,505] Trial 43 finished with values: [0.21834611561134748, 0.7010340311698952] and parameters: {'top_n': 27, 'n_estimators': 200, 'max_depth': 4, 'min_samples_leaf': 16, 'split_leaf_multiplier': 2, 'max_features': 0.5}.
[reduced trial 044] N=14 RMST=1.2784 C=0.7061 params={'n_estimators': 600, 'max_depth': 6, 'min_samples_leaf': 8, 'min_samples_split': 24, 'max_features': 'sqrt'}
[I 2026-08-22 16:33:38,388] Trial 44 finished with values: [1.2784059863175141, 0.7061079836392187] and parameters: {'top_n': 14, 'n_estimators': 600, 'max_depth': 6, 'min_samples_leaf': 8, 'split_leaf_multiplier': 3, 'max_features': 'sqrt'}.
[reduced trial 045] N=32 RMST=0.8848 C=0.7069 params={'n_estimators': 400, 'max_depth': 4, 'min_samples_leaf': 8, 'min_samples_split': 16, 'max_features': 'sqrt'}
[I 2026-08-22 16:33:41,083] Trial 45 finished with values: [0.8847548179775296, 0.7069055406940298] and parameters: {'top_n': 32, 'n_estimators': 400, 'max_depth': 4, 'min_samples_leaf': 8, 'split_leaf_multiplier': 2, 'max_features': 'sqrt'}.
[reduced trial 046] N=27 RMST=0.2183 C=0.6955 params={'n_estimators': 400, 'max_depth': 4, 'min_samples_leaf': 16, 'min_samples_split': 32, 'max_features': 1.0}
[I 2026-08-22 16:33:48,743] Trial 46 finished with values: [0.21834611561134748, 0.6955442318315261] and parameters: {'top_n': 27, 'n_estimators': 400, 'max_depth': 4, 'min_samples_leaf': 16, 'split_leaf_multiplier': 2, 'max_features': 1.0}.
[reduced trial 047] N=22 RMST=0.6225 C=0.7053 params={'n_estimators': 400, 'max_depth': 8, 'min_samples_leaf': 16, 'min_samples_split': 48, 'max_features': 0.5}
[I 2026-08-22 16:33:53,306] Trial 47 finished with values: [0.6224538036760675, 0.7053476666025311] and parameters: {'top_n': 22, 'n_estimators': 400, 'max_depth': 8, 'min_samples_leaf': 16, 'split_leaf_multiplier': 3, 'max_features': 0.5}.
[reduced trial 048] N=00 RMST=1.4353 C=0.6684 params={'n_estimators': 600, 'max_depth': 8, 'min_samples_leaf': 8, 'min_samples_split': 24, 'max_features': 1.0}
[I 2026-08-22 16:33:55,720] Trial 48 finished with values: [1.4352825915305383, 0.6684490153118541] and parameters: {'top_n': 0, 'n_estimators': 600, 'max_depth': 8, 'min_samples_leaf': 8, 'split_leaf_multiplier': 3, 'max_features': 1.0}.
{
  "artifacts": {
    "final_covariates.txt": {
      "bytes": 457,
      "sha256": "8f3a4cf2cde5fe8b049aee97bc5512721c9b57db80101c32303708af3711fd8e"
    },
    "final_rsf.pkl": {
      "bytes": 249597791,
      "sha256": "699c92542e1355cfc4e294be12cff620a963188fd381b0ddd3f18b854388f982"
    },
    "final_spec.json": {
      "bytes": 2409,
      "sha256": "83cc8e04f16f15ccce3bf2369f86998f3310798ab43c7a0a8b5d938c132279e3"
    },
    "permutation_importance.csv": {
      "bytes": 405618,
      "sha256": "34a43696119e08dec4c1bb7b6b65c96ccb7093f85da1c9b49cc847cea534f107"
    },
    "permutation_importance.png": {
      "bytes": 141533,
      "sha256": "d93922bd161574001aa31b5df9dfe3f6f9a79dc8785098348b17e09461a60d68"
    },
    "top_n_results.csv": {
      "bytes": 3501,
      "sha256": "757af358ce3c477f27760bef31114976dd8a3745974a8a1a767536eab365e8b4"
    },
    "training_imputation_medians.csv": {
      "bytes": 737,
      "sha256": "8720c746e6386ab044f04b66e053a3b9f8f48f1d96ac8ff1f47b7b2e920a8711"
    }
  },
  "budget": {
    "cv_folds": 3,
    "fold_seed": 20260824,
    "forest_seed": 42,
    "max_experiments": 20,
    "max_top_genes": 32,
    "max_trees_per_forest": 1000,
    "permutation_repeats": 3,
    "permutation_seed": 20260825,
    "reduced_trials": 49,
    "schema_version": 1,
    "screening_trials": 12,
    "smoke_reductions_applied": false,
    "tau_months": 60.0,
    "wall_time_seconds": 14400
  },
  "candidate": {
    "name": "cost_bounded_screen_v1",
    "plot_top_k": 32,
    "reduced_space": {
      "max_depth": [
        6,
        4,
        8
      ],
      "max_features": [
        "sqrt",
        0.5,
        1.0
      ],
      "min_samples_leaf": [
        16,
        8,
        32
      ],
      "n_estimators": [
        400,
        200,
        600
      ],
      "split_leaf_multiplier": [
        2,
        3
      ]
    },
    "screening_space": {
      "max_depth": [
        3,
        4
      ],
      "max_features": [
        "sqrt",
        0.025,
        0.05
      ],
      "min_samples_leaf": [
        24
      ],
      "n_estimators": [
        50,
        100
      ],
      "split_leaf_multiplier": [
        2
      ]
    }
  },
  "data": {
    "confirmatory_validation_used": false,
    "development_act": 152,
    "development_events": 465,
    "development_n": 1034,
    "former_validation_used_as_development": true,
    "reactome_collection_sha256": "5d61f289a2400cddfbb3a3353829fd2284a360bbe50f2093b566c4b7bea93341",
    "reactome_genes_before_smoke_reduction": 8647,
    "reactome_genes_used": 8647,
    "test_used": false,
    "train_sha256": "b93f3cee3858716bca8add447bc837c734e203f6cb37962b1081e3c118d2c65d",
    "validation_sha256": "824689aeaa34984727f2551bd512214164d0559d05cbec5817b0f88c9adb15a9"
  },
  "eligible": true,
  "final": {
    "clinical_covariates": [
      "Adjuvant Chemo",
      "Age",
      "IS_MALE",
      "Stage_IA",
      "Stage_IB",
      "Stage_II",
      "Stage_III",
      "Histology_Adenocarcinoma",
      "Histology_Adenosquamous Carcinoma",
      "Histology_Large Cell Carcinoma",
      "Histology_Squamous Cell Carcinoma",
      "Race_African American",
      "Race_Asian",
      "Race_Caucasian",
      "Race_Native Hawaiian or Other Pacific Islander",
      "Race_Unknown",
      "Smoked?_No",
      "Smoked?_Unknown",
      "Smoked?_Yes"
    ],
    "covariates": [
      "Adjuvant Chemo",
      "Age",
      "IS_MALE",
      "Stage_IA",
      "Stage_IB",
      "Stage_II",
      "Stage_III",
      "Histology_Adenocarcinoma",
      "Histology_Adenosquamous Carcinoma",
      "Histology_Large Cell Carcinoma",
      "Histology_Squamous Cell Carcinoma",
      "Race_African American",
      "Race_Asian",
      "Race_Caucasian",
      "Race_Native Hawaiian or Other Pacific Islander",
      "Race_Unknown",
      "Smoked?_No",
      "Smoked?_Unknown",
      "Smoked?_Yes",
      "ANKFY1",
      "RAB4B",
      "TRIM38",
      "PRIM2",
      "FRAT1",
      "CFL1",
      "FMO3",
      "LDLRAP1",
      "POLR3G",
      "SSB",
      "NDUFAF5",
      "CTDSP2",
      "HDAC2",
      "EEF1G",
      "INHA",
      "GLS2",
      "CALU",
      "KRAS",
      "TRIM68",
      "OSBPL3"
    ],
    "development_cv": {
      "folds": [
        {
          "act_recommended_fraction": 0.30144927536231886,
          "fold": 1,
          "harrell_cindex": 0.7080761099365751,
          "rmst_difference_months": 2.246939692121201
        },
        {
          "act_recommended_fraction": 0.3159420289855073,
          "fold": 2,
          "harrell_cindex": 0.7101545620741233,
          "rmst_difference_months": 9.159527321374085
        },
        {
          "act_recommended_fraction": 0.21511627906976744,
          "fold": 3,
          "harrell_cindex": 0.714173603520278,
          "rmst_difference_months": 4.232118647219474
        }
      ],
      "harrell_cindex": 0.7103098990174842,
      "rmst_difference_months": 5.213810381334016
    },
    "genes": [
      "ANKFY1",
      "RAB4B",
      "TRIM38",
      "PRIM2",
      "FRAT1",
      "CFL1",
      "FMO3",
      "LDLRAP1",
      "POLR3G",
      "SSB",
      "NDUFAF5",
      "CTDSP2",
      "HDAC2",
      "EEF1G",
      "INHA",
      "GLS2",
      "CALU",
      "KRAS",
      "TRIM68",
      "OSBPL3"
    ],
    "rsf_params": {
      "max_depth": 6,
      "max_features": "sqrt",
      "min_samples_leaf": 16,
      "min_samples_split": 32,
      "n_estimators": 400
    },
    "top_n": 20
  },
  "limitations": [
    "Train and former validation are pooled adaptive development data; the reported CV scores are not external confirmation.",
    "The PFI ranking and reduced-model search reuse development folds, so final CV performance is selection-adaptive.",
    "Permutation importance is conditional on the fitted RSF and can divide credit unpredictably among correlated genes.",
    "Zero importance for a feature unused by every assessment-fold forest is exact for those fitted forests, not proof of no biological effect.",
    "IPCW-AIPW validity requires adequate measured-confounder adjustment, positivity, consistency, and conditionally independent censoring.",
    "Random row-level CV does not establish transportability across source studies or expression platforms."
  ],
  "objective": {
    "primary": "60-month cross-fitted IPCW-AIPW policy-versus-anti-policy RMST difference",
    "secondary": "Harrell C-index",
    "selection": "lexicographic with RMST first"
  },
  "permutation_importance": {
    "features_used_in_any_fold": 993,
    "features_with_positive_rmst_importance": 0,
    "rank_rule": "RMST importance descending, C-index importance descending, symbol ascending",
    "repeats": 3,
    "top_32_genes": [
      "ANKFY1",
      "RAB4B",
      "TRIM38",
      "PRIM2",
      "FRAT1",
      "CFL1",
      "FMO3",
      "LDLRAP1",
      "POLR3G",
      "SSB",
      "NDUFAF5",
      "CTDSP2",
      "HDAC2",
      "EEF1G",
      "INHA",
      "GLS2",
      "CALU",
      "KRAS",
      "TRIM68",
      "OSBPL3",
      "PAFAH1B1",
      "LONRF1",
      "TXNIP",
      "HNF1B",
      "HMMR",
      "SLCO4C1",
      "KNL1",
      "LAMB1",
      "PFKP",
      "AAMP",
      "BRD1",
      "CS"
    ]
  },
  "phase": "pooled_development_cv_search",
  "reduced_search": {
    "best_trial": 20,
    "evaluated_top_n": [
      0,
      1,
      2,
      3,
      4,
      5,
      6,
      7,
      8,
      9,
      10,
      11,
      12,
      13,
      14,
      15,
      16,
      17,
      18,
      19,
      20,
      21,
      22,
      23,
      24,
      25,
      26,
      27,
      28,
      29,
      30,
      31,
      32
    ],
    "trials": [
      {
        "harrell_cindex": 0.6825071221534661,
        "rmst_difference_months": 3.394965377171216,
        "rsf_max_depth": 6,
        "rsf_max_features": "sqrt",
        "rsf_min_samples_leaf": 16,
        "rsf_min_samples_split": 32,
        "rsf_n_estimators": 400,
        "stage": "reduced",
        "top_n": 0,
        "trial": 0
      },
      {
        "harrell_cindex": 0.6940453211020563,
        "rmst_difference_months": 1.5768727915753935,
        "rsf_max_depth": 6,
        "rsf_max_features": "sqrt",
        "rsf_min_samples_leaf": 16,
        "rsf_min_samples_split": 32,
        "rsf_n_estimators": 400,
        "stage": "reduced",
        "top_n": 1,
        "trial": 1
      },
      {
        "harrell_cindex": 0.6974248527467617,
        "rmst_difference_months": 2.4910606007032543,
        "rsf_max_depth": 6,
        "rsf_max_features": "sqrt",
        "rsf_min_samples_leaf": 16,
        "rsf_min_samples_split": 32,
        "rsf_n_estimators": 400,
        "stage": "reduced",
        "top_n": 2,
        "trial": 2
      },
      {
        "harrell_cindex": 0.7070451907619928,
        "rmst_difference_months": 4.328359263242482,
        "rsf_max_depth": 6,
        "rsf_max_features": "sqrt",
        "rsf_min_samples_leaf": 16,
        "rsf_min_samples_split": 32,
        "rsf_n_estimators": 400,
        "stage": "reduced",
        "top_n": 3,
        "trial": 3
      },
      {
        "harrell_cindex": 0.7061576369967166,
        "rmst_difference_months": 2.73098112920037,
        "rsf_max_depth": 6,
        "rsf_max_features": "sqrt",
        "rsf_min_samples_leaf": 16,
        "rsf_min_samples_split": 32,
        "rsf_n_estimators": 400,
        "stage": "reduced",
        "top_n": 4,
        "trial": 4
      },
      {
        "harrell_cindex": 0.7062321170329636,
        "rmst_difference_months": 2.779776968141614,
        "rsf_max_depth": 6,
        "rsf_max_features": "sqrt",
        "rsf_min_samples_leaf": 16,
        "rsf_min_samples_split": 32,
        "rsf_n_estimators": 400,
        "stage": "reduced",
        "top_n": 5,
        "trial": 5
      },
      {
        "harrell_cindex": 0.7034918723660446,
        "rmst_difference_months": -0.10346472383886515,
        "rsf_max_depth": 6,
        "rsf_max_features": "sqrt",
        "rsf_min_samples_leaf": 16,
        "rsf_min_samples_split": 32,
        "rsf_n_estimators": 400,
        "stage": "reduced",
        "top_n": 6,
        "trial": 6
      },
      {
        "harrell_cindex": 0.7027625886777932,
        "rmst_difference_months": 2.644815861420972,
        "rsf_max_depth": 6,
        "rsf_max_features": "sqrt",
        "rsf_min_samples_leaf": 16,
        "rsf_min_samples_split": 32,
        "rsf_n_estimators": 400,
        "stage": "reduced",
        "top_n": 7,
        "trial": 7
      },
      {
        "harrell_cindex": 0.7064990038295152,
        "rmst_difference_months": 1.7688962405684967,
        "rsf_max_depth": 6,
        "rsf_max_features": "sqrt",
        "rsf_min_samples_leaf": 16,
        "rsf_min_samples_split": 32,
        "rsf_n_estimators": 400,
        "stage": "reduced",
        "top_n": 8,
        "trial": 8
      },
      {
        "harrell_cindex": 0.7049100963895802,
        "rmst_difference_months": -0.026427398277423183,
        "rsf_max_depth": 6,
        "rsf_max_features": "sqrt",
        "rsf_min_samples_leaf": 16,
        "rsf_min_samples_split": 32,
        "rsf_n_estimators": 400,
        "stage": "reduced",
        "top_n": 9,
        "trial": 9
      },
      {
        "harrell_cindex": 0.7069893307348076,
        "rmst_difference_months": 0.2416460584359576,
        "rsf_max_depth": 6,
        "rsf_max_features": "sqrt",
        "rsf_min_samples_leaf": 16,
        "rsf_min_samples_split": 32,
        "rsf_n_estimators": 400,
        "stage": "reduced",
        "top_n": 10,
        "trial": 10
      },
      {
        "harrell_cindex": 0.7056952401050168,
        "rmst_difference_months": 0.13473966254482386,
        "rsf_max_depth": 6,
        "rsf_max_features": "sqrt",
        "rsf_min_samples_leaf": 16,
        "rsf_min_samples_split": 32,
        "rsf_n_estimators": 400,
        "stage": "reduced",
        "top_n": 11,
        "trial": 11
      },
      {
        "harrell_cindex": 0.7038456525382175,
        "rmst_difference_months": -0.3830972162055558,
        "rsf_max_depth": 6,
        "rsf_max_features": "sqrt",
        "rsf_min_samples_leaf": 16,
        "rsf_min_samples_split": 32,
        "rsf_n_estimators": 400,
        "stage": "reduced",
        "top_n": 12,
        "trial": 12
      },
      {
        "harrell_cindex": 0.7053135299192512,
        "rmst_difference_months": -0.7120098277791866,
        "rsf_max_depth": 6,
        "rsf_max_features": "sqrt",
        "rsf_min_samples_leaf": 16,
        "rsf_min_samples_split": 32,
        "rsf_n_estimators": 400,
        "stage": "reduced",
        "top_n": 13,
        "trial": 13
      },
      {
        "harrell_cindex": 0.7051490531725392,
        "rmst_difference_months": -0.23192565446973804,
        "rsf_max_depth": 6,
        "rsf_max_features": "sqrt",
        "rsf_min_samples_leaf": 16,
        "rsf_min_samples_split": 32,
        "rsf_n_estimators": 400,
        "stage": "reduced",
        "top_n": 14,
        "trial": 14
      },
      {
        "harrell_cindex": 0.7121532799145962,
        "rmst_difference_months": 3.396323628297617,
        "rsf_max_depth": 6,
        "rsf_max_features": "sqrt",
        "rsf_min_samples_leaf": 16,
        "rsf_min_samples_split": 32,
        "rsf_n_estimators": 400,
        "stage": "reduced",
        "top_n": 15,
        "trial": 15
      },
      {
        "harrell_cindex": 0.7113743428688468,
        "rmst_difference_months": -1.1570988751805718,
        "rsf_max_depth": 6,
        "rsf_max_features": "sqrt",
        "rsf_min_samples_leaf": 16,
        "rsf_min_samples_split": 32,
        "rsf_n_estimators": 400,
        "stage": "reduced",
        "top_n": 16,
        "trial": 16
      },
      {
        "harrell_cindex": 0.7137732207029674,
        "rmst_difference_months": 0.0194711115438913,
        "rsf_max_depth": 6,
        "rsf_max_features": "sqrt",
        "rsf_min_samples_leaf": 16,
        "rsf_min_samples_split": 32,
        "rsf_n_estimators": 400,
        "stage": "reduced",
        "top_n": 17,
        "trial": 17
      },
      {
        "harrell_cindex": 0.7119205298013245,
        "rmst_difference_months": 1.798661229601613,
        "rsf_max_depth": 6,
        "rsf_max_features": "sqrt",
        "rsf_min_samples_leaf": 16,
        "rsf_min_samples_split": 32,
        "rsf_n_estimators": 400,
        "stage": "reduced",
        "top_n": 18,
        "trial": 18
      },
      {
        "harrell_cindex": 0.7131153137161194,
        "rmst_difference_months": 1.3527554794097467,
        "rsf_max_depth": 6,
        "rsf_max_features": "sqrt",
        "rsf_min_samples_leaf": 16,
        "rsf_min_samples_split": 32,
        "rsf_n_estimators": 400,
        "stage": "reduced",
        "top_n": 19,
        "trial": 19
      },
      {
        "harrell_cindex": 0.7103098990174842,
        "rmst_difference_months": 5.213810381334016,
        "rsf_max_depth": 6,
        "rsf_max_features": "sqrt",
        "rsf_min_samples_leaf": 16,
        "rsf_min_samples_split": 32,
        "rsf_n_estimators": 400,
        "stage": "reduced",
        "top_n": 20,
        "trial": 20
      },
      {
        "harrell_cindex": 0.7101361122662413,
        "rmst_difference_months": 0.12759732768730417,
        "rsf_max_depth": 6,
        "rsf_max_features": "sqrt",
        "rsf_min_samples_leaf": 16,
        "rsf_min_samples_split": 32,
        "rsf_n_estimators": 400,
        "stage": "reduced",
        "top_n": 21,
        "trial": 21
      },
      {
        "harrell_cindex": 0.7089537416908209,
        "rmst_difference_months": 2.7948192406265835,
        "rsf_max_depth": 6,
        "rsf_max_features": "sqrt",
        "rsf_min_samples_leaf": 16,
        "rsf_min_samples_split": 32,
        "rsf_n_estimators": 400,
        "stage": "reduced",
        "top_n": 22,
        "trial": 22
      },
      {
        "harrell_cindex": 0.7071351874724578,
        "rmst_difference_months": 0.6761323954905111,
        "rsf_max_depth": 6,
        "rsf_max_features": "sqrt",
        "rsf_min_samples_leaf": 16,
        "rsf_min_samples_split": 32,
        "rsf_n_estimators": 400,
        "stage": "reduced",
        "top_n": 23,
        "trial": 23
      },
      {
        "harrell_cindex": 0.7090716684148787,
        "rmst_difference_months": 0.6350260077864069,
        "rsf_max_depth": 6,
        "rsf_max_features": "sqrt",
        "rsf_min_samples_leaf": 16,
        "rsf_min_samples_split": 32,
        "rsf_n_estimators": 400,
        "stage": "reduced",
        "top_n": 24,
        "trial": 24
      },
      {
        "harrell_cindex": 0.7061390169876549,
        "rmst_difference_months": -2.4617155368520387,
        "rsf_max_depth": 6,
        "rsf_max_features": "sqrt",
        "rsf_min_samples_leaf": 16,
        "rsf_min_samples_split": 32,
        "rsf_n_estimators": 400,
        "stage": "reduced",
        "top_n": 25,
        "trial": 25
      },
      {
        "harrell_cindex": 0.7080444645816394,
        "rmst_difference_months": 1.5525079059344782,
        "rsf_max_depth": 6,
        "rsf_max_features": "sqrt",
        "rsf_min_samples_leaf": 16,
        "rsf_min_samples_split": 32,
        "rsf_n_estimators": 400,
        "stage": "reduced",
        "top_n": 26,
        "trial": 26
      },
      {
        "harrell_cindex": 0.7081561846360098,
        "rmst_difference_months": -0.5392585331313033,
        "rsf_max_depth": 6,
        "rsf_max_features": "sqrt",
        "rsf_min_samples_leaf": 16,
        "rsf_min_samples_split": 32,
        "rsf_n_estimators": 400,
        "stage": "reduced",
        "top_n": 27,
        "trial": 27
      },
      {
        "harrell_cindex": 0.7079296411924254,
        "rmst_difference_months": 0.4424654613225346,
        "rsf_max_depth": 6,
        "rsf_max_features": "sqrt",
        "rsf_min_samples_leaf": 16,
        "rsf_min_samples_split": 32,
        "rsf_n_estimators": 400,
        "stage": "reduced",
        "top_n": 28,
        "trial": 28
      },
      {
        "harrell_cindex": 0.7071103607937089,
        "rmst_difference_months": 1.4688049568420034,
        "rsf_max_depth": 6,
        "rsf_max_features": "sqrt",
        "rsf_min_samples_leaf": 16,
        "rsf_min_samples_split": 32,
        "rsf_n_estimators": 400,
        "stage": "reduced",
        "top_n": 29,
        "trial": 29
      },
      {
        "harrell_cindex": 0.7073834542599478,
        "rmst_difference_months": 0.1315704723824686,
        "rsf_max_depth": 6,
        "rsf_max_features": "sqrt",
        "rsf_min_samples_leaf": 16,
        "rsf_min_samples_split": 32,
        "rsf_n_estimators": 400,
        "stage": "reduced",
        "top_n": 30,
        "trial": 30
      },
      {
        "harrell_cindex": 0.7074269009477585,
        "rmst_difference_months": 1.6717442577752104,
        "rsf_max_depth": 6,
        "rsf_max_features": "sqrt",
        "rsf_min_samples_leaf": 16,
        "rsf_min_samples_split": 32,
        "rsf_n_estimators": 400,
        "stage": "reduced",
        "top_n": 31,
        "trial": 31
      },
      {
        "harrell_cindex": 0.7094564819354878,
        "rmst_difference_months": 0.0054388140567722,
        "rsf_max_depth": 6,
        "rsf_max_features": "sqrt",
        "rsf_min_samples_leaf": 16,
        "rsf_min_samples_split": 32,
        "rsf_n_estimators": 400,
        "stage": "reduced",
        "top_n": 32,
        "trial": 32
      },
      {
        "harrell_cindex": 0.6821409286419186,
        "rmst_difference_months": -0.8491671277467193,
        "rsf_max_depth": 4,
        "rsf_max_features": 1.0,
        "rsf_min_samples_leaf": 32,
        "rsf_min_samples_split": 96,
        "rsf_n_estimators": 400,
        "stage": "reduced",
        "top_n": 3,
        "trial": 33
      },
      {
        "harrell_cindex": 0.7053445632676875,
        "rmst_difference_months": 3.2559356825659895,
        "rsf_max_depth": 8,
        "rsf_max_features": "sqrt",
        "rsf_min_samples_leaf": 8,
        "rsf_min_samples_split": 16,
        "rsf_n_estimators": 400,
        "stage": "reduced",
        "top_n": 7,
        "trial": 34
      },
      {
        "harrell_cindex": 0.6830036557284458,
        "rmst_difference_months": 3.1650041141702276,
        "rsf_max_depth": 6,
        "rsf_max_features": "sqrt",
        "rsf_min_samples_leaf": 16,
        "rsf_min_samples_split": 32,
        "rsf_n_estimators": 600,
        "stage": "reduced",
        "top_n": 0,
        "trial": 35
      },
      {
        "harrell_cindex": 0.7005157742510101,
        "rmst_difference_months": 3.1431166655621103,
        "rsf_max_depth": 6,
        "rsf_max_features": "sqrt",
        "rsf_min_samples_leaf": 32,
        "rsf_min_samples_split": 96,
        "rsf_n_estimators": 400,
        "stage": "reduced",
        "top_n": 9,
        "trial": 36
      },
      {
        "harrell_cindex": 0.7030325788091883,
        "rmst_difference_months": 2.4630841157961156,
        "rsf_max_depth": 6,
        "rsf_max_features": "sqrt",
        "rsf_min_samples_leaf": 16,
        "rsf_min_samples_split": 32,
        "rsf_n_estimators": 200,
        "stage": "reduced",
        "top_n": 6,
        "trial": 37
      },
      {
        "harrell_cindex": 0.6920250501188577,
        "rmst_difference_months": -0.36251269611052145,
        "rsf_max_depth": 8,
        "rsf_max_features": 1.0,
        "rsf_min_samples_leaf": 16,
        "rsf_min_samples_split": 32,
        "rsf_n_estimators": 400,
        "stage": "reduced",
        "top_n": 3,
        "trial": 38
      },
      {
        "harrell_cindex": 0.6917162683019172,
        "rmst_difference_months": 0.21834611561134748,
        "rsf_max_depth": 8,
        "rsf_max_features": 1.0,
        "rsf_min_samples_leaf": 32,
        "rsf_min_samples_split": 96,
        "rsf_n_estimators": 200,
        "stage": "reduced",
        "top_n": 28,
        "trial": 39
      },
      {
        "harrell_cindex": 0.7071351874724578,
        "rmst_difference_months": 0.6761323954905111,
        "rsf_max_depth": 6,
        "rsf_max_features": "sqrt",
        "rsf_min_samples_leaf": 16,
        "rsf_min_samples_split": 32,
        "rsf_n_estimators": 400,
        "stage": "reduced",
        "top_n": 23,
        "trial": 40
      },
      {
        "harrell_cindex": 0.7087178882427057,
        "rmst_difference_months": 0.6891166910529787,
        "rsf_max_depth": 8,
        "rsf_max_features": "sqrt",
        "rsf_min_samples_leaf": 16,
        "rsf_min_samples_split": 48,
        "rsf_n_estimators": 200,
        "stage": "reduced",
        "top_n": 21,
        "trial": 41
      },
      {
        "harrell_cindex": 0.7071041541240217,
        "rmst_difference_months": 1.0715677678779318,
        "rsf_max_depth": 6,
        "rsf_max_features": "sqrt",
        "rsf_min_samples_leaf": 16,
        "rsf_min_samples_split": 48,
        "rsf_n_estimators": 600,
        "stage": "reduced",
        "top_n": 24,
        "trial": 42
      },
      {
        "harrell_cindex": 0.7010340311698952,
        "rmst_difference_months": 0.21834611561134748,
        "rsf_max_depth": 4,
        "rsf_max_features": 0.5,
        "rsf_min_samples_leaf": 16,
        "rsf_min_samples_split": 32,
        "rsf_n_estimators": 200,
        "stage": "reduced",
        "top_n": 27,
        "trial": 43
      },
      {
        "harrell_cindex": 0.7061079836392187,
        "rmst_difference_months": 1.2784059863175141,
        "rsf_max_depth": 6,
        "rsf_max_features": "sqrt",
        "rsf_min_samples_leaf": 8,
        "rsf_min_samples_split": 24,
        "rsf_n_estimators": 600,
        "stage": "reduced",
        "top_n": 14,
        "trial": 44
      },
      {
        "harrell_cindex": 0.7069055406940298,
        "rmst_difference_months": 0.8847548179775296,
        "rsf_max_depth": 4,
        "rsf_max_features": "sqrt",
        "rsf_min_samples_leaf": 8,
        "rsf_min_samples_split": 16,
        "rsf_n_estimators": 400,
        "stage": "reduced",
        "top_n": 32,
        "trial": 45
      },
      {
        "harrell_cindex": 0.6955442318315261,
        "rmst_difference_months": 0.21834611561134748,
        "rsf_max_depth": 4,
        "rsf_max_features": 1.0,
        "rsf_min_samples_leaf": 16,
        "rsf_min_samples_split": 32,
        "rsf_n_estimators": 400,
        "stage": "reduced",
        "top_n": 27,
        "trial": 46
      },
      {
        "harrell_cindex": 0.7053476666025311,
        "rmst_difference_months": 0.6224538036760675,
        "rsf_max_depth": 8,
        "rsf_max_features": 0.5,
        "rsf_min_samples_leaf": 16,
        "rsf_min_samples_split": 48,
        "rsf_n_estimators": 400,
        "stage": "reduced",
        "top_n": 22,
        "trial": 47
      },
      {
        "harrell_cindex": 0.6684490153118541,
        "rmst_difference_months": 1.4352825915305383,
        "rsf_max_depth": 8,
        "rsf_max_features": 1.0,
        "rsf_min_samples_leaf": 8,
        "rsf_min_samples_split": 24,
        "rsf_n_estimators": 600,
        "stage": "reduced",
        "top_n": 0,
        "trial": 48
      }
    ]
  },
  "reward": 5.213810381334016,
  "schema_version": 1,
  "screening": {
    "best_params": {
      "max_depth": 4,
      "max_features": 0.05,
      "min_samples_leaf": 24,
      "min_samples_split": 48,
      "n_estimators": 50
    },
    "best_trial": 5,
    "n_features": 8666,
    "n_reactome_genes": 8647,
    "optimization_harrell_cindex": 0.6525676992496137,
    "optimization_rmst_difference_months": 0.21834611561134748,
    "pfi_refit_oof": {
      "harrell_cindex": 0.6525676992496137,
      "rmst_difference_months": 0.21834611561134715
    },
    "trials": [
      {
        "harrell_cindex": 0.6339461385204541,
        "rmst_difference_months": 0.21834611561134748,
        "rsf_max_depth": 3,
        "rsf_max_features": "sqrt",
        "rsf_min_samples_leaf": 24,
        "rsf_min_samples_split": 48,
        "rsf_n_estimators": 100,
        "stage": "screening",
        "top_n": null,
        "trial": 0
      },
      {
        "harrell_cindex": 0.628769776001291,
        "rmst_difference_months": 0.21834611561134748,
        "rsf_max_depth": 3,
        "rsf_max_features": "sqrt",
        "rsf_min_samples_leaf": 24,
        "rsf_min_samples_split": 48,
        "rsf_n_estimators": 50,
        "stage": "screening",
        "top_n": null,
        "trial": 1
      },
      {
        "harrell_cindex": 0.6498274545826945,
        "rmst_difference_months": 0.21834611561134748,
        "rsf_max_depth": 4,
        "rsf_max_features": 0.05,
        "rsf_min_samples_leaf": 24,
        "rsf_min_samples_split": 48,
        "rsf_n_estimators": 100,
        "stage": "screening",
        "top_n": null,
        "trial": 2
      },
      {
        "harrell_cindex": 0.6325046394855912,
        "rmst_difference_months": 0.21834611561134748,
        "rsf_max_depth": 4,
        "rsf_max_features": "sqrt",
        "rsf_min_samples_leaf": 24,
        "rsf_min_samples_split": 48,
        "rsf_n_estimators": 100,
        "stage": "screening",
        "top_n": null,
        "trial": 3
      },
      {
        "harrell_cindex": 0.6488731791182805,
        "rmst_difference_months": 0.21834611561134748,
        "rsf_max_depth": 3,
        "rsf_max_features": 0.05,
        "rsf_min_samples_leaf": 24,
        "rsf_min_samples_split": 48,
        "rsf_n_estimators": 50,
        "stage": "screening",
        "top_n": null,
        "trial": 4
      },
      {
        "harrell_cindex": 0.6525676992496137,
        "rmst_difference_months": 0.21834611561134748,
        "rsf_max_depth": 4,
        "rsf_max_features": 0.05,
        "rsf_min_samples_leaf": 24,
        "rsf_min_samples_split": 48,
        "rsf_n_estimators": 50,
        "stage": "screening",
        "top_n": null,
        "trial": 5
      },
      {
        "harrell_cindex": 0.6498274545826945,
        "rmst_difference_months": 0.21834611561134748,
        "rsf_max_depth": 4,
        "rsf_max_features": 0.05,
        "rsf_min_samples_leaf": 24,
        "rsf_min_samples_split": 48,
        "rsf_n_estimators": 100,
        "stage": "screening",
        "top_n": null,
        "trial": 6
      },
      {
        "harrell_cindex": 0.6498274545826945,
        "rmst_difference_months": 0.21834611561134748,
        "rsf_max_depth": 4,
        "rsf_max_features": 0.05,
        "rsf_min_samples_leaf": 24,
        "rsf_min_samples_split": 48,
        "rsf_n_estimators": 100,
        "stage": "screening",
        "top_n": null,
        "trial": 7
      },
      {
        "harrell_cindex": 0.6498274545826945,
        "rmst_difference_months": 0.21834611561134748,
        "rsf_max_depth": 4,
        "rsf_max_features": 0.05,
        "rsf_min_samples_leaf": 24,
        "rsf_min_samples_split": 48,
        "rsf_n_estimators": 100,
        "stage": "screening",
        "top_n": null,
        "trial": 8
      },
      {
        "harrell_cindex": 0.6488731791182805,
        "rmst_difference_months": 0.21834611561134748,
        "rsf_max_depth": 3,
        "rsf_max_features": 0.05,
        "rsf_min_samples_leaf": 24,
        "rsf_min_samples_split": 48,
        "rsf_n_estimators": 50,
        "stage": "screening",
        "top_n": null,
        "trial": 9
      },
      {
        "harrell_cindex": 0.6525676992496137,
        "rmst_difference_months": 0.21834611561134748,
        "rsf_max_depth": 4,
        "rsf_max_features": 0.05,
        "rsf_min_samples_leaf": 24,
        "rsf_min_samples_split": 48,
        "rsf_n_estimators": 50,
        "stage": "screening",
        "top_n": null,
        "trial": 10
      },
      {
        "harrell_cindex": 0.6325046394855912,
        "rmst_difference_months": 0.21834611561134748,
        "rsf_max_depth": 4,
        "rsf_max_features": "sqrt",
        "rsf_min_samples_leaf": 24,
        "rsf_min_samples_split": 48,
        "rsf_n_estimators": 100,
        "stage": "screening",
        "top_n": null,
        "trial": 11
      }
    ]
  },
  "secondary_score": 0.7103098990174842
}

