[fold 1/3] selected=TGFBR3,SMAD4,SMAD5,ACVR2A,SIRT1...
/Users/owen/Library/Python/3.12/lib/python/site-packages/sklearn/pipeline.py:621: ConvergenceWarning: Optimization did not converge: Maximum number of iterations has been exceeded.
  self._final_estimator.fit(Xt, y, **last_step_params["fit"])
/Users/owen/Library/Python/3.12/lib/python/site-packages/sklearn/pipeline.py:621: ConvergenceWarning: Optimization did not converge: Maximum number of iterations has been exceeded.
  self._final_estimator.fit(Xt, y, **last_step_params["fit"])
/Users/owen/Library/Python/3.12/lib/python/site-packages/sklearn/pipeline.py:621: ConvergenceWarning: Optimization did not converge: Maximum number of iterations has been exceeded.
  self._final_estimator.fit(Xt, y, **last_step_params["fit"])
[fold 2/3] selected=NDC1,RAN,SUMO1,NUP37,APOL1...
[fold 3/3] selected=ITPR1,IGLC2,IGLV3-25,IGKV4-1,FGR...
/Users/owen/Library/Python/3.12/lib/python/site-packages/sklearn/pipeline.py:621: ConvergenceWarning: Optimization did not converge: Maximum number of iterations has been exceeded.
  self._final_estimator.fit(Xt, y, **last_step_params["fit"])
{
  "budget": {
    "forest_seeds": [
      42,
      43,
      44
    ],
    "inner_folds": 3,
    "max_experiments": 20,
    "max_selected_genes": 32,
    "max_total_features": 51,
    "max_trees_per_forest": 1000,
    "multiplicity_alpha": 0.05,
    "outer_folds": 3,
    "patient_bootstraps": 4000,
    "schema_version": 1,
    "smoke_reductions_applied": false,
    "tau_months": 60.0,
    "wall_time_seconds": 1500
  },
  "candidate": {
    "benefit_threshold_months": 0.0,
    "n_genes": 16,
    "name": "feasible_corner_pathway16_zerothresh",
    "rsf": {
      "max_depth": 6,
      "max_features": 0.25,
      "min_samples_leaf": 8,
      "min_samples_split": 16,
      "n_estimators": 800
    },
    "selector": "dr_gene"
  },
  "data": {
    "forest_seeds": [
      42,
      43,
      44
    ],
    "outer_folds": 3,
    "reactome_collection_sha256": "5d61f289a2400cddfbb3a3353829fd2284a360bbe50f2093b566c4b7bea93341",
    "test_used": false,
    "train_act": 114,
    "train_events": 348,
    "train_n": 775,
    "train_sha256": "b93f3cee3858716bca8add447bc837c734e203f6cb37962b1081e3c118d2c65d",
    "validation_act": 38,
    "validation_events": 117,
    "validation_n": 259,
    "validation_sha256": "824689aeaa34984727f2551bd512214164d0559d05cbec5817b0f88c9adb15a9",
    "validation_used": true
  },
  "eligible": false,
  "estimator": "outer-cross-fitted IPCW-AIPW restricted-time policy value",
  "gates": {
    "gene_selection_jaccard_at_least_0_10": true,
    "train_cindex_drop_no_more_than_0_03": true,
    "train_genomic_alignment_positive": true,
    "train_genomic_seed_agreement_at_least_0_85": true,
    "train_genomic_value_at_least_best_constant": false,
    "train_genomic_value_at_least_clinical": false,
    "train_iptw_effective_sample_size_at_least_0_30n": true,
    "train_nontrivial_benefit_fraction_at_least_0_10": true,
    "train_raw_propensity_overlap_at_least_0_80": true,
    "validation_cindex_drop_no_more_than_0_03": false,
    "validation_genomic_alignment_positive": true,
    "validation_genomic_seed_agreement_at_least_0_85": true,
    "validation_genomic_value_at_least_best_constant": false,
    "validation_genomic_value_at_least_clinical": false,
    "validation_iptw_effective_sample_size_at_least_0_30n": true,
    "validation_nontrivial_benefit_fraction_at_least_0_10": true,
    "validation_raw_propensity_overlap_at_least_0_80": true
  },
  "gene_selection": {
    "frequency": [
      {
        "count": 2,
        "gene": "APOL1"
      },
      {
        "count": 2,
        "gene": "CALM1"
      },
      {
        "count": 2,
        "gene": "IGKV1-17"
      },
      {
        "count": 2,
        "gene": "IGKV1D-39"
      },
      {
        "count": 2,
        "gene": "IGKV4-1"
      },
      {
        "count": 2,
        "gene": "IGLV2-14"
      },
      {
        "count": 2,
        "gene": "IGLV3-19"
      },
      {
        "count": 2,
        "gene": "IGLV3-25"
      },
      {
        "count": 2,
        "gene": "LRP1"
      },
      {
        "count": 1,
        "gene": "ACVR2A"
      },
      {
        "count": 1,
        "gene": "CD163"
      },
      {
        "count": 1,
        "gene": "CHD9"
      },
      {
        "count": 1,
        "gene": "EP300"
      },
      {
        "count": 1,
        "gene": "FGR"
      },
      {
        "count": 1,
        "gene": "HDAC1"
      },
      {
        "count": 1,
        "gene": "IGKV2D-28"
      },
      {
        "count": 1,
        "gene": "IGLC2"
      },
      {
        "count": 1,
        "gene": "ITPR1"
      },
      {
        "count": 1,
        "gene": "JCHAIN"
      },
      {
        "count": 1,
        "gene": "MAP2K2"
      },
      {
        "count": 1,
        "gene": "MAP3K11"
      },
      {
        "count": 1,
        "gene": "MARK3"
      },
      {
        "count": 1,
        "gene": "NDC1"
      },
      {
        "count": 1,
        "gene": "NRAS"
      },
      {
        "count": 1,
        "gene": "NUP37"
      },
      {
        "count": 1,
        "gene": "PIK3CB"
      },
      {
        "count": 1,
        "gene": "PIK3R1"
      },
      {
        "count": 1,
        "gene": "PPP1CB"
      },
      {
        "count": 1,
        "gene": "PPP1CC"
      },
      {
        "count": 1,
        "gene": "PRKAR2B"
      },
      {
        "count": 1,
        "gene": "PRKX"
      },
      {
        "count": 1,
        "gene": "PTPRZ1"
      },
      {
        "count": 1,
        "gene": "RAN"
      },
      {
        "count": 1,
        "gene": "RORC"
      },
      {
        "count": 1,
        "gene": "SIRT1"
      },
      {
        "count": 1,
        "gene": "SMAD4"
      },
      {
        "count": 1,
        "gene": "SMAD5"
      },
      {
        "count": 1,
        "gene": "SUMO1"
      },
      {
        "count": 1,
        "gene": "TGFBR3"
      }
    ],
    "full_training_selection": [
      "TGFBR3",
      "SMAD4",
      "SMAD1",
      "SMAD5",
      "SIRT1",
      "CHD9",
      "TBL1XR1",
      "MEF2C",
      "IGLV3-25",
      "IGKV1-17",
      "IGKV4-1",
      "IGLC2",
      "CDKN1B",
      "SMAD2",
      "RBL2",
      "FOXO1"
    ],
    "mean_pairwise_jaccard": 0.12186379928315412,
    "per_outer_fold": [
      [
        "TGFBR3",
        "SMAD4",
        "SMAD5",
        "ACVR2A",
        "SIRT1",
        "CHD9",
        "EP300",
        "RORC",
        "PIK3CB",
        "PIK3R1",
        "HDAC1",
        "PTPRZ1",
        "MARK3",
        "CALM1",
        "MAP3K11",
        "MAP2K2"
      ],
      [
        "NDC1",
        "RAN",
        "SUMO1",
        "NUP37",
        "APOL1",
        "IGKV1-17",
        "IGLV2-14",
        "LRP1",
        "NRAS",
        "PPP1CB",
        "PPP1CC",
        "CALM1",
        "IGKV4-1",
        "IGLV3-25",
        "IGLV3-19",
        "IGKV1D-39"
      ],
      [
        "ITPR1",
        "IGLC2",
        "IGLV3-25",
        "IGKV4-1",
        "FGR",
        "PRKX",
        "PRKAR2B",
        "IGKV1-17",
        "IGLV2-14",
        "IGKV1D-39",
        "IGLV3-19",
        "IGKV2D-28",
        "JCHAIN",
        "CD163",
        "LRP1",
        "APOL1"
      ]
    ]
  },
  "generalization": {
    "absolute_increment_gap_months": 4.753009110065435,
    "robust_selection_lcb": -17.005531061806522,
    "score_before_eligibility": -21.758540171871957
  },
  "limitations": [
    "Search uncertainty uses paired bootstraps of fixed train-OOF and validation predictions; it does not refit the full pipeline in each bootstrap draw.",
    "Validation is adaptive search feedback, not untouched confirmation; the fixed experiment budget and multiplicity-adjusted LCB limit but do not eliminate validation overfitting.",
    "IPCW-AIPW validity requires adequate measured-confounder adjustment, treatment positivity, and conditionally independent censoring.",
    "Random row-level cross-validation does not establish transportability across source studies or expression platforms."
  ],
  "objective": "min(train OOF LCB, validation LCB) minus the absolute train-validation gap for A60(C+G)-A60(C), where A60(d)=V60(d)-V60(1-d)",
  "phase": "train_crossfit_plus_validation_search",
  "reward": -1000000.0,
  "schema_version": 1,
  "train_oof": {
    "constant_policy_values": {
      "all_act_months": 46.56657379176841,
      "all_observation_months": 45.93097291314397
    },
    "incremental_alignment_months": -7.749630143102301,
    "models": {
      "clinical": {
        "act_recommended_fraction": 0.4180645161290323,
        "act_usage": {
          "patient_tree_paths_traversing_act_fraction": 0.20146505376344084,
          "per_patient_different_terminal_tree_fraction": {
            "mean": 0.20146505376344084,
            "median": 0.19666666666666666,
            "nonzero_patient_fraction": 1.0,
            "p10": 0.1485,
            "p90": 0.2600833333333334
          },
          "tree_contains_act_split_fraction": 0.5712499999999999
        },
        "alignment_months": 8.081875663309695,
        "anti_policy_value_months": 41.79390412872397,
        "harrell_cindex": 0.6790410799487955,
        "mean_predicted_benefit_months": -0.35195780427767176,
        "median_absolute_predicted_benefit_months": 0.9751915134739662,
        "nontrivial_benefit_fraction": 0.9354838709677419,
        "seed_agreement": 0.9673261301168278,
        "value_months": 49.87577979203367
      },
      "clinical_plus_genomic": {
        "act_recommended_fraction": 0.16,
        "act_usage": {
          "patient_tree_paths_traversing_act_fraction": 0.013918817204301076,
          "per_patient_different_terminal_tree_fraction": {
            "mean": 0.013918817204301076,
            "median": 0.012916666666666667,
            "nonzero_patient_fraction": 1.0,
            "p10": 0.007250000000000003,
            "p90": 0.022083333333333333
          },
          "tree_contains_act_split_fraction": 0.0525
        },
        "alignment_months": 0.33224552020739395,
        "anti_policy_value_months": 46.08265059235249,
        "harrell_cindex": 0.6721584013565859,
        "mean_predicted_benefit_months": -0.11153426647844754,
        "median_absolute_predicted_benefit_months": 0.09751813799262266,
        "nontrivial_benefit_fraction": 0.49290322580645163,
        "seed_agreement": 0.8972593856314787,
        "value_months": 46.41489611255989
      }
    },
    "overlap": {
      "iptw_effective_sample_size": 269.61463029387255,
      "raw_propensity_in_0_05_0_95_fraction": 0.8141935483870968
    },
    "paired_bootstrap": {
      "ci95_high": -1.9272246674979578,
      "ci95_low": -13.704202526269828,
      "draws": 4000,
      "mean": -7.755493903463435,
      "sd": 3.0071942646986476,
      "selection_lcb": -17.005531061806522,
      "selection_lcb_quantile_percent": 0.25
    }
  },
  "validation": {
    "constant_policy_values": {
      "all_act_months": 47.16807306711545,
      "all_observation_months": 44.64230284731928
    },
    "incremental_alignment_months": -2.9966210330368668,
    "models": {
      "clinical": {
        "act_recommended_fraction": 0.4247104247104247,
        "act_usage": {
          "patient_tree_paths_traversing_act_fraction": 0.2525981338481338,
          "per_patient_different_terminal_tree_fraction": {
            "mean": 0.2525981338481338,
            "median": 0.25833333333333336,
            "nonzero_patient_fraction": 1.0,
            "p10": 0.2020833333333333,
            "p90": 0.30225
          },
          "tree_contains_act_split_fraction": 0.7487499999999999
        },
        "alignment_months": 4.323098852358484,
        "anti_policy_value_months": 42.76671618712937,
        "harrell_cindex": 0.7043679064511374,
        "mean_predicted_benefit_months": -0.36653216798327815,
        "median_absolute_predicted_benefit_months": 1.3288889608208052,
        "nontrivial_benefit_fraction": 0.9305019305019305,
        "seed_agreement": 0.9588159588159588,
        "value_months": 47.08981503948785
      },
      "clinical_plus_genomic": {
        "act_recommended_fraction": 0.2625482625482625,
        "act_usage": {
          "patient_tree_paths_traversing_act_fraction": 0.015873552123552123,
          "per_patient_different_terminal_tree_fraction": {
            "mean": 0.015873552123552123,
            "median": 0.015,
            "nonzero_patient_fraction": 1.0,
            "p10": 0.00875,
            "p90": 0.02550000000000001
          },
          "tree_contains_act_split_fraction": 0.07875
        },
        "alignment_months": 1.3264778193216173,
        "anti_policy_value_months": 45.24194904755656,
        "harrell_cindex": 0.6583796000589593,
        "mean_predicted_benefit_months": -0.08648203876794743,
        "median_absolute_predicted_benefit_months": 0.08158474884077549,
        "nontrivial_benefit_fraction": 0.42084942084942084,
        "seed_agreement": 0.8635778635778636,
        "value_months": 46.56842686687818
      }
    },
    "overlap": {
      "iptw_effective_sample_size": 88.83582827209842,
      "raw_propensity_in_0_05_0_95_fraction": 0.8185328185328186
    },
    "paired_bootstrap": {
      "ci95_high": 8.66821999017752,
      "ci95_low": -12.05195038789872,
      "draws": 4000,
      "mean": -3.0639582365594773,
      "sd": 5.279426956555794,
      "selection_lcb": -15.391318649788367,
      "selection_lcb_quantile_percent": 0.25
    }
  }
}

