[I 2026-08-22 19:31:05,528] A new study created in memory with name: no-name-79ae50b3-eb40-4898-9657-b6ad2be9f7f8
[screening trial 000] RMST=0.2183 C=0.6708 params={'n_estimators': 250, 'max_depth': 4, 'min_samples_leaf': 16, 'min_samples_split': 32, 'max_features': 0.25}
[I 2026-08-22 19:35:58,130] Trial 0 finished with values: [0.21834611561134748, 0.6707625514377751] and parameters: {'n_estimators': 250, 'max_depth': 4, 'min_samples_leaf': 16, 'split_leaf_multiplier': 2, 'max_features': 0.25}.
[screening trial 001] RMST=0.2183 C=0.6653 params={'n_estimators': 250, 'max_depth': 6, 'min_samples_leaf': 16, 'min_samples_split': 32, 'max_features': 0.5}
[I 2026-08-22 19:48:18,604] Trial 1 finished with values: [0.21834611561134748, 0.6653068887826858] and parameters: {'n_estimators': 250, 'max_depth': 6, 'min_samples_leaf': 16, 'split_leaf_multiplier': 2, 'max_features': 0.5}.
[screening trial 002] RMST=0.2183 C=0.6619 params={'n_estimators': 150, 'max_depth': 6, 'min_samples_leaf': 16, 'min_samples_split': 32, 'max_features': 0.5}
[I 2026-08-22 19:55:44,612] Trial 2 finished with values: [0.21834611561134748, 0.6619025304592315] and parameters: {'n_estimators': 150, 'max_depth': 6, 'min_samples_leaf': 16, 'split_leaf_multiplier': 2, 'max_features': 0.5}.
[screening trial 003] RMST=0.2183 C=0.6607 params={'n_estimators': 150, 'max_depth': 4, 'min_samples_leaf': 16, 'min_samples_split': 32, 'max_features': 0.5}
[I 2026-08-22 20:01:26,965] Trial 3 finished with values: [0.21834611561134748, 0.6607015398747494] and parameters: {'n_estimators': 150, 'max_depth': 4, 'min_samples_leaf': 16, 'split_leaf_multiplier': 2, 'max_features': 0.5}.
[screening trial 004] RMST=0.2183 C=0.6673 params={'n_estimators': 250, 'max_depth': 6, 'min_samples_leaf': 16, 'min_samples_split': 32, 'max_features': 0.25}
[I 2026-08-22 20:07:29,306] Trial 4 finished with values: [0.21834611561134748, 0.6672945747500264] and parameters: {'n_estimators': 250, 'max_depth': 6, 'min_samples_leaf': 16, 'split_leaf_multiplier': 2, 'max_features': 0.25}.
[screening trial 005] RMST=0.2183 C=0.6641 params={'n_estimators': 150, 'max_depth': 6, 'min_samples_leaf': 16, 'min_samples_split': 32, 'max_features': 0.25}
[I 2026-08-22 20:11:07,540] Trial 5 finished with values: [0.21834611561134748, 0.6640702098475021] and parameters: {'n_estimators': 150, 'max_depth': 6, 'min_samples_leaf': 16, 'split_leaf_multiplier': 2, 'max_features': 0.25}.
[screening trial 006] RMST=0.2183 C=0.6607 params={'n_estimators': 150, 'max_depth': 4, 'min_samples_leaf': 16, 'min_samples_split': 32, 'max_features': 0.5}
[I 2026-08-22 20:16:49,813] Trial 6 finished with values: [0.21834611561134748, 0.6607015398747494] and parameters: {'n_estimators': 150, 'max_depth': 4, 'min_samples_leaf': 16, 'split_leaf_multiplier': 2, 'max_features': 0.5}.
[screening trial 007] RMST=0.2183 C=0.6653 params={'n_estimators': 250, 'max_depth': 6, 'min_samples_leaf': 16, 'min_samples_split': 32, 'max_features': 0.5}
[I 2026-08-22 20:29:13,315] Trial 7 finished with values: [0.21834611561134748, 0.6653068887826858] and parameters: {'n_estimators': 250, 'max_depth': 6, 'min_samples_leaf': 16, 'split_leaf_multiplier': 2, 'max_features': 0.5}.
[screening trial 008] RMST=0.2183 C=0.6680 params={'n_estimators': 150, 'max_depth': 4, 'min_samples_leaf': 16, 'min_samples_split': 32, 'max_features': 0.25}
[I 2026-08-22 20:32:01,132] Trial 8 finished with values: [0.21834611561134748, 0.668022306770856] and parameters: {'n_estimators': 150, 'max_depth': 4, 'min_samples_leaf': 16, 'split_leaf_multiplier': 2, 'max_features': 0.25}.
[screening trial 009] RMST=0.2183 C=0.6653 params={'n_estimators': 250, 'max_depth': 6, 'min_samples_leaf': 16, 'min_samples_split': 32, 'max_features': 0.5}
[I 2026-08-22 20:44:24,331] Trial 9 finished with values: [0.21834611561134748, 0.6653068887826858] and parameters: {'n_estimators': 250, 'max_depth': 6, 'min_samples_leaf': 16, 'split_leaf_multiplier': 2, 'max_features': 0.5}.
[screening trial 010] RMST=0.2183 C=0.6607 params={'n_estimators': 150, 'max_depth': 4, 'min_samples_leaf': 16, 'min_samples_split': 32, 'max_features': 0.5}
[I 2026-08-22 20:49:52,069] Trial 10 finished with values: [0.21834611561134748, 0.6607015398747494] and parameters: {'n_estimators': 150, 'max_depth': 4, 'min_samples_leaf': 16, 'split_leaf_multiplier': 2, 'max_features': 0.5}.
[screening trial 011] RMST=0.2183 C=0.6673 params={'n_estimators': 250, 'max_depth': 6, 'min_samples_leaf': 16, 'min_samples_split': 32, 'max_features': 0.25}
[I 2026-08-22 20:55:34,935] Trial 11 finished with values: [0.21834611561134748, 0.6672945747500264] and parameters: {'n_estimators': 250, 'max_depth': 6, 'min_samples_leaf': 16, 'split_leaf_multiplier': 2, 'max_features': 0.25}.
[PFI fold 1] 1114/8666 features used by a split
[PFI fold 2] 1289/8666 features used by a split
[PFI fold 2] processed through feature 1000
[PFI fold 2] processed through feature 3250
[PFI fold 2] processed through feature 3750
[PFI fold 2] processed through feature 7750
[PFI fold 3] 1069/8666 features used by a split
[PFI fold 3] processed through feature 1250
[PFI fold 3] processed through feature 3500
[PFI fold 3] processed through feature 5500
[I 2026-08-22 21:35:02,758] A new study created in memory with name: no-name-be799c76-7453-456c-9ccc-8569234229f2
[reduced trial 000] N=00 RMST=3.1457 C=0.6840 params={'n_estimators': 400, 'max_depth': 8, 'min_samples_leaf': 8, 'min_samples_split': 16, 'max_features': 'sqrt'}
[I 2026-08-22 21:35:04,497] Trial 0 finished with values: [3.1457011980154372, 0.6839594828602816] and parameters: {'top_n': 0, 'n_estimators': 400, 'max_depth': 8, 'min_samples_leaf': 8, 'split_leaf_multiplier': 2, 'max_features': 'sqrt'}.
[reduced trial 001] N=01 RMST=2.2166 C=0.6955 params={'n_estimators': 400, 'max_depth': 8, 'min_samples_leaf': 8, 'min_samples_split': 16, 'max_features': 'sqrt'}
[I 2026-08-22 21:35:06,289] Trial 1 finished with values: [2.216566172549207, 0.6955333701595735] and parameters: {'top_n': 1, 'n_estimators': 400, 'max_depth': 8, 'min_samples_leaf': 8, 'split_leaf_multiplier': 2, 'max_features': 'sqrt'}.
[reduced trial 002] N=02 RMST=0.7440 C=0.6972 params={'n_estimators': 400, 'max_depth': 8, 'min_samples_leaf': 8, 'min_samples_split': 16, 'max_features': 'sqrt'}
[I 2026-08-22 21:35:08,119] Trial 2 finished with values: [0.7440110307676054, 0.6972200326470825] and parameters: {'top_n': 2, 'n_estimators': 400, 'max_depth': 8, 'min_samples_leaf': 8, 'split_leaf_multiplier': 2, 'max_features': 'sqrt'}.
[reduced trial 003] N=03 RMST=1.6149 C=0.7020 params={'n_estimators': 400, 'max_depth': 8, 'min_samples_leaf': 8, 'min_samples_split': 16, 'max_features': 'sqrt'}
[I 2026-08-22 21:35:09,959] Trial 3 finished with values: [1.6148829547856367, 0.7019805482972001] and parameters: {'top_n': 3, 'n_estimators': 400, 'max_depth': 8, 'min_samples_leaf': 8, 'split_leaf_multiplier': 2, 'max_features': 'sqrt'}.
[reduced trial 004] N=04 RMST=2.1596 C=0.7088 params={'n_estimators': 400, 'max_depth': 8, 'min_samples_leaf': 8, 'min_samples_split': 16, 'max_features': 'sqrt'}
[I 2026-08-22 21:35:11,815] Trial 4 finished with values: [2.1596290927451496, 0.7087954716137962] and parameters: {'top_n': 4, 'n_estimators': 400, 'max_depth': 8, 'min_samples_leaf': 8, 'split_leaf_multiplier': 2, 'max_features': 'sqrt'}.
[reduced trial 005] N=05 RMST=0.7287 C=0.7077 params={'n_estimators': 400, 'max_depth': 8, 'min_samples_leaf': 8, 'min_samples_split': 16, 'max_features': 'sqrt'}
[I 2026-08-22 21:35:13,684] Trial 5 finished with values: [0.7286629743597256, 0.7076720644004046] and parameters: {'top_n': 5, 'n_estimators': 400, 'max_depth': 8, 'min_samples_leaf': 8, 'split_leaf_multiplier': 2, 'max_features': 'sqrt'}.
[reduced trial 006] N=06 RMST=2.1621 C=0.7089 params={'n_estimators': 400, 'max_depth': 8, 'min_samples_leaf': 8, 'min_samples_split': 16, 'max_features': 'sqrt'}
[I 2026-08-22 21:35:15,623] Trial 6 finished with values: [2.162118883442323, 0.7089475350211337] and parameters: {'top_n': 6, 'n_estimators': 400, 'max_depth': 8, 'min_samples_leaf': 8, 'split_leaf_multiplier': 2, 'max_features': 'sqrt'}.
[reduced trial 007] N=07 RMST=1.6518 C=0.7157 params={'n_estimators': 400, 'max_depth': 8, 'min_samples_leaf': 8, 'min_samples_split': 16, 'max_features': 'sqrt'}
[I 2026-08-22 21:35:17,621] Trial 7 finished with values: [1.651781477746135, 0.7157283216544499] and parameters: {'top_n': 7, 'n_estimators': 400, 'max_depth': 8, 'min_samples_leaf': 8, 'split_leaf_multiplier': 2, 'max_features': 'sqrt'}.
[reduced trial 008] N=08 RMST=0.4555 C=0.7158 params={'n_estimators': 400, 'max_depth': 8, 'min_samples_leaf': 8, 'min_samples_split': 16, 'max_features': 'sqrt'}
[I 2026-08-22 21:35:19,630] Trial 8 finished with values: [0.45554388752959984, 0.7158307317042895] and parameters: {'top_n': 8, 'n_estimators': 400, 'max_depth': 8, 'min_samples_leaf': 8, 'split_leaf_multiplier': 2, 'max_features': 'sqrt'}.
[reduced trial 009] N=09 RMST=2.7804 C=0.7165 params={'n_estimators': 400, 'max_depth': 8, 'min_samples_leaf': 8, 'min_samples_split': 16, 'max_features': 'sqrt'}
[I 2026-08-22 21:35:21,718] Trial 9 finished with values: [2.7803547073598454, 0.7164669153472322] and parameters: {'top_n': 9, 'n_estimators': 400, 'max_depth': 8, 'min_samples_leaf': 8, 'split_leaf_multiplier': 2, 'max_features': 'sqrt'}.
[reduced trial 010] N=10 RMST=-0.7195 C=0.7215 params={'n_estimators': 400, 'max_depth': 8, 'min_samples_leaf': 8, 'min_samples_split': 16, 'max_features': 'sqrt'}
[I 2026-08-22 21:35:23,777] Trial 10 finished with values: [-0.7194895838499618, 0.7214819044545269] and parameters: {'top_n': 10, 'n_estimators': 400, 'max_depth': 8, 'min_samples_leaf': 8, 'split_leaf_multiplier': 2, 'max_features': 'sqrt'}.
[reduced trial 011] N=11 RMST=2.3573 C=0.7220 params={'n_estimators': 400, 'max_depth': 8, 'min_samples_leaf': 8, 'min_samples_split': 16, 'max_features': 'sqrt'}
[I 2026-08-22 21:35:25,848] Trial 11 finished with values: [2.3573198396964226, 0.7220063680430991] and parameters: {'top_n': 11, 'n_estimators': 400, 'max_depth': 8, 'min_samples_leaf': 8, 'split_leaf_multiplier': 2, 'max_features': 'sqrt'}.
[reduced trial 012] N=12 RMST=3.8912 C=0.7212 params={'n_estimators': 400, 'max_depth': 8, 'min_samples_leaf': 8, 'min_samples_split': 16, 'max_features': 'sqrt'}
[I 2026-08-22 21:35:27,984] Trial 12 finished with values: [3.8911513978874925, 0.7211622609656336] and parameters: {'top_n': 12, 'n_estimators': 400, 'max_depth': 8, 'min_samples_leaf': 8, 'split_leaf_multiplier': 2, 'max_features': 'sqrt'}.
[reduced trial 013] N=13 RMST=1.7550 C=0.7211 params={'n_estimators': 400, 'max_depth': 8, 'min_samples_leaf': 8, 'min_samples_split': 16, 'max_features': 'sqrt'}
[I 2026-08-22 21:35:30,129] Trial 13 finished with values: [1.7549683413556487, 0.7211374342868847] and parameters: {'top_n': 13, 'n_estimators': 400, 'max_depth': 8, 'min_samples_leaf': 8, 'split_leaf_multiplier': 2, 'max_features': 'sqrt'}.
[reduced trial 014] N=14 RMST=1.0292 C=0.7223 params={'n_estimators': 400, 'max_depth': 8, 'min_samples_leaf': 8, 'min_samples_split': 16, 'max_features': 'sqrt'}
[I 2026-08-22 21:35:32,436] Trial 14 finished with values: [1.0292190004691621, 0.7223477348758977] and parameters: {'top_n': 14, 'n_estimators': 400, 'max_depth': 8, 'min_samples_leaf': 8, 'split_leaf_multiplier': 2, 'max_features': 'sqrt'}.
[reduced trial 015] N=15 RMST=2.0040 C=0.7203 params={'n_estimators': 400, 'max_depth': 8, 'min_samples_leaf': 8, 'min_samples_split': 16, 'max_features': 'sqrt'}
[I 2026-08-22 21:35:34,669] Trial 15 finished with values: [2.00396241384068, 0.7203026372139502] and parameters: {'top_n': 15, 'n_estimators': 400, 'max_depth': 8, 'min_samples_leaf': 8, 'split_leaf_multiplier': 2, 'max_features': 'sqrt'}.
[reduced trial 016] N=16 RMST=1.7568 C=0.7220 params={'n_estimators': 400, 'max_depth': 8, 'min_samples_leaf': 8, 'min_samples_split': 16, 'max_features': 'sqrt'}
[I 2026-08-22 21:35:36,938] Trial 16 finished with values: [1.7568110007947133, 0.7219691280249756] and parameters: {'top_n': 16, 'n_estimators': 400, 'max_depth': 8, 'min_samples_leaf': 8, 'split_leaf_multiplier': 2, 'max_features': 'sqrt'}.
[reduced trial 017] N=17 RMST=3.6255 C=0.7206 params={'n_estimators': 400, 'max_depth': 8, 'min_samples_leaf': 8, 'min_samples_split': 16, 'max_features': 'sqrt'}
[I 2026-08-22 21:35:39,368] Trial 17 finished with values: [3.625515557823062, 0.7206346940422178] and parameters: {'top_n': 17, 'n_estimators': 400, 'max_depth': 8, 'min_samples_leaf': 8, 'split_leaf_multiplier': 2, 'max_features': 'sqrt'}.
[reduced trial 018] N=18 RMST=2.0105 C=0.7232 params={'n_estimators': 400, 'max_depth': 8, 'min_samples_leaf': 8, 'min_samples_split': 16, 'max_features': 'sqrt'}
[I 2026-08-22 21:35:41,933] Trial 18 finished with values: [2.0105026609780805, 0.7231794286139885] and parameters: {'top_n': 18, 'n_estimators': 400, 'max_depth': 8, 'min_samples_leaf': 8, 'split_leaf_multiplier': 2, 'max_features': 'sqrt'}.
[reduced trial 019] N=19 RMST=1.7362 C=0.7221 params={'n_estimators': 400, 'max_depth': 8, 'min_samples_leaf': 8, 'min_samples_split': 16, 'max_features': 'sqrt'}
[I 2026-08-22 21:35:44,380] Trial 19 finished with values: [1.736245253140028, 0.7221056747580951] and parameters: {'top_n': 19, 'n_estimators': 400, 'max_depth': 8, 'min_samples_leaf': 8, 'split_leaf_multiplier': 2, 'max_features': 'sqrt'}.
[reduced trial 020] N=20 RMST=1.6028 C=0.7211 params={'n_estimators': 400, 'max_depth': 8, 'min_samples_leaf': 8, 'min_samples_split': 16, 'max_features': 'sqrt'}
[I 2026-08-22 21:35:46,899] Trial 20 finished with values: [1.6027657053447306, 0.7211001942687613] and parameters: {'top_n': 20, 'n_estimators': 400, 'max_depth': 8, 'min_samples_leaf': 8, 'split_leaf_multiplier': 2, 'max_features': 'sqrt'}.
[reduced trial 021] N=21 RMST=0.1103 C=0.7233 params={'n_estimators': 400, 'max_depth': 8, 'min_samples_leaf': 8, 'min_samples_split': 16, 'max_features': 'sqrt'}
[I 2026-08-22 21:35:49,485] Trial 21 finished with values: [0.11026373198642425, 0.7233376986910134] and parameters: {'top_n': 21, 'n_estimators': 400, 'max_depth': 8, 'min_samples_leaf': 8, 'split_leaf_multiplier': 2, 'max_features': 'sqrt'}.
[reduced trial 022] N=22 RMST=-0.2083 C=0.7209 params={'n_estimators': 400, 'max_depth': 8, 'min_samples_leaf': 8, 'min_samples_split': 16, 'max_features': 'sqrt'}
[I 2026-08-22 21:35:52,073] Trial 22 finished with values: [-0.2082605301230055, 0.7208519274812714] and parameters: {'top_n': 22, 'n_estimators': 400, 'max_depth': 8, 'min_samples_leaf': 8, 'split_leaf_multiplier': 2, 'max_features': 'sqrt'}.
[reduced trial 023] N=23 RMST=0.8941 C=0.7247 params={'n_estimators': 400, 'max_depth': 8, 'min_samples_leaf': 8, 'min_samples_split': 16, 'max_features': 'sqrt'}
[I 2026-08-22 21:35:54,689] Trial 23 finished with values: [0.8940866429258391, 0.7247497160448618] and parameters: {'top_n': 23, 'n_estimators': 400, 'max_depth': 8, 'min_samples_leaf': 8, 'split_leaf_multiplier': 2, 'max_features': 'sqrt'}.
[reduced trial 024] N=24 RMST=1.4862 C=0.7247 params={'n_estimators': 400, 'max_depth': 8, 'min_samples_leaf': 8, 'min_samples_split': 16, 'max_features': 'sqrt'}
[I 2026-08-22 21:35:57,319] Trial 24 finished with values: [1.4861536716503982, 0.7246690293389276] and parameters: {'top_n': 24, 'n_estimators': 400, 'max_depth': 8, 'min_samples_leaf': 8, 'split_leaf_multiplier': 2, 'max_features': 'sqrt'}.
[reduced trial 025] N=25 RMST=-1.3520 C=0.7233 params={'n_estimators': 400, 'max_depth': 8, 'min_samples_leaf': 8, 'min_samples_split': 16, 'max_features': 'sqrt'}
[I 2026-08-22 21:36:00,020] Trial 25 finished with values: [-1.3520143276592962, 0.7233035620077335] and parameters: {'top_n': 25, 'n_estimators': 400, 'max_depth': 8, 'min_samples_leaf': 8, 'split_leaf_multiplier': 2, 'max_features': 'sqrt'}.
[reduced trial 026] N=26 RMST=1.1497 C=0.7259 params={'n_estimators': 400, 'max_depth': 8, 'min_samples_leaf': 8, 'min_samples_split': 16, 'max_features': 'sqrt'}
[I 2026-08-22 21:36:02,719] Trial 26 finished with values: [1.149739965672531, 0.7259041566066895] and parameters: {'top_n': 26, 'n_estimators': 400, 'max_depth': 8, 'min_samples_leaf': 8, 'split_leaf_multiplier': 2, 'max_features': 'sqrt'}.
[reduced trial 027] N=27 RMST=-0.6906 C=0.7261 params={'n_estimators': 400, 'max_depth': 8, 'min_samples_leaf': 8, 'min_samples_split': 16, 'max_features': 'sqrt'}
[I 2026-08-22 21:36:05,436] Trial 27 finished with values: [-0.6906424799336234, 0.7260841500276197] and parameters: {'top_n': 27, 'n_estimators': 400, 'max_depth': 8, 'min_samples_leaf': 8, 'split_leaf_multiplier': 2, 'max_features': 'sqrt'}.
[reduced trial 028] N=28 RMST=2.6355 C=0.7275 params={'n_estimators': 400, 'max_depth': 8, 'min_samples_leaf': 8, 'min_samples_split': 16, 'max_features': 'sqrt'}
[I 2026-08-22 21:36:08,165] Trial 28 finished with values: [2.6355189667837773, 0.7275240973950607] and parameters: {'top_n': 28, 'n_estimators': 400, 'max_depth': 8, 'min_samples_leaf': 8, 'split_leaf_multiplier': 2, 'max_features': 'sqrt'}.
[reduced trial 029] N=29 RMST=0.4524 C=0.7261 params={'n_estimators': 400, 'max_depth': 8, 'min_samples_leaf': 8, 'min_samples_split': 16, 'max_features': 'sqrt'}
[I 2026-08-22 21:36:10,910] Trial 29 finished with values: [0.45243816373390067, 0.7260996667018378] and parameters: {'top_n': 29, 'n_estimators': 400, 'max_depth': 8, 'min_samples_leaf': 8, 'split_leaf_multiplier': 2, 'max_features': 'sqrt'}.
[reduced trial 030] N=30 RMST=-0.1125 C=0.7274 params={'n_estimators': 400, 'max_depth': 8, 'min_samples_leaf': 8, 'min_samples_split': 16, 'max_features': 'sqrt'}
[I 2026-08-22 21:36:13,927] Trial 30 finished with values: [-0.11254287537365303, 0.7273503106438178] and parameters: {'top_n': 30, 'n_estimators': 400, 'max_depth': 8, 'min_samples_leaf': 8, 'split_leaf_multiplier': 2, 'max_features': 'sqrt'}.
[reduced trial 031] N=31 RMST=-1.4555 C=0.7270 params={'n_estimators': 400, 'max_depth': 8, 'min_samples_leaf': 8, 'min_samples_split': 16, 'max_features': 'sqrt'}
[I 2026-08-22 21:36:16,896] Trial 31 finished with values: [-1.4554665035167038, 0.7270151504807065] and parameters: {'top_n': 31, 'n_estimators': 400, 'max_depth': 8, 'min_samples_leaf': 8, 'split_leaf_multiplier': 2, 'max_features': 'sqrt'}.
[reduced trial 032] N=32 RMST=0.5338 C=0.7257 params={'n_estimators': 400, 'max_depth': 8, 'min_samples_leaf': 8, 'min_samples_split': 16, 'max_features': 'sqrt'}
[I 2026-08-22 21:36:19,950] Trial 32 finished with values: [0.5337932560549348, 0.7256683031585742] and parameters: {'top_n': 32, 'n_estimators': 400, 'max_depth': 8, 'min_samples_leaf': 8, 'split_leaf_multiplier': 2, 'max_features': 'sqrt'}.
[reduced trial 033] N=03 RMST=2.0909 C=0.6961 params={'n_estimators': 400, 'max_depth': 6, 'min_samples_leaf': 32, 'min_samples_split': 96, 'max_features': 0.25}
[I 2026-08-22 21:36:21,934] Trial 33 finished with values: [2.090900861781172, 0.6960500754110367] and parameters: {'top_n': 3, 'n_estimators': 400, 'max_depth': 6, 'min_samples_leaf': 32, 'split_leaf_multiplier': 3, 'max_features': 0.25}.
[reduced trial 034] N=07 RMST=2.5845 C=0.7099 params={'n_estimators': 400, 'max_depth': 4, 'min_samples_leaf': 16, 'min_samples_split': 32, 'max_features': 'sqrt'}
[I 2026-08-22 21:36:23,963] Trial 34 finished with values: [2.5845252194607524, 0.7099095688226569] and parameters: {'top_n': 7, 'n_estimators': 400, 'max_depth': 4, 'min_samples_leaf': 16, 'split_leaf_multiplier': 2, 'max_features': 'sqrt'}.
[reduced trial 035] N=00 RMST=3.4362 C=0.6841 params={'n_estimators': 600, 'max_depth': 8, 'min_samples_leaf': 8, 'min_samples_split': 16, 'max_features': 'sqrt'}
[I 2026-08-22 21:36:26,190] Trial 35 finished with values: [3.4362255227137126, 0.6840960295934011] and parameters: {'top_n': 0, 'n_estimators': 600, 'max_depth': 8, 'min_samples_leaf': 8, 'split_leaf_multiplier': 2, 'max_features': 'sqrt'}.
[reduced trial 036] N=09 RMST=-0.0892 C=0.7089 params={'n_estimators': 400, 'max_depth': 8, 'min_samples_leaf': 32, 'min_samples_split': 96, 'max_features': 'sqrt'}
[I 2026-08-22 21:36:28,243] Trial 36 finished with values: [-0.089215158925622, 0.7088761583197304] and parameters: {'top_n': 9, 'n_estimators': 400, 'max_depth': 8, 'min_samples_leaf': 32, 'split_leaf_multiplier': 3, 'max_features': 'sqrt'}.
[reduced trial 037] N=06 RMST=0.2890 C=0.7087 params={'n_estimators': 200, 'max_depth': 8, 'min_samples_leaf': 8, 'min_samples_split': 16, 'max_features': 'sqrt'}
[I 2026-08-22 21:36:29,703] Trial 37 finished with values: [0.28904385953272993, 0.7086961648988003] and parameters: {'top_n': 6, 'n_estimators': 200, 'max_depth': 8, 'min_samples_leaf': 8, 'split_leaf_multiplier': 2, 'max_features': 'sqrt'}.
[reduced trial 038] N=03 RMST=-0.3019 C=0.6973 params={'n_estimators': 400, 'max_depth': 4, 'min_samples_leaf': 8, 'min_samples_split': 16, 'max_features': 0.25}
[I 2026-08-22 21:36:31,643] Trial 38 finished with values: [-0.3019062147919175, 0.6973038226878604] and parameters: {'top_n': 3, 'n_estimators': 400, 'max_depth': 4, 'min_samples_leaf': 8, 'split_leaf_multiplier': 2, 'max_features': 0.25}.
[reduced trial 039] N=28 RMST=0.2183 C=0.7072 params={'n_estimators': 200, 'max_depth': 4, 'min_samples_leaf': 32, 'min_samples_split': 96, 'max_features': 0.25}
[I 2026-08-22 21:36:33,353] Trial 39 finished with values: [0.21834611561134748, 0.7072143225109703] and parameters: {'top_n': 28, 'n_estimators': 200, 'max_depth': 4, 'min_samples_leaf': 32, 'split_leaf_multiplier': 3, 'max_features': 0.25}.
[reduced trial 040] N=23 RMST=0.8941 C=0.7247 params={'n_estimators': 400, 'max_depth': 8, 'min_samples_leaf': 8, 'min_samples_split': 16, 'max_features': 'sqrt'}
[I 2026-08-22 21:36:35,977] Trial 40 finished with values: [0.8940866429258391, 0.7247497160448618] and parameters: {'top_n': 23, 'n_estimators': 400, 'max_depth': 8, 'min_samples_leaf': 8, 'split_leaf_multiplier': 2, 'max_features': 'sqrt'}.
[reduced trial 041] N=21 RMST=1.0247 C=0.7172 params={'n_estimators': 200, 'max_depth': 4, 'min_samples_leaf': 8, 'min_samples_split': 24, 'max_features': 'sqrt'}
[I 2026-08-22 21:36:37,522] Trial 41 finished with values: [1.0246820464695263, 0.7172117157097017] and parameters: {'top_n': 21, 'n_estimators': 200, 'max_depth': 4, 'min_samples_leaf': 8, 'split_leaf_multiplier': 3, 'max_features': 'sqrt'}.
[reduced trial 042] N=24 RMST=1.4564 C=0.7255 params={'n_estimators': 600, 'max_depth': 8, 'min_samples_leaf': 8, 'min_samples_split': 24, 'max_features': 'sqrt'}
[I 2026-08-22 21:36:41,136] Trial 42 finished with values: [1.4563662057920834, 0.7254541730543642] and parameters: {'top_n': 24, 'n_estimators': 600, 'max_depth': 8, 'min_samples_leaf': 8, 'split_leaf_multiplier': 3, 'max_features': 'sqrt'}.
[reduced trial 043] N=27 RMST=0.7890 C=0.7268 params={'n_estimators': 200, 'max_depth': 6, 'min_samples_leaf': 8, 'min_samples_split': 16, 'max_features': 'log2'}
[I 2026-08-22 21:36:42,789] Trial 43 finished with values: [0.7889799281168851, 0.7268041237113402] and parameters: {'top_n': 27, 'n_estimators': 200, 'max_depth': 6, 'min_samples_leaf': 8, 'split_leaf_multiplier': 2, 'max_features': 'log2'}.
[reduced trial 044] N=14 RMST=5.4229 C=0.7189 params={'n_estimators': 600, 'max_depth': 8, 'min_samples_leaf': 16, 'min_samples_split': 48, 'max_features': 'sqrt'}
[I 2026-08-22 21:36:45,572] Trial 44 finished with values: [5.422947102000818, 0.7189061365343198] and parameters: {'top_n': 14, 'n_estimators': 600, 'max_depth': 8, 'min_samples_leaf': 16, 'split_leaf_multiplier': 3, 'max_features': 'sqrt'}.
[reduced trial 045] N=32 RMST=0.8855 C=0.7216 params={'n_estimators': 400, 'max_depth': 6, 'min_samples_leaf': 16, 'min_samples_split': 32, 'max_features': 'sqrt'}
[I 2026-08-22 21:36:48,183] Trial 45 finished with values: [0.8854552994582184, 0.7216432778663953] and parameters: {'top_n': 32, 'n_estimators': 400, 'max_depth': 6, 'min_samples_leaf': 16, 'split_leaf_multiplier': 2, 'max_features': 'sqrt'}.
[reduced trial 046] N=27 RMST=1.0234 C=0.7215 params={'n_estimators': 400, 'max_depth': 6, 'min_samples_leaf': 8, 'min_samples_split': 16, 'max_features': 0.25}
[I 2026-08-22 21:36:51,612] Trial 46 finished with values: [1.0234367136263622, 0.7215284544771812] and parameters: {'top_n': 27, 'n_estimators': 400, 'max_depth': 6, 'min_samples_leaf': 8, 'split_leaf_multiplier': 2, 'max_features': 0.25}.
[reduced trial 047] N=22 RMST=-0.1258 C=0.7182 params={'n_estimators': 400, 'max_depth': 4, 'min_samples_leaf': 8, 'min_samples_split': 24, 'max_features': 'log2'}
[I 2026-08-22 21:36:53,830] Trial 47 finished with values: [-0.12582146906941874, 0.7181675428415375] and parameters: {'top_n': 22, 'n_estimators': 400, 'max_depth': 4, 'min_samples_leaf': 8, 'split_leaf_multiplier': 3, 'max_features': 'log2'}.
[reduced trial 048] N=00 RMST=1.8669 C=0.6831 params={'n_estimators': 600, 'max_depth': 4, 'min_samples_leaf': 16, 'min_samples_split': 48, 'max_features': 0.25}
[I 2026-08-22 21:36:56,185] Trial 48 finished with values: [1.8668926225426405, 0.6830610674230528] and parameters: {'top_n': 0, 'n_estimators': 600, 'max_depth': 4, 'min_samples_leaf': 16, 'split_leaf_multiplier': 3, 'max_features': 0.25}.
{
  "artifacts": {
    "final_covariates.txt": {
      "bytes": 431,
      "sha256": "67bdc6d17fdde585e4d12496bccff3dbf7e22b813bbdf0fb8f29a892408a757c"
    },
    "final_rsf.pkl": {
      "bytes": 359638999,
      "sha256": "a2bb05890478d3e299d0602a6b28565b4cc99c0828b5dd119432253509d0648a"
    },
    "final_spec.json": {
      "bytes": 2274,
      "sha256": "1670cf9a7b8a96965cc620a13f3b660d004a70982be06de3335c6edb36211c09"
    },
    "permutation_importance.csv": {
      "bytes": 499938,
      "sha256": "a537e77afcb4686c76d2c444361ee7d33e6162337062fafdaf94af3cde1296de"
    },
    "permutation_importance.png": {
      "bytes": 141097,
      "sha256": "fc86fa9327ca6690ec209b1148124bc53096e52ea1a0763533137d6fd2bf5689"
    },
    "top_n_results.csv": {
      "bytes": 3464,
      "sha256": "ef06583dd959b3583a01bd17f42d66cc676fccfaf5952792f14e1c9f8db7ffd9"
    },
    "training_imputation_medians.csv": {
      "bytes": 657,
      "sha256": "6eec538bebaf400acd712446ce54be9fcdfdbfb5acf2f216fa7a5eb973bb2196"
    }
  },
  "budget": {
    "cv_folds": 3,
    "fold_seed": 20260824,
    "forest_seed": 42,
    "max_experiments": 20,
    "max_top_genes": 32,
    "max_trees_per_forest": 1000,
    "permutation_repeats": 3,
    "permutation_seed": 20260825,
    "reduced_trials": 49,
    "schema_version": 1,
    "screening_trials": 12,
    "smoke_reductions_applied": false,
    "tau_months": 60.0,
    "wall_time_seconds": 14400
  },
  "candidate": {
    "name": "deep_fine_reference_v4",
    "plot_top_k": 32,
    "reduced_space": {
      "max_depth": [
        8,
        6,
        4
      ],
      "max_features": [
        "sqrt",
        "log2",
        0.25
      ],
      "min_samples_leaf": [
        8,
        16,
        32
      ],
      "n_estimators": [
        400,
        200,
        600
      ],
      "split_leaf_multiplier": [
        2,
        3
      ]
    },
    "screening_space": {
      "max_depth": [
        4,
        6
      ],
      "max_features": [
        0.25,
        0.5
      ],
      "min_samples_leaf": [
        16
      ],
      "n_estimators": [
        150,
        250
      ],
      "split_leaf_multiplier": [
        2
      ]
    }
  },
  "data": {
    "confirmatory_validation_used": false,
    "development_act": 152,
    "development_events": 465,
    "development_n": 1034,
    "former_validation_used_as_development": true,
    "reactome_collection_sha256": "5d61f289a2400cddfbb3a3353829fd2284a360bbe50f2093b566c4b7bea93341",
    "reactome_genes_before_smoke_reduction": 8647,
    "reactome_genes_used": 8647,
    "test_used": false,
    "train_sha256": "b93f3cee3858716bca8add447bc837c734e203f6cb37962b1081e3c118d2c65d",
    "validation_sha256": "824689aeaa34984727f2551bd512214164d0559d05cbec5817b0f88c9adb15a9"
  },
  "eligible": true,
  "final": {
    "clinical_covariates": [
      "Adjuvant Chemo",
      "Age",
      "IS_MALE",
      "Stage_IA",
      "Stage_IB",
      "Stage_II",
      "Stage_III",
      "Histology_Adenocarcinoma",
      "Histology_Adenosquamous Carcinoma",
      "Histology_Large Cell Carcinoma",
      "Histology_Squamous Cell Carcinoma",
      "Race_African American",
      "Race_Asian",
      "Race_Caucasian",
      "Race_Native Hawaiian or Other Pacific Islander",
      "Race_Unknown",
      "Smoked?_No",
      "Smoked?_Unknown",
      "Smoked?_Yes"
    ],
    "covariates": [
      "Adjuvant Chemo",
      "Age",
      "IS_MALE",
      "Stage_IA",
      "Stage_IB",
      "Stage_II",
      "Stage_III",
      "Histology_Adenocarcinoma",
      "Histology_Adenosquamous Carcinoma",
      "Histology_Large Cell Carcinoma",
      "Histology_Squamous Cell Carcinoma",
      "Race_African American",
      "Race_Asian",
      "Race_Caucasian",
      "Race_Native Hawaiian or Other Pacific Islander",
      "Race_Unknown",
      "Smoked?_No",
      "Smoked?_Unknown",
      "Smoked?_Yes",
      "LDLRAP1",
      "SEC23A",
      "GNG7",
      "ANKFY1",
      "PRIM2",
      "PPFIBP2",
      "INHA",
      "SLC24A1",
      "KCNS3",
      "P2RY10",
      "SLCO4A1",
      "DNM1L",
      "ARHGAP25",
      "LAMC2"
    ],
    "development_cv": {
      "folds": [
        {
          "act_recommended_fraction": 0.336231884057971,
          "fold": 1,
          "harrell_cindex": 0.7232417195207893,
          "rmst_difference_months": 4.165762425715095
        },
        {
          "act_recommended_fraction": 0.22608695652173913,
          "fold": 2,
          "harrell_cindex": 0.7269126364190349,
          "rmst_difference_months": 8.547116259547094
        },
        {
          "act_recommended_fraction": 0.16569767441860464,
          "fold": 3,
          "harrell_cindex": 0.7093528406065193,
          "rmst_difference_months": 3.5505353402714874
        }
      ],
      "harrell_cindex": 0.7189061365343198,
      "rmst_difference_months": 5.422947102000818
    },
    "genes": [
      "LDLRAP1",
      "SEC23A",
      "GNG7",
      "ANKFY1",
      "PRIM2",
      "PPFIBP2",
      "INHA",
      "SLC24A1",
      "KCNS3",
      "P2RY10",
      "SLCO4A1",
      "DNM1L",
      "ARHGAP25",
      "LAMC2"
    ],
    "rsf_params": {
      "max_depth": 8,
      "max_features": "sqrt",
      "min_samples_leaf": 16,
      "min_samples_split": 48,
      "n_estimators": 600
    },
    "top_n": 14
  },
  "limitations": [
    "Train and former validation are pooled adaptive development data; the reported CV scores are not external confirmation.",
    "The PFI ranking and reduced-model search reuse development folds, so final CV performance is selection-adaptive.",
    "Permutation importance is conditional on the fitted RSF and can divide credit unpredictably among correlated genes.",
    "Zero importance for a feature unused by every assessment-fold forest is exact for those fitted forests, not proof of no biological effect.",
    "IPCW-AIPW validity requires adequate measured-confounder adjustment, positivity, consistency, and conditionally independent censoring.",
    "Random row-level CV does not establish transportability across source studies or expression platforms."
  ],
  "objective": {
    "primary": "60-month cross-fitted IPCW-AIPW policy-versus-anti-policy RMST difference",
    "secondary": "Harrell C-index",
    "selection": "lexicographic with RMST first"
  },
  "permutation_importance": {
    "features_used_in_any_fold": 2848,
    "features_with_positive_rmst_importance": 0,
    "rank_rule": "RMST importance descending, C-index importance descending, symbol ascending",
    "repeats": 3,
    "top_32_genes": [
      "LDLRAP1",
      "SEC23A",
      "GNG7",
      "ANKFY1",
      "PRIM2",
      "PPFIBP2",
      "INHA",
      "SLC24A1",
      "KCNS3",
      "P2RY10",
      "SLCO4A1",
      "DNM1L",
      "ARHGAP25",
      "LAMC2",
      "ALDH9A1",
      "ZNF266",
      "GLS2",
      "PIK3R1",
      "BUB1",
      "UBE2E1",
      "GSPT2",
      "IGFBP1",
      "DEFA6",
      "TAB2",
      "IL18",
      "F2R",
      "ORC1",
      "FRAT1",
      "INTS14",
      "LPIN1",
      "TRIM24",
      "PCK1"
    ]
  },
  "phase": "pooled_development_cv_search",
  "reduced_search": {
    "best_trial": 44,
    "evaluated_top_n": [
      0,
      1,
      2,
      3,
      4,
      5,
      6,
      7,
      8,
      9,
      10,
      11,
      12,
      13,
      14,
      15,
      16,
      17,
      18,
      19,
      20,
      21,
      22,
      23,
      24,
      25,
      26,
      27,
      28,
      29,
      30,
      31,
      32
    ],
    "trials": [
      {
        "harrell_cindex": 0.6839594828602816,
        "rmst_difference_months": 3.1457011980154372,
        "rsf_max_depth": 8,
        "rsf_max_features": "sqrt",
        "rsf_min_samples_leaf": 8,
        "rsf_min_samples_split": 16,
        "rsf_n_estimators": 400,
        "stage": "reduced",
        "top_n": 0,
        "trial": 0
      },
      {
        "harrell_cindex": 0.6955333701595735,
        "rmst_difference_months": 2.216566172549207,
        "rsf_max_depth": 8,
        "rsf_max_features": "sqrt",
        "rsf_min_samples_leaf": 8,
        "rsf_min_samples_split": 16,
        "rsf_n_estimators": 400,
        "stage": "reduced",
        "top_n": 1,
        "trial": 1
      },
      {
        "harrell_cindex": 0.6972200326470825,
        "rmst_difference_months": 0.7440110307676054,
        "rsf_max_depth": 8,
        "rsf_max_features": "sqrt",
        "rsf_min_samples_leaf": 8,
        "rsf_min_samples_split": 16,
        "rsf_n_estimators": 400,
        "stage": "reduced",
        "top_n": 2,
        "trial": 2
      },
      {
        "harrell_cindex": 0.7019805482972001,
        "rmst_difference_months": 1.6148829547856367,
        "rsf_max_depth": 8,
        "rsf_max_features": "sqrt",
        "rsf_min_samples_leaf": 8,
        "rsf_min_samples_split": 16,
        "rsf_n_estimators": 400,
        "stage": "reduced",
        "top_n": 3,
        "trial": 3
      },
      {
        "harrell_cindex": 0.7087954716137962,
        "rmst_difference_months": 2.1596290927451496,
        "rsf_max_depth": 8,
        "rsf_max_features": "sqrt",
        "rsf_min_samples_leaf": 8,
        "rsf_min_samples_split": 16,
        "rsf_n_estimators": 400,
        "stage": "reduced",
        "top_n": 4,
        "trial": 4
      },
      {
        "harrell_cindex": 0.7076720644004046,
        "rmst_difference_months": 0.7286629743597256,
        "rsf_max_depth": 8,
        "rsf_max_features": "sqrt",
        "rsf_min_samples_leaf": 8,
        "rsf_min_samples_split": 16,
        "rsf_n_estimators": 400,
        "stage": "reduced",
        "top_n": 5,
        "trial": 5
      },
      {
        "harrell_cindex": 0.7089475350211337,
        "rmst_difference_months": 2.162118883442323,
        "rsf_max_depth": 8,
        "rsf_max_features": "sqrt",
        "rsf_min_samples_leaf": 8,
        "rsf_min_samples_split": 16,
        "rsf_n_estimators": 400,
        "stage": "reduced",
        "top_n": 6,
        "trial": 6
      },
      {
        "harrell_cindex": 0.7157283216544499,
        "rmst_difference_months": 1.651781477746135,
        "rsf_max_depth": 8,
        "rsf_max_features": "sqrt",
        "rsf_min_samples_leaf": 8,
        "rsf_min_samples_split": 16,
        "rsf_n_estimators": 400,
        "stage": "reduced",
        "top_n": 7,
        "trial": 7
      },
      {
        "harrell_cindex": 0.7158307317042895,
        "rmst_difference_months": 0.45554388752959984,
        "rsf_max_depth": 8,
        "rsf_max_features": "sqrt",
        "rsf_min_samples_leaf": 8,
        "rsf_min_samples_split": 16,
        "rsf_n_estimators": 400,
        "stage": "reduced",
        "top_n": 8,
        "trial": 8
      },
      {
        "harrell_cindex": 0.7164669153472322,
        "rmst_difference_months": 2.7803547073598454,
        "rsf_max_depth": 8,
        "rsf_max_features": "sqrt",
        "rsf_min_samples_leaf": 8,
        "rsf_min_samples_split": 16,
        "rsf_n_estimators": 400,
        "stage": "reduced",
        "top_n": 9,
        "trial": 9
      },
      {
        "harrell_cindex": 0.7214819044545269,
        "rmst_difference_months": -0.7194895838499618,
        "rsf_max_depth": 8,
        "rsf_max_features": "sqrt",
        "rsf_min_samples_leaf": 8,
        "rsf_min_samples_split": 16,
        "rsf_n_estimators": 400,
        "stage": "reduced",
        "top_n": 10,
        "trial": 10
      },
      {
        "harrell_cindex": 0.7220063680430991,
        "rmst_difference_months": 2.3573198396964226,
        "rsf_max_depth": 8,
        "rsf_max_features": "sqrt",
        "rsf_min_samples_leaf": 8,
        "rsf_min_samples_split": 16,
        "rsf_n_estimators": 400,
        "stage": "reduced",
        "top_n": 11,
        "trial": 11
      },
      {
        "harrell_cindex": 0.7211622609656336,
        "rmst_difference_months": 3.8911513978874925,
        "rsf_max_depth": 8,
        "rsf_max_features": "sqrt",
        "rsf_min_samples_leaf": 8,
        "rsf_min_samples_split": 16,
        "rsf_n_estimators": 400,
        "stage": "reduced",
        "top_n": 12,
        "trial": 12
      },
      {
        "harrell_cindex": 0.7211374342868847,
        "rmst_difference_months": 1.7549683413556487,
        "rsf_max_depth": 8,
        "rsf_max_features": "sqrt",
        "rsf_min_samples_leaf": 8,
        "rsf_min_samples_split": 16,
        "rsf_n_estimators": 400,
        "stage": "reduced",
        "top_n": 13,
        "trial": 13
      },
      {
        "harrell_cindex": 0.7223477348758977,
        "rmst_difference_months": 1.0292190004691621,
        "rsf_max_depth": 8,
        "rsf_max_features": "sqrt",
        "rsf_min_samples_leaf": 8,
        "rsf_min_samples_split": 16,
        "rsf_n_estimators": 400,
        "stage": "reduced",
        "top_n": 14,
        "trial": 14
      },
      {
        "harrell_cindex": 0.7203026372139502,
        "rmst_difference_months": 2.00396241384068,
        "rsf_max_depth": 8,
        "rsf_max_features": "sqrt",
        "rsf_min_samples_leaf": 8,
        "rsf_min_samples_split": 16,
        "rsf_n_estimators": 400,
        "stage": "reduced",
        "top_n": 15,
        "trial": 15
      },
      {
        "harrell_cindex": 0.7219691280249756,
        "rmst_difference_months": 1.7568110007947133,
        "rsf_max_depth": 8,
        "rsf_max_features": "sqrt",
        "rsf_min_samples_leaf": 8,
        "rsf_min_samples_split": 16,
        "rsf_n_estimators": 400,
        "stage": "reduced",
        "top_n": 16,
        "trial": 16
      },
      {
        "harrell_cindex": 0.7206346940422178,
        "rmst_difference_months": 3.625515557823062,
        "rsf_max_depth": 8,
        "rsf_max_features": "sqrt",
        "rsf_min_samples_leaf": 8,
        "rsf_min_samples_split": 16,
        "rsf_n_estimators": 400,
        "stage": "reduced",
        "top_n": 17,
        "trial": 17
      },
      {
        "harrell_cindex": 0.7231794286139885,
        "rmst_difference_months": 2.0105026609780805,
        "rsf_max_depth": 8,
        "rsf_max_features": "sqrt",
        "rsf_min_samples_leaf": 8,
        "rsf_min_samples_split": 16,
        "rsf_n_estimators": 400,
        "stage": "reduced",
        "top_n": 18,
        "trial": 18
      },
      {
        "harrell_cindex": 0.7221056747580951,
        "rmst_difference_months": 1.736245253140028,
        "rsf_max_depth": 8,
        "rsf_max_features": "sqrt",
        "rsf_min_samples_leaf": 8,
        "rsf_min_samples_split": 16,
        "rsf_n_estimators": 400,
        "stage": "reduced",
        "top_n": 19,
        "trial": 19
      },
      {
        "harrell_cindex": 0.7211001942687613,
        "rmst_difference_months": 1.6027657053447306,
        "rsf_max_depth": 8,
        "rsf_max_features": "sqrt",
        "rsf_min_samples_leaf": 8,
        "rsf_min_samples_split": 16,
        "rsf_n_estimators": 400,
        "stage": "reduced",
        "top_n": 20,
        "trial": 20
      },
      {
        "harrell_cindex": 0.7233376986910134,
        "rmst_difference_months": 0.11026373198642425,
        "rsf_max_depth": 8,
        "rsf_max_features": "sqrt",
        "rsf_min_samples_leaf": 8,
        "rsf_min_samples_split": 16,
        "rsf_n_estimators": 400,
        "stage": "reduced",
        "top_n": 21,
        "trial": 21
      },
      {
        "harrell_cindex": 0.7208519274812714,
        "rmst_difference_months": -0.2082605301230055,
        "rsf_max_depth": 8,
        "rsf_max_features": "sqrt",
        "rsf_min_samples_leaf": 8,
        "rsf_min_samples_split": 16,
        "rsf_n_estimators": 400,
        "stage": "reduced",
        "top_n": 22,
        "trial": 22
      },
      {
        "harrell_cindex": 0.7247497160448618,
        "rmst_difference_months": 0.8940866429258391,
        "rsf_max_depth": 8,
        "rsf_max_features": "sqrt",
        "rsf_min_samples_leaf": 8,
        "rsf_min_samples_split": 16,
        "rsf_n_estimators": 400,
        "stage": "reduced",
        "top_n": 23,
        "trial": 23
      },
      {
        "harrell_cindex": 0.7246690293389276,
        "rmst_difference_months": 1.4861536716503982,
        "rsf_max_depth": 8,
        "rsf_max_features": "sqrt",
        "rsf_min_samples_leaf": 8,
        "rsf_min_samples_split": 16,
        "rsf_n_estimators": 400,
        "stage": "reduced",
        "top_n": 24,
        "trial": 24
      },
      {
        "harrell_cindex": 0.7233035620077335,
        "rmst_difference_months": -1.3520143276592962,
        "rsf_max_depth": 8,
        "rsf_max_features": "sqrt",
        "rsf_min_samples_leaf": 8,
        "rsf_min_samples_split": 16,
        "rsf_n_estimators": 400,
        "stage": "reduced",
        "top_n": 25,
        "trial": 25
      },
      {
        "harrell_cindex": 0.7259041566066895,
        "rmst_difference_months": 1.149739965672531,
        "rsf_max_depth": 8,
        "rsf_max_features": "sqrt",
        "rsf_min_samples_leaf": 8,
        "rsf_min_samples_split": 16,
        "rsf_n_estimators": 400,
        "stage": "reduced",
        "top_n": 26,
        "trial": 26
      },
      {
        "harrell_cindex": 0.7260841500276197,
        "rmst_difference_months": -0.6906424799336234,
        "rsf_max_depth": 8,
        "rsf_max_features": "sqrt",
        "rsf_min_samples_leaf": 8,
        "rsf_min_samples_split": 16,
        "rsf_n_estimators": 400,
        "stage": "reduced",
        "top_n": 27,
        "trial": 27
      },
      {
        "harrell_cindex": 0.7275240973950607,
        "rmst_difference_months": 2.6355189667837773,
        "rsf_max_depth": 8,
        "rsf_max_features": "sqrt",
        "rsf_min_samples_leaf": 8,
        "rsf_min_samples_split": 16,
        "rsf_n_estimators": 400,
        "stage": "reduced",
        "top_n": 28,
        "trial": 28
      },
      {
        "harrell_cindex": 0.7260996667018378,
        "rmst_difference_months": 0.45243816373390067,
        "rsf_max_depth": 8,
        "rsf_max_features": "sqrt",
        "rsf_min_samples_leaf": 8,
        "rsf_min_samples_split": 16,
        "rsf_n_estimators": 400,
        "stage": "reduced",
        "top_n": 29,
        "trial": 29
      },
      {
        "harrell_cindex": 0.7273503106438178,
        "rmst_difference_months": -0.11254287537365303,
        "rsf_max_depth": 8,
        "rsf_max_features": "sqrt",
        "rsf_min_samples_leaf": 8,
        "rsf_min_samples_split": 16,
        "rsf_n_estimators": 400,
        "stage": "reduced",
        "top_n": 30,
        "trial": 30
      },
      {
        "harrell_cindex": 0.7270151504807065,
        "rmst_difference_months": -1.4554665035167038,
        "rsf_max_depth": 8,
        "rsf_max_features": "sqrt",
        "rsf_min_samples_leaf": 8,
        "rsf_min_samples_split": 16,
        "rsf_n_estimators": 400,
        "stage": "reduced",
        "top_n": 31,
        "trial": 31
      },
      {
        "harrell_cindex": 0.7256683031585742,
        "rmst_difference_months": 0.5337932560549348,
        "rsf_max_depth": 8,
        "rsf_max_features": "sqrt",
        "rsf_min_samples_leaf": 8,
        "rsf_min_samples_split": 16,
        "rsf_n_estimators": 400,
        "stage": "reduced",
        "top_n": 32,
        "trial": 32
      },
      {
        "harrell_cindex": 0.6960500754110367,
        "rmst_difference_months": 2.090900861781172,
        "rsf_max_depth": 6,
        "rsf_max_features": 0.25,
        "rsf_min_samples_leaf": 32,
        "rsf_min_samples_split": 96,
        "rsf_n_estimators": 400,
        "stage": "reduced",
        "top_n": 3,
        "trial": 33
      },
      {
        "harrell_cindex": 0.7099095688226569,
        "rmst_difference_months": 2.5845252194607524,
        "rsf_max_depth": 4,
        "rsf_max_features": "sqrt",
        "rsf_min_samples_leaf": 16,
        "rsf_min_samples_split": 32,
        "rsf_n_estimators": 400,
        "stage": "reduced",
        "top_n": 7,
        "trial": 34
      },
      {
        "harrell_cindex": 0.6840960295934011,
        "rmst_difference_months": 3.4362255227137126,
        "rsf_max_depth": 8,
        "rsf_max_features": "sqrt",
        "rsf_min_samples_leaf": 8,
        "rsf_min_samples_split": 16,
        "rsf_n_estimators": 600,
        "stage": "reduced",
        "top_n": 0,
        "trial": 35
      },
      {
        "harrell_cindex": 0.7088761583197304,
        "rmst_difference_months": -0.089215158925622,
        "rsf_max_depth": 8,
        "rsf_max_features": "sqrt",
        "rsf_min_samples_leaf": 32,
        "rsf_min_samples_split": 96,
        "rsf_n_estimators": 400,
        "stage": "reduced",
        "top_n": 9,
        "trial": 36
      },
      {
        "harrell_cindex": 0.7086961648988003,
        "rmst_difference_months": 0.28904385953272993,
        "rsf_max_depth": 8,
        "rsf_max_features": "sqrt",
        "rsf_min_samples_leaf": 8,
        "rsf_min_samples_split": 16,
        "rsf_n_estimators": 200,
        "stage": "reduced",
        "top_n": 6,
        "trial": 37
      },
      {
        "harrell_cindex": 0.6973038226878604,
        "rmst_difference_months": -0.3019062147919175,
        "rsf_max_depth": 4,
        "rsf_max_features": 0.25,
        "rsf_min_samples_leaf": 8,
        "rsf_min_samples_split": 16,
        "rsf_n_estimators": 400,
        "stage": "reduced",
        "top_n": 3,
        "trial": 38
      },
      {
        "harrell_cindex": 0.7072143225109703,
        "rmst_difference_months": 0.21834611561134748,
        "rsf_max_depth": 4,
        "rsf_max_features": 0.25,
        "rsf_min_samples_leaf": 32,
        "rsf_min_samples_split": 96,
        "rsf_n_estimators": 200,
        "stage": "reduced",
        "top_n": 28,
        "trial": 39
      },
      {
        "harrell_cindex": 0.7247497160448618,
        "rmst_difference_months": 0.8940866429258391,
        "rsf_max_depth": 8,
        "rsf_max_features": "sqrt",
        "rsf_min_samples_leaf": 8,
        "rsf_min_samples_split": 16,
        "rsf_n_estimators": 400,
        "stage": "reduced",
        "top_n": 23,
        "trial": 40
      },
      {
        "harrell_cindex": 0.7172117157097017,
        "rmst_difference_months": 1.0246820464695263,
        "rsf_max_depth": 4,
        "rsf_max_features": "sqrt",
        "rsf_min_samples_leaf": 8,
        "rsf_min_samples_split": 24,
        "rsf_n_estimators": 200,
        "stage": "reduced",
        "top_n": 21,
        "trial": 41
      },
      {
        "harrell_cindex": 0.7254541730543642,
        "rmst_difference_months": 1.4563662057920834,
        "rsf_max_depth": 8,
        "rsf_max_features": "sqrt",
        "rsf_min_samples_leaf": 8,
        "rsf_min_samples_split": 24,
        "rsf_n_estimators": 600,
        "stage": "reduced",
        "top_n": 24,
        "trial": 42
      },
      {
        "harrell_cindex": 0.7268041237113402,
        "rmst_difference_months": 0.7889799281168851,
        "rsf_max_depth": 6,
        "rsf_max_features": "log2",
        "rsf_min_samples_leaf": 8,
        "rsf_min_samples_split": 16,
        "rsf_n_estimators": 200,
        "stage": "reduced",
        "top_n": 27,
        "trial": 43
      },
      {
        "harrell_cindex": 0.7189061365343198,
        "rmst_difference_months": 5.422947102000818,
        "rsf_max_depth": 8,
        "rsf_max_features": "sqrt",
        "rsf_min_samples_leaf": 16,
        "rsf_min_samples_split": 48,
        "rsf_n_estimators": 600,
        "stage": "reduced",
        "top_n": 14,
        "trial": 44
      },
      {
        "harrell_cindex": 0.7216432778663953,
        "rmst_difference_months": 0.8854552994582184,
        "rsf_max_depth": 6,
        "rsf_max_features": "sqrt",
        "rsf_min_samples_leaf": 16,
        "rsf_min_samples_split": 32,
        "rsf_n_estimators": 400,
        "stage": "reduced",
        "top_n": 32,
        "trial": 45
      },
      {
        "harrell_cindex": 0.7215284544771812,
        "rmst_difference_months": 1.0234367136263622,
        "rsf_max_depth": 6,
        "rsf_max_features": 0.25,
        "rsf_min_samples_leaf": 8,
        "rsf_min_samples_split": 16,
        "rsf_n_estimators": 400,
        "stage": "reduced",
        "top_n": 27,
        "trial": 46
      },
      {
        "harrell_cindex": 0.7181675428415375,
        "rmst_difference_months": -0.12582146906941874,
        "rsf_max_depth": 4,
        "rsf_max_features": "log2",
        "rsf_min_samples_leaf": 8,
        "rsf_min_samples_split": 24,
        "rsf_n_estimators": 400,
        "stage": "reduced",
        "top_n": 22,
        "trial": 47
      },
      {
        "harrell_cindex": 0.6830610674230528,
        "rmst_difference_months": 1.8668926225426405,
        "rsf_max_depth": 4,
        "rsf_max_features": 0.25,
        "rsf_min_samples_leaf": 16,
        "rsf_min_samples_split": 48,
        "rsf_n_estimators": 600,
        "stage": "reduced",
        "top_n": 0,
        "trial": 48
      }
    ]
  },
  "reward": 5.422947102000818,
  "schema_version": 1,
  "screening": {
    "best_params": {
      "max_depth": 4,
      "max_features": 0.25,
      "min_samples_leaf": 16,
      "min_samples_split": 32,
      "n_estimators": 250
    },
    "best_trial": 0,
    "n_features": 8666,
    "n_reactome_genes": 8647,
    "optimization_harrell_cindex": 0.6707625514377751,
    "optimization_rmst_difference_months": 0.21834611561134748,
    "pfi_refit_oof": {
      "harrell_cindex": 0.6707625514377751,
      "rmst_difference_months": 0.21834611561134715
    },
    "trials": [
      {
        "harrell_cindex": 0.6707625514377751,
        "rmst_difference_months": 0.21834611561134748,
        "rsf_max_depth": 4,
        "rsf_max_features": 0.25,
        "rsf_min_samples_leaf": 16,
        "rsf_min_samples_split": 32,
        "rsf_n_estimators": 250,
        "stage": "screening",
        "top_n": null,
        "trial": 0
      },
      {
        "harrell_cindex": 0.6653068887826858,
        "rmst_difference_months": 0.21834611561134748,
        "rsf_max_depth": 6,
        "rsf_max_features": 0.5,
        "rsf_min_samples_leaf": 16,
        "rsf_min_samples_split": 32,
        "rsf_n_estimators": 250,
        "stage": "screening",
        "top_n": null,
        "trial": 1
      },
      {
        "harrell_cindex": 0.6619025304592315,
        "rmst_difference_months": 0.21834611561134748,
        "rsf_max_depth": 6,
        "rsf_max_features": 0.5,
        "rsf_min_samples_leaf": 16,
        "rsf_min_samples_split": 32,
        "rsf_n_estimators": 150,
        "stage": "screening",
        "top_n": null,
        "trial": 2
      },
      {
        "harrell_cindex": 0.6607015398747494,
        "rmst_difference_months": 0.21834611561134748,
        "rsf_max_depth": 4,
        "rsf_max_features": 0.5,
        "rsf_min_samples_leaf": 16,
        "rsf_min_samples_split": 32,
        "rsf_n_estimators": 150,
        "stage": "screening",
        "top_n": null,
        "trial": 3
      },
      {
        "harrell_cindex": 0.6672945747500264,
        "rmst_difference_months": 0.21834611561134748,
        "rsf_max_depth": 6,
        "rsf_max_features": 0.25,
        "rsf_min_samples_leaf": 16,
        "rsf_min_samples_split": 32,
        "rsf_n_estimators": 250,
        "stage": "screening",
        "top_n": null,
        "trial": 4
      },
      {
        "harrell_cindex": 0.6640702098475021,
        "rmst_difference_months": 0.21834611561134748,
        "rsf_max_depth": 6,
        "rsf_max_features": 0.25,
        "rsf_min_samples_leaf": 16,
        "rsf_min_samples_split": 32,
        "rsf_n_estimators": 150,
        "stage": "screening",
        "top_n": null,
        "trial": 5
      },
      {
        "harrell_cindex": 0.6607015398747494,
        "rmst_difference_months": 0.21834611561134748,
        "rsf_max_depth": 4,
        "rsf_max_features": 0.5,
        "rsf_min_samples_leaf": 16,
        "rsf_min_samples_split": 32,
        "rsf_n_estimators": 150,
        "stage": "screening",
        "top_n": null,
        "trial": 6
      },
      {
        "harrell_cindex": 0.6653068887826858,
        "rmst_difference_months": 0.21834611561134748,
        "rsf_max_depth": 6,
        "rsf_max_features": 0.5,
        "rsf_min_samples_leaf": 16,
        "rsf_min_samples_split": 32,
        "rsf_n_estimators": 250,
        "stage": "screening",
        "top_n": null,
        "trial": 7
      },
      {
        "harrell_cindex": 0.668022306770856,
        "rmst_difference_months": 0.21834611561134748,
        "rsf_max_depth": 4,
        "rsf_max_features": 0.25,
        "rsf_min_samples_leaf": 16,
        "rsf_min_samples_split": 32,
        "rsf_n_estimators": 150,
        "stage": "screening",
        "top_n": null,
        "trial": 8
      },
      {
        "harrell_cindex": 0.6653068887826858,
        "rmst_difference_months": 0.21834611561134748,
        "rsf_max_depth": 6,
        "rsf_max_features": 0.5,
        "rsf_min_samples_leaf": 16,
        "rsf_min_samples_split": 32,
        "rsf_n_estimators": 250,
        "stage": "screening",
        "top_n": null,
        "trial": 9
      },
      {
        "harrell_cindex": 0.6607015398747494,
        "rmst_difference_months": 0.21834611561134748,
        "rsf_max_depth": 4,
        "rsf_max_features": 0.5,
        "rsf_min_samples_leaf": 16,
        "rsf_min_samples_split": 32,
        "rsf_n_estimators": 150,
        "stage": "screening",
        "top_n": null,
        "trial": 10
      },
      {
        "harrell_cindex": 0.6672945747500264,
        "rmst_difference_months": 0.21834611561134748,
        "rsf_max_depth": 6,
        "rsf_max_features": 0.25,
        "rsf_min_samples_leaf": 16,
        "rsf_min_samples_split": 32,
        "rsf_n_estimators": 250,
        "stage": "screening",
        "top_n": null,
        "trial": 11
      }
    ]
  },
  "secondary_score": 0.7189061365343198
}

