[I 2026-08-22 16:38:22,531] A new study created in memory with name: no-name-ac576f74-c9d0-47c0-b85f-753796f3626b
[screening trial 000] RMST=0.2183 C=0.6680 params={'n_estimators': 150, 'max_depth': 4, 'min_samples_leaf': 16, 'min_samples_split': 32, 'max_features': 0.25}
[I 2026-08-22 16:41:18,529] Trial 0 finished with values: [0.21834611561134748, 0.668022306770856] and parameters: {'n_estimators': 150, 'max_depth': 4, 'min_samples_leaf': 16, 'split_leaf_multiplier': 2, 'max_features': 0.25}.
[screening trial 001] RMST=0.2183 C=0.6641 params={'n_estimators': 150, 'max_depth': 6, 'min_samples_leaf': 16, 'min_samples_split': 32, 'max_features': 0.25}
[I 2026-08-22 16:45:00,798] Trial 1 finished with values: [0.21834611561134748, 0.6640702098475021] and parameters: {'n_estimators': 150, 'max_depth': 6, 'min_samples_leaf': 16, 'split_leaf_multiplier': 2, 'max_features': 0.25}.
[screening trial 002] RMST=0.2183 C=0.6680 params={'n_estimators': 150, 'max_depth': 4, 'min_samples_leaf': 16, 'min_samples_split': 32, 'max_features': 0.25}
[I 2026-08-22 16:47:50,805] Trial 2 finished with values: [0.21834611561134748, 0.668022306770856] and parameters: {'n_estimators': 150, 'max_depth': 4, 'min_samples_leaf': 16, 'split_leaf_multiplier': 2, 'max_features': 0.25}.
[screening trial 003] RMST=0.2183 C=0.6562 params={'n_estimators': 150, 'max_depth': 6, 'min_samples_leaf': 16, 'min_samples_split': 32, 'max_features': 0.05}
[I 2026-08-22 16:48:33,040] Trial 3 finished with values: [0.21834611561134748, 0.6562063593537616] and parameters: {'n_estimators': 150, 'max_depth': 6, 'min_samples_leaf': 16, 'split_leaf_multiplier': 2, 'max_features': 0.05}.
[screening trial 004] RMST=0.2183 C=0.6557 params={'n_estimators': 150, 'max_depth': 4, 'min_samples_leaf': 16, 'min_samples_split': 32, 'max_features': 0.05}
[I 2026-08-22 16:49:06,727] Trial 4 finished with values: [0.21834611561134748, 0.6556694824258148] and parameters: {'n_estimators': 150, 'max_depth': 4, 'min_samples_leaf': 16, 'split_leaf_multiplier': 2, 'max_features': 0.05}.
[screening trial 005] RMST=0.2183 C=0.6668 params={'n_estimators': 150, 'max_depth': 6, 'min_samples_leaf': 24, 'min_samples_split': 48, 'max_features': 0.25}
[I 2026-08-22 16:52:06,268] Trial 5 finished with values: [0.21834611561134748, 0.6668228678537957] and parameters: {'n_estimators': 150, 'max_depth': 6, 'min_samples_leaf': 24, 'split_leaf_multiplier': 2, 'max_features': 0.25}.
[screening trial 006] RMST=0.2183 C=0.6680 params={'n_estimators': 100, 'max_depth': 4, 'min_samples_leaf': 16, 'min_samples_split': 32, 'max_features': 0.25}
[I 2026-08-22 16:54:03,660] Trial 6 finished with values: [0.21834611561134748, 0.6680067900966379] and parameters: {'n_estimators': 100, 'max_depth': 4, 'min_samples_leaf': 16, 'split_leaf_multiplier': 2, 'max_features': 0.25}.
[screening trial 007] RMST=0.2183 C=0.6562 params={'n_estimators': 150, 'max_depth': 6, 'min_samples_leaf': 16, 'min_samples_split': 32, 'max_features': 0.05}
[I 2026-08-22 16:54:45,668] Trial 7 finished with values: [0.21834611561134748, 0.6562063593537616] and parameters: {'n_estimators': 150, 'max_depth': 6, 'min_samples_leaf': 16, 'split_leaf_multiplier': 2, 'max_features': 0.05}.
[screening trial 008] RMST=0.2183 C=0.6528 params={'n_estimators': 150, 'max_depth': 6, 'min_samples_leaf': 24, 'min_samples_split': 48, 'max_features': 0.05}
[I 2026-08-22 16:55:19,579] Trial 8 finished with values: [0.21834611561134748, 0.6528128627022598] and parameters: {'n_estimators': 150, 'max_depth': 6, 'min_samples_leaf': 24, 'split_leaf_multiplier': 2, 'max_features': 0.05}.
[screening trial 009] RMST=0.2183 C=0.6562 params={'n_estimators': 150, 'max_depth': 6, 'min_samples_leaf': 16, 'min_samples_split': 32, 'max_features': 0.05}
[I 2026-08-22 16:56:01,571] Trial 9 finished with values: [0.21834611561134748, 0.6562063593537616] and parameters: {'n_estimators': 150, 'max_depth': 6, 'min_samples_leaf': 16, 'split_leaf_multiplier': 2, 'max_features': 0.05}.
[screening trial 010] RMST=0.2183 C=0.6498 params={'n_estimators': 100, 'max_depth': 4, 'min_samples_leaf': 24, 'min_samples_split': 48, 'max_features': 0.05}
[I 2026-08-22 16:56:22,273] Trial 10 finished with values: [0.21834611561134748, 0.6498274545826945] and parameters: {'n_estimators': 100, 'max_depth': 4, 'min_samples_leaf': 24, 'split_leaf_multiplier': 2, 'max_features': 0.05}.
[screening trial 011] RMST=0.2183 C=0.6513 params={'n_estimators': 100, 'max_depth': 6, 'min_samples_leaf': 16, 'min_samples_split': 32, 'max_features': 0.05}
[I 2026-08-22 16:56:51,880] Trial 11 finished with values: [0.21834611561134748, 0.651281366956932] and parameters: {'n_estimators': 100, 'max_depth': 6, 'min_samples_leaf': 16, 'split_leaf_multiplier': 2, 'max_features': 0.05}.
[PFI fold 1] 734/8666 features used by a split
[PFI fold 2] 820/8666 features used by a split
[PFI fold 2] processed through feature 1000
[PFI fold 3] 714/8666 features used by a split
[PFI fold 3] processed through feature 1250
[PFI fold 3] processed through feature 5500
[I 2026-08-22 17:16:56,347] A new study created in memory with name: no-name-6d8afd6a-4936-4e8d-8b07-c510bcab2c11
[reduced trial 000] N=00 RMST=3.3950 C=0.6825 params={'n_estimators': 400, 'max_depth': 6, 'min_samples_leaf': 16, 'min_samples_split': 32, 'max_features': 'sqrt'}
[I 2026-08-22 17:16:58,181] Trial 0 finished with values: [3.394965377171216, 0.6825071221534661] and parameters: {'top_n': 0, 'n_estimators': 400, 'max_depth': 6, 'min_samples_leaf': 16, 'split_leaf_multiplier': 2, 'max_features': 'sqrt'}.
[reduced trial 001] N=01 RMST=2.9319 C=0.6965 params={'n_estimators': 400, 'max_depth': 6, 'min_samples_leaf': 16, 'min_samples_split': 32, 'max_features': 'sqrt'}
[I 2026-08-22 17:17:00,056] Trial 1 finished with values: [2.9318922650807604, 0.696541953983751] and parameters: {'top_n': 1, 'n_estimators': 400, 'max_depth': 6, 'min_samples_leaf': 16, 'split_leaf_multiplier': 2, 'max_features': 'sqrt'}.
[reduced trial 002] N=02 RMST=2.1235 C=0.6953 params={'n_estimators': 400, 'max_depth': 6, 'min_samples_leaf': 16, 'min_samples_split': 32, 'max_features': 'sqrt'}
[I 2026-08-22 17:17:01,972] Trial 2 finished with values: [2.1234836613637773, 0.6953238950576289] and parameters: {'top_n': 2, 'n_estimators': 400, 'max_depth': 6, 'min_samples_leaf': 16, 'split_leaf_multiplier': 2, 'max_features': 'sqrt'}.
[reduced trial 003] N=03 RMST=3.6810 C=0.6992 params={'n_estimators': 400, 'max_depth': 6, 'min_samples_leaf': 16, 'min_samples_split': 32, 'max_features': 'sqrt'}
[I 2026-08-22 17:17:03,935] Trial 3 finished with values: [3.681005463881185, 0.699175133598565] and parameters: {'top_n': 3, 'n_estimators': 400, 'max_depth': 6, 'min_samples_leaf': 16, 'split_leaf_multiplier': 2, 'max_features': 'sqrt'}.
[reduced trial 004] N=04 RMST=1.9724 C=0.7055 params={'n_estimators': 400, 'max_depth': 6, 'min_samples_leaf': 16, 'min_samples_split': 32, 'max_features': 'sqrt'}
[I 2026-08-22 17:17:05,877] Trial 4 finished with values: [1.9724491180483352, 0.7054624899917451] and parameters: {'top_n': 4, 'n_estimators': 400, 'max_depth': 6, 'min_samples_leaf': 16, 'split_leaf_multiplier': 2, 'max_features': 'sqrt'}.
[reduced trial 005] N=05 RMST=2.6495 C=0.7067 params={'n_estimators': 400, 'max_depth': 6, 'min_samples_leaf': 16, 'min_samples_split': 32, 'max_features': 'sqrt'}
[I 2026-08-22 17:17:07,841] Trial 5 finished with values: [2.6494710610142604, 0.7067162372685688] and parameters: {'top_n': 5, 'n_estimators': 400, 'max_depth': 6, 'min_samples_leaf': 16, 'split_leaf_multiplier': 2, 'max_features': 'sqrt'}.
[reduced trial 006] N=06 RMST=5.6860 C=0.7069 params={'n_estimators': 400, 'max_depth': 6, 'min_samples_leaf': 16, 'min_samples_split': 32, 'max_features': 'sqrt'}
[I 2026-08-22 17:17:09,844] Trial 6 finished with values: [5.686031473649878, 0.7068620940062191] and parameters: {'top_n': 6, 'n_estimators': 400, 'max_depth': 6, 'min_samples_leaf': 16, 'split_leaf_multiplier': 2, 'max_features': 'sqrt'}.
[reduced trial 007] N=07 RMST=4.1060 C=0.7079 params={'n_estimators': 400, 'max_depth': 6, 'min_samples_leaf': 16, 'min_samples_split': 32, 'max_features': 'sqrt'}
[I 2026-08-22 17:17:11,902] Trial 7 finished with values: [4.105986740242861, 0.7079296411924254] and parameters: {'top_n': 7, 'n_estimators': 400, 'max_depth': 6, 'min_samples_leaf': 16, 'split_leaf_multiplier': 2, 'max_features': 'sqrt'}.
[reduced trial 008] N=08 RMST=-1.6461 C=0.7087 params={'n_estimators': 400, 'max_depth': 6, 'min_samples_leaf': 16, 'min_samples_split': 32, 'max_features': 'sqrt'}
[I 2026-08-22 17:17:14,096] Trial 8 finished with values: [-1.6460966964073698, 0.7087303015820801] and parameters: {'top_n': 8, 'n_estimators': 400, 'max_depth': 6, 'min_samples_leaf': 16, 'split_leaf_multiplier': 2, 'max_features': 'sqrt'}.
[reduced trial 009] N=09 RMST=1.8830 C=0.7110 params={'n_estimators': 400, 'max_depth': 6, 'min_samples_leaf': 16, 'min_samples_split': 32, 'max_features': 'sqrt'}
[I 2026-08-22 17:17:16,186] Trial 9 finished with values: [1.8829768761243917, 0.7109522893301141] and parameters: {'top_n': 9, 'n_estimators': 400, 'max_depth': 6, 'min_samples_leaf': 16, 'split_leaf_multiplier': 2, 'max_features': 'sqrt'}.
[reduced trial 010] N=10 RMST=4.4954 C=0.7169 params={'n_estimators': 400, 'max_depth': 6, 'min_samples_leaf': 16, 'min_samples_split': 32, 'max_features': 'sqrt'}
[I 2026-08-22 17:17:18,348] Trial 10 finished with values: [4.495369978003572, 0.7169106922298703] and parameters: {'top_n': 10, 'n_estimators': 400, 'max_depth': 6, 'min_samples_leaf': 16, 'split_leaf_multiplier': 2, 'max_features': 'sqrt'}.
[reduced trial 011] N=11 RMST=-1.0235 C=0.7170 params={'n_estimators': 400, 'max_depth': 6, 'min_samples_leaf': 16, 'min_samples_split': 32, 'max_features': 'sqrt'}
[I 2026-08-22 17:17:20,492] Trial 11 finished with values: [-1.0235005081627861, 0.717019308949397] and parameters: {'top_n': 11, 'n_estimators': 400, 'max_depth': 6, 'min_samples_leaf': 16, 'split_leaf_multiplier': 2, 'max_features': 'sqrt'}.
[reduced trial 012] N=12 RMST=1.8171 C=0.7177 params={'n_estimators': 400, 'max_depth': 6, 'min_samples_leaf': 16, 'min_samples_split': 32, 'max_features': 'sqrt'}
[I 2026-08-22 17:17:22,648] Trial 12 finished with values: [1.817077503575027, 0.7176927326104632] and parameters: {'top_n': 12, 'n_estimators': 400, 'max_depth': 6, 'min_samples_leaf': 16, 'split_leaf_multiplier': 2, 'max_features': 'sqrt'}.
[reduced trial 013] N=13 RMST=2.0519 C=0.7189 params={'n_estimators': 400, 'max_depth': 6, 'min_samples_leaf': 16, 'min_samples_split': 32, 'max_features': 'sqrt'}
[I 2026-08-22 17:17:24,817] Trial 13 finished with values: [2.051926923220448, 0.718937169882756] and parameters: {'top_n': 13, 'n_estimators': 400, 'max_depth': 6, 'min_samples_leaf': 16, 'split_leaf_multiplier': 2, 'max_features': 'sqrt'}.
[reduced trial 014] N=14 RMST=0.5372 C=0.7204 params={'n_estimators': 400, 'max_depth': 6, 'min_samples_leaf': 16, 'min_samples_split': 32, 'max_features': 'sqrt'}
[I 2026-08-22 17:17:27,060] Trial 14 finished with values: [0.5371629367265992, 0.7204081505986333] and parameters: {'top_n': 14, 'n_estimators': 400, 'max_depth': 6, 'min_samples_leaf': 16, 'split_leaf_multiplier': 2, 'max_features': 'sqrt'}.
[reduced trial 015] N=15 RMST=2.3428 C=0.7215 params={'n_estimators': 400, 'max_depth': 6, 'min_samples_leaf': 16, 'min_samples_split': 32, 'max_features': 'sqrt'}
[I 2026-08-22 17:17:29,293] Trial 15 finished with values: [2.3427796774887035, 0.7214912144590577] and parameters: {'top_n': 15, 'n_estimators': 400, 'max_depth': 6, 'min_samples_leaf': 16, 'split_leaf_multiplier': 2, 'max_features': 'sqrt'}.
[reduced trial 016] N=16 RMST=2.1130 C=0.7215 params={'n_estimators': 400, 'max_depth': 6, 'min_samples_leaf': 16, 'min_samples_split': 32, 'max_features': 'sqrt'}
[I 2026-08-22 17:17:31,527] Trial 16 finished with values: [2.1130357660457113, 0.7215315578120248] and parameters: {'top_n': 16, 'n_estimators': 400, 'max_depth': 6, 'min_samples_leaf': 16, 'split_leaf_multiplier': 2, 'max_features': 'sqrt'}.
[reduced trial 017] N=17 RMST=-1.8822 C=0.7232 params={'n_estimators': 400, 'max_depth': 6, 'min_samples_leaf': 16, 'min_samples_split': 32, 'max_features': 'sqrt'}
[I 2026-08-22 17:17:33,893] Trial 17 finished with values: [-1.8821636846709158, 0.7232477019805483] and parameters: {'top_n': 17, 'n_estimators': 400, 'max_depth': 6, 'min_samples_leaf': 16, 'split_leaf_multiplier': 2, 'max_features': 'sqrt'}.
[reduced trial 018] N=18 RMST=2.1242 C=0.7248 params={'n_estimators': 400, 'max_depth': 6, 'min_samples_leaf': 16, 'min_samples_split': 32, 'max_features': 'sqrt'}
[I 2026-08-22 17:17:36,272] Trial 18 finished with values: [2.1241556801412558, 0.7247993694023598] and parameters: {'top_n': 18, 'n_estimators': 400, 'max_depth': 6, 'min_samples_leaf': 16, 'split_leaf_multiplier': 2, 'max_features': 'sqrt'}.
[reduced trial 019] N=19 RMST=4.1248 C=0.7217 params={'n_estimators': 400, 'max_depth': 6, 'min_samples_leaf': 16, 'min_samples_split': 32, 'max_features': 'sqrt'}
[I 2026-08-22 17:17:38,700] Trial 19 finished with values: [4.124758369622893, 0.7217301712420167] and parameters: {'top_n': 19, 'n_estimators': 400, 'max_depth': 6, 'min_samples_leaf': 16, 'split_leaf_multiplier': 2, 'max_features': 'sqrt'}.
[reduced trial 020] N=20 RMST=3.7523 C=0.7229 params={'n_estimators': 400, 'max_depth': 6, 'min_samples_leaf': 16, 'min_samples_split': 32, 'max_features': 'sqrt'}
[I 2026-08-22 17:17:41,130] Trial 20 finished with values: [3.7522874978401872, 0.7228784051341571] and parameters: {'top_n': 20, 'n_estimators': 400, 'max_depth': 6, 'min_samples_leaf': 16, 'split_leaf_multiplier': 2, 'max_features': 'sqrt'}.
[reduced trial 021] N=21 RMST=0.0643 C=0.7241 params={'n_estimators': 400, 'max_depth': 6, 'min_samples_leaf': 16, 'min_samples_split': 32, 'max_features': 'sqrt'}
[I 2026-08-22 17:17:43,563] Trial 21 finished with values: [0.06428644897417131, 0.7241321524109808] and parameters: {'top_n': 21, 'n_estimators': 400, 'max_depth': 6, 'min_samples_leaf': 16, 'split_leaf_multiplier': 2, 'max_features': 'sqrt'}.
[reduced trial 022] N=22 RMST=-1.1561 C=0.7218 params={'n_estimators': 400, 'max_depth': 6, 'min_samples_leaf': 16, 'min_samples_split': 32, 'max_features': 'sqrt'}
[I 2026-08-22 17:17:45,981] Trial 22 finished with values: [-1.156112094967958, 0.7217705145949838] and parameters: {'top_n': 22, 'n_estimators': 400, 'max_depth': 6, 'min_samples_leaf': 16, 'split_leaf_multiplier': 2, 'max_features': 'sqrt'}.
[reduced trial 023] N=23 RMST=-0.3258 C=0.7227 params={'n_estimators': 400, 'max_depth': 6, 'min_samples_leaf': 16, 'min_samples_split': 32, 'max_features': 'sqrt'}
[I 2026-08-22 17:17:48,444] Trial 23 finished with values: [-0.3257541258625892, 0.7226891017086962] and parameters: {'top_n': 23, 'n_estimators': 400, 'max_depth': 6, 'min_samples_leaf': 16, 'split_leaf_multiplier': 2, 'max_features': 'sqrt'}.
[reduced trial 024] N=24 RMST=0.4828 C=0.7203 params={'n_estimators': 400, 'max_depth': 6, 'min_samples_leaf': 16, 'min_samples_split': 32, 'max_features': 'sqrt'}
[I 2026-08-22 17:17:50,915] Trial 24 finished with values: [0.4828423082894759, 0.7203367738972299] and parameters: {'top_n': 24, 'n_estimators': 400, 'max_depth': 6, 'min_samples_leaf': 16, 'split_leaf_multiplier': 2, 'max_features': 'sqrt'}.
[reduced trial 025] N=25 RMST=1.6633 C=0.7196 params={'n_estimators': 400, 'max_depth': 6, 'min_samples_leaf': 16, 'min_samples_split': 32, 'max_features': 'sqrt'}
[I 2026-08-22 17:17:53,425] Trial 25 finished with values: [1.6633119841037753, 0.7195733535256987] and parameters: {'top_n': 25, 'n_estimators': 400, 'max_depth': 6, 'min_samples_leaf': 16, 'split_leaf_multiplier': 2, 'max_features': 'sqrt'}.
[reduced trial 026] N=26 RMST=4.8318 C=0.7221 params={'n_estimators': 400, 'max_depth': 6, 'min_samples_leaf': 16, 'min_samples_split': 32, 'max_features': 'sqrt'}
[I 2026-08-22 17:17:55,994] Trial 26 finished with values: [4.8318228715374625, 0.7221118814277823] and parameters: {'top_n': 26, 'n_estimators': 400, 'max_depth': 6, 'min_samples_leaf': 16, 'split_leaf_multiplier': 2, 'max_features': 'sqrt'}.
[reduced trial 027] N=27 RMST=2.0185 C=0.7208 params={'n_estimators': 400, 'max_depth': 6, 'min_samples_leaf': 16, 'min_samples_split': 32, 'max_features': 'sqrt'}
[I 2026-08-22 17:17:58,520] Trial 27 finished with values: [2.018543224769108, 0.7207712407753372] and parameters: {'top_n': 27, 'n_estimators': 400, 'max_depth': 6, 'min_samples_leaf': 16, 'split_leaf_multiplier': 2, 'max_features': 'sqrt'}.
[reduced trial 028] N=28 RMST=2.1045 C=0.7205 params={'n_estimators': 400, 'max_depth': 6, 'min_samples_leaf': 16, 'min_samples_split': 32, 'max_features': 'sqrt'}
[I 2026-08-22 17:18:01,046] Trial 28 finished with values: [2.104463139160063, 0.7204671139606621] and parameters: {'top_n': 28, 'n_estimators': 400, 'max_depth': 6, 'min_samples_leaf': 16, 'split_leaf_multiplier': 2, 'max_features': 'sqrt'}.
[reduced trial 029] N=29 RMST=2.4699 C=0.7203 params={'n_estimators': 400, 'max_depth': 6, 'min_samples_leaf': 16, 'min_samples_split': 32, 'max_features': 'sqrt'}
[I 2026-08-22 17:18:03,569] Trial 29 finished with values: [2.469939179438524, 0.7203212572230119] and parameters: {'top_n': 29, 'n_estimators': 400, 'max_depth': 6, 'min_samples_leaf': 16, 'split_leaf_multiplier': 2, 'max_features': 'sqrt'}.
[reduced trial 030] N=30 RMST=1.5898 C=0.7174 params={'n_estimators': 400, 'max_depth': 6, 'min_samples_leaf': 16, 'min_samples_split': 32, 'max_features': 'sqrt'}
[I 2026-08-22 17:18:06,278] Trial 30 finished with values: [1.5897750546122837, 0.7173761924564137] and parameters: {'top_n': 30, 'n_estimators': 400, 'max_depth': 6, 'min_samples_leaf': 16, 'split_leaf_multiplier': 2, 'max_features': 'sqrt'}.
[reduced trial 031] N=31 RMST=-0.7353 C=0.7176 params={'n_estimators': 400, 'max_depth': 6, 'min_samples_leaf': 16, 'min_samples_split': 32, 'max_features': 'sqrt'}
[I 2026-08-22 17:18:09,001] Trial 31 finished with values: [-0.7353143358844618, 0.717562392547031] and parameters: {'top_n': 31, 'n_estimators': 400, 'max_depth': 6, 'min_samples_leaf': 16, 'split_leaf_multiplier': 2, 'max_features': 'sqrt'}.
[reduced trial 032] N=32 RMST=1.3223 C=0.7174 params={'n_estimators': 400, 'max_depth': 6, 'min_samples_leaf': 16, 'min_samples_split': 32, 'max_features': 'sqrt'}
[I 2026-08-22 17:18:11,762] Trial 32 finished with values: [1.3223338470064687, 0.7174444658229734] and parameters: {'top_n': 32, 'n_estimators': 400, 'max_depth': 6, 'min_samples_leaf': 16, 'split_leaf_multiplier': 2, 'max_features': 'sqrt'}.
[reduced trial 033] N=03 RMST=1.2535 C=0.6953 params={'n_estimators': 400, 'max_depth': 4, 'min_samples_leaf': 32, 'min_samples_split': 96, 'max_features': 0.25}
[I 2026-08-22 17:18:13,740] Trial 33 finished with values: [1.2535293803403746, 0.6953269983924726] and parameters: {'top_n': 3, 'n_estimators': 400, 'max_depth': 4, 'min_samples_leaf': 32, 'split_leaf_multiplier': 3, 'max_features': 0.25}.
[reduced trial 034] N=07 RMST=4.2863 C=0.7124 params={'n_estimators': 400, 'max_depth': 8, 'min_samples_leaf': 8, 'min_samples_split': 16, 'max_features': 'sqrt'}
[I 2026-08-22 17:18:15,854] Trial 34 finished with values: [4.286309128354813, 0.7123829266930243] and parameters: {'top_n': 7, 'n_estimators': 400, 'max_depth': 8, 'min_samples_leaf': 8, 'split_leaf_multiplier': 2, 'max_features': 'sqrt'}.
[reduced trial 035] N=00 RMST=3.1650 C=0.6830 params={'n_estimators': 600, 'max_depth': 6, 'min_samples_leaf': 16, 'min_samples_split': 32, 'max_features': 'sqrt'}
[I 2026-08-22 17:18:18,146] Trial 35 finished with values: [3.1650041141702276, 0.6830036557284458] and parameters: {'top_n': 0, 'n_estimators': 600, 'max_depth': 6, 'min_samples_leaf': 16, 'split_leaf_multiplier': 2, 'max_features': 'sqrt'}.
[reduced trial 036] N=09 RMST=1.2736 C=0.7053 params={'n_estimators': 400, 'max_depth': 6, 'min_samples_leaf': 32, 'min_samples_split': 96, 'max_features': 'sqrt'}
[I 2026-08-22 17:18:20,272] Trial 36 finished with values: [1.2736456505262883, 0.7053383565980003] and parameters: {'top_n': 9, 'n_estimators': 400, 'max_depth': 6, 'min_samples_leaf': 32, 'split_leaf_multiplier': 3, 'max_features': 'sqrt'}.
[reduced trial 037] N=06 RMST=1.2203 C=0.7067 params={'n_estimators': 200, 'max_depth': 6, 'min_samples_leaf': 16, 'min_samples_split': 32, 'max_features': 'sqrt'}
[I 2026-08-22 17:18:21,765] Trial 37 finished with values: [1.220340599186076, 0.706672790580758] and parameters: {'top_n': 6, 'n_estimators': 200, 'max_depth': 6, 'min_samples_leaf': 16, 'split_leaf_multiplier': 2, 'max_features': 'sqrt'}.
[reduced trial 038] N=03 RMST=2.1928 C=0.6989 params={'n_estimators': 400, 'max_depth': 8, 'min_samples_leaf': 16, 'min_samples_split': 32, 'max_features': 0.25}
[I 2026-08-22 17:18:23,642] Trial 38 finished with values: [2.192815162190802, 0.6988648001142027] and parameters: {'top_n': 3, 'n_estimators': 400, 'max_depth': 8, 'min_samples_leaf': 16, 'split_leaf_multiplier': 2, 'max_features': 0.25}.
[reduced trial 039] N=28 RMST=0.2183 C=0.7051 params={'n_estimators': 200, 'max_depth': 8, 'min_samples_leaf': 32, 'min_samples_split': 96, 'max_features': 0.25}
[I 2026-08-22 17:18:25,486] Trial 39 finished with values: [0.21834611561134748, 0.705142846502852] and parameters: {'top_n': 28, 'n_estimators': 200, 'max_depth': 8, 'min_samples_leaf': 32, 'split_leaf_multiplier': 3, 'max_features': 0.25}.
[reduced trial 040] N=23 RMST=-0.3258 C=0.7227 params={'n_estimators': 400, 'max_depth': 6, 'min_samples_leaf': 16, 'min_samples_split': 32, 'max_features': 'sqrt'}
[I 2026-08-22 17:18:28,005] Trial 40 finished with values: [-0.3257541258625892, 0.7226891017086962] and parameters: {'top_n': 23, 'n_estimators': 400, 'max_depth': 6, 'min_samples_leaf': 16, 'split_leaf_multiplier': 2, 'max_features': 'sqrt'}.
[reduced trial 041] N=21 RMST=1.0615 C=0.7244 params={'n_estimators': 200, 'max_depth': 8, 'min_samples_leaf': 16, 'min_samples_split': 48, 'max_features': 'sqrt'}
[I 2026-08-22 17:18:29,729] Trial 41 finished with values: [1.0614585281043982, 0.7244114525469069] and parameters: {'top_n': 21, 'n_estimators': 200, 'max_depth': 8, 'min_samples_leaf': 16, 'split_leaf_multiplier': 3, 'max_features': 'sqrt'}.
[reduced trial 042] N=24 RMST=0.5532 C=0.7200 params={'n_estimators': 600, 'max_depth': 6, 'min_samples_leaf': 16, 'min_samples_split': 48, 'max_features': 'sqrt'}
[I 2026-08-22 17:18:33,054] Trial 42 finished with values: [0.5531560944914903, 0.7199985103992751] and parameters: {'top_n': 24, 'n_estimators': 600, 'max_depth': 6, 'min_samples_leaf': 16, 'split_leaf_multiplier': 3, 'max_features': 'sqrt'}.
[reduced trial 043] N=27 RMST=0.8667 C=0.7172 params={'n_estimators': 200, 'max_depth': 4, 'min_samples_leaf': 16, 'min_samples_split': 32, 'max_features': 'log2'}
[I 2026-08-22 17:18:34,625] Trial 43 finished with values: [0.8667412245027775, 0.7171899923657963] and parameters: {'top_n': 27, 'n_estimators': 200, 'max_depth': 4, 'min_samples_leaf': 16, 'split_leaf_multiplier': 2, 'max_features': 'log2'}.
[reduced trial 044] N=14 RMST=-0.3927 C=0.7193 params={'n_estimators': 600, 'max_depth': 6, 'min_samples_leaf': 8, 'min_samples_split': 24, 'max_features': 'sqrt'}
[I 2026-08-22 17:18:37,555] Trial 44 finished with values: [-0.3927378483314584, 0.7192568133716492] and parameters: {'top_n': 14, 'n_estimators': 600, 'max_depth': 6, 'min_samples_leaf': 8, 'split_leaf_multiplier': 3, 'max_features': 'sqrt'}.
[reduced trial 045] N=32 RMST=-3.7917 C=0.7151 params={'n_estimators': 400, 'max_depth': 4, 'min_samples_leaf': 8, 'min_samples_split': 16, 'max_features': 'sqrt'}
[I 2026-08-22 17:18:40,258] Trial 45 finished with values: [-3.79168377143672, 0.7150548979933837] and parameters: {'top_n': 32, 'n_estimators': 400, 'max_depth': 4, 'min_samples_leaf': 8, 'split_leaf_multiplier': 2, 'max_features': 'sqrt'}.
[reduced trial 046] N=27 RMST=0.6033 C=0.7151 params={'n_estimators': 400, 'max_depth': 4, 'min_samples_leaf': 16, 'min_samples_split': 32, 'max_features': 0.25}
[I 2026-08-22 17:18:43,212] Trial 46 finished with values: [0.603290692658716, 0.7150611046630709] and parameters: {'top_n': 27, 'n_estimators': 400, 'max_depth': 4, 'min_samples_leaf': 16, 'split_leaf_multiplier': 2, 'max_features': 0.25}.
[reduced trial 047] N=22 RMST=-0.8077 C=0.7220 params={'n_estimators': 400, 'max_depth': 8, 'min_samples_leaf': 16, 'min_samples_split': 48, 'max_features': 'log2'}
[I 2026-08-22 17:18:45,653] Trial 47 finished with values: [-0.8076614898794277, 0.7219970580385683] and parameters: {'top_n': 22, 'n_estimators': 400, 'max_depth': 8, 'min_samples_leaf': 16, 'split_leaf_multiplier': 3, 'max_features': 'log2'}.
[reduced trial 048] N=00 RMST=3.2370 C=0.6845 params={'n_estimators': 600, 'max_depth': 8, 'min_samples_leaf': 8, 'min_samples_split': 24, 'max_features': 0.25}
[I 2026-08-22 17:18:47,921] Trial 48 finished with values: [3.237019661610929, 0.6845041181253375] and parameters: {'top_n': 0, 'n_estimators': 600, 'max_depth': 8, 'min_samples_leaf': 8, 'split_leaf_multiplier': 3, 'max_features': 0.25}.
{
  "artifacts": {
    "final_covariates.txt": {
      "bytes": 378,
      "sha256": "3e37f8b0bb71c7269efee8fc62ef579a01931299c65c51bb67e93852f5cf3bbd"
    },
    "final_rsf.pkl": {
      "bytes": 243297119,
      "sha256": "edf70f35e0cab5204712b131012a38b28fd77a54926a032b6f6d6a784869c3a4"
    },
    "final_spec.json": {
      "bytes": 2055,
      "sha256": "c3b0036e6ea49416c1302bd81071d66b15709bf5a62a293e032bd63e54137a8e"
    },
    "permutation_importance.csv": {
      "bytes": 454723,
      "sha256": "d4ba558fc66acd2d9caad278ae45ef62687998299ca06066b395abb61ed5af92"
    },
    "permutation_importance.png": {
      "bytes": 143983,
      "sha256": "f44aae7e7936dd831eac8fa7f4dea26b68a580bef007a88332abc83a7687157a"
    },
    "top_n_results.csv": {
      "bytes": 3483,
      "sha256": "500b6b67e3242db00d66797147796595505822e6f2159853c538dd812e5503d1"
    },
    "training_imputation_medians.csv": {
      "bytes": 528,
      "sha256": "4cfaf0258c2b93b3102a82b64e06dd6f9c616b55c15c9cc7c96d7ecddb9228d1"
    }
  },
  "budget": {
    "cv_folds": 3,
    "fold_seed": 20260824,
    "forest_seed": 42,
    "max_experiments": 20,
    "max_top_genes": 32,
    "max_trees_per_forest": 1000,
    "permutation_repeats": 3,
    "permutation_seed": 20260825,
    "reduced_trials": 49,
    "schema_version": 1,
    "screening_trials": 12,
    "smoke_reductions_applied": false,
    "tau_months": 60.0,
    "wall_time_seconds": 14400
  },
  "candidate": {
    "name": "screen_capacity_sqrt_reduced_v2",
    "plot_top_k": 32,
    "reduced_space": {
      "max_depth": [
        6,
        4,
        8
      ],
      "max_features": [
        "sqrt",
        "log2",
        0.25
      ],
      "min_samples_leaf": [
        16,
        8,
        32
      ],
      "n_estimators": [
        400,
        200,
        600
      ],
      "split_leaf_multiplier": [
        2,
        3
      ]
    },
    "screening_space": {
      "max_depth": [
        4,
        6
      ],
      "max_features": [
        0.05,
        0.25
      ],
      "min_samples_leaf": [
        16,
        24
      ],
      "n_estimators": [
        100,
        150
      ],
      "split_leaf_multiplier": [
        2
      ]
    }
  },
  "data": {
    "confirmatory_validation_used": false,
    "development_act": 152,
    "development_events": 465,
    "development_n": 1034,
    "former_validation_used_as_development": true,
    "reactome_collection_sha256": "5d61f289a2400cddfbb3a3353829fd2284a360bbe50f2093b566c4b7bea93341",
    "reactome_genes_before_smoke_reduction": 8647,
    "reactome_genes_used": 8647,
    "test_used": false,
    "train_sha256": "b93f3cee3858716bca8add447bc837c734e203f6cb37962b1081e3c118d2c65d",
    "validation_sha256": "824689aeaa34984727f2551bd512214164d0559d05cbec5817b0f88c9adb15a9"
  },
  "eligible": true,
  "final": {
    "clinical_covariates": [
      "Adjuvant Chemo",
      "Age",
      "IS_MALE",
      "Stage_IA",
      "Stage_IB",
      "Stage_II",
      "Stage_III",
      "Histology_Adenocarcinoma",
      "Histology_Adenosquamous Carcinoma",
      "Histology_Large Cell Carcinoma",
      "Histology_Squamous Cell Carcinoma",
      "Race_African American",
      "Race_Asian",
      "Race_Caucasian",
      "Race_Native Hawaiian or Other Pacific Islander",
      "Race_Unknown",
      "Smoked?_No",
      "Smoked?_Unknown",
      "Smoked?_Yes"
    ],
    "covariates": [
      "Adjuvant Chemo",
      "Age",
      "IS_MALE",
      "Stage_IA",
      "Stage_IB",
      "Stage_II",
      "Stage_III",
      "Histology_Adenocarcinoma",
      "Histology_Adenosquamous Carcinoma",
      "Histology_Large Cell Carcinoma",
      "Histology_Squamous Cell Carcinoma",
      "Race_African American",
      "Race_Asian",
      "Race_Caucasian",
      "Race_Native Hawaiian or Other Pacific Islander",
      "Race_Unknown",
      "Smoked?_No",
      "Smoked?_Unknown",
      "Smoked?_Yes",
      "LDLRAP1",
      "SEC23A",
      "GNG7",
      "ANKFY1",
      "PPFIBP2",
      "SLC24A1"
    ],
    "development_cv": {
      "folds": [
        {
          "act_recommended_fraction": 0.2956521739130435,
          "fold": 1,
          "harrell_cindex": 0.7081042988019732,
          "rmst_difference_months": 5.3719763812932975
        },
        {
          "act_recommended_fraction": 0.3217391304347826,
          "fold": 2,
          "harrell_cindex": 0.7131737853858512,
          "rmst_difference_months": 4.641453354207681
        },
        {
          "act_recommended_fraction": 0.17151162790697674,
          "fold": 3,
          "harrell_cindex": 0.6992908994086157,
          "rmst_difference_months": 7.048614200599235
        }
      ],
      "harrell_cindex": 0.7068620940062191,
      "rmst_difference_months": 5.686031473649878
    },
    "genes": [
      "LDLRAP1",
      "SEC23A",
      "GNG7",
      "ANKFY1",
      "PPFIBP2",
      "SLC24A1"
    ],
    "rsf_params": {
      "max_depth": 6,
      "max_features": "sqrt",
      "min_samples_leaf": 16,
      "min_samples_split": 32,
      "n_estimators": 400
    },
    "top_n": 6
  },
  "limitations": [
    "Train and former validation are pooled adaptive development data; the reported CV scores are not external confirmation.",
    "The PFI ranking and reduced-model search reuse development folds, so final CV performance is selection-adaptive.",
    "Permutation importance is conditional on the fitted RSF and can divide credit unpredictably among correlated genes.",
    "Zero importance for a feature unused by every assessment-fold forest is exact for those fitted forests, not proof of no biological effect.",
    "IPCW-AIPW validity requires adequate measured-confounder adjustment, positivity, consistency, and conditionally independent censoring.",
    "Random row-level CV does not establish transportability across source studies or expression platforms."
  ],
  "objective": {
    "primary": "60-month cross-fitted IPCW-AIPW policy-versus-anti-policy RMST difference",
    "secondary": "Harrell C-index",
    "selection": "lexicographic with RMST first"
  },
  "permutation_importance": {
    "features_used_in_any_fold": 1942,
    "features_with_positive_rmst_importance": 0,
    "rank_rule": "RMST importance descending, C-index importance descending, symbol ascending",
    "repeats": 3,
    "top_32_genes": [
      "LDLRAP1",
      "SEC23A",
      "GNG7",
      "ANKFY1",
      "PPFIBP2",
      "SLC24A1",
      "DNM1L",
      "LAMC2",
      "SLCO4A1",
      "INHA",
      "ARHGAP25",
      "KCNS3",
      "PELI1",
      "LRFN4",
      "ANPEP",
      "GLS2",
      "IGFBP1",
      "DEFA6",
      "INTS14",
      "GPT",
      "P2RY10",
      "ALDH9A1",
      "ZNF274",
      "H3C7",
      "LATS1",
      "CENPS",
      "ARHGEF1",
      "PCMT1",
      "ATP6V1G2",
      "STX1A",
      "EIF3B",
      "PYGL"
    ]
  },
  "phase": "pooled_development_cv_search",
  "reduced_search": {
    "best_trial": 6,
    "evaluated_top_n": [
      0,
      1,
      2,
      3,
      4,
      5,
      6,
      7,
      8,
      9,
      10,
      11,
      12,
      13,
      14,
      15,
      16,
      17,
      18,
      19,
      20,
      21,
      22,
      23,
      24,
      25,
      26,
      27,
      28,
      29,
      30,
      31,
      32
    ],
    "trials": [
      {
        "harrell_cindex": 0.6825071221534661,
        "rmst_difference_months": 3.394965377171216,
        "rsf_max_depth": 6,
        "rsf_max_features": "sqrt",
        "rsf_min_samples_leaf": 16,
        "rsf_min_samples_split": 32,
        "rsf_n_estimators": 400,
        "stage": "reduced",
        "top_n": 0,
        "trial": 0
      },
      {
        "harrell_cindex": 0.696541953983751,
        "rmst_difference_months": 2.9318922650807604,
        "rsf_max_depth": 6,
        "rsf_max_features": "sqrt",
        "rsf_min_samples_leaf": 16,
        "rsf_min_samples_split": 32,
        "rsf_n_estimators": 400,
        "stage": "reduced",
        "top_n": 1,
        "trial": 1
      },
      {
        "harrell_cindex": 0.6953238950576289,
        "rmst_difference_months": 2.1234836613637773,
        "rsf_max_depth": 6,
        "rsf_max_features": "sqrt",
        "rsf_min_samples_leaf": 16,
        "rsf_min_samples_split": 32,
        "rsf_n_estimators": 400,
        "stage": "reduced",
        "top_n": 2,
        "trial": 2
      },
      {
        "harrell_cindex": 0.699175133598565,
        "rmst_difference_months": 3.681005463881185,
        "rsf_max_depth": 6,
        "rsf_max_features": "sqrt",
        "rsf_min_samples_leaf": 16,
        "rsf_min_samples_split": 32,
        "rsf_n_estimators": 400,
        "stage": "reduced",
        "top_n": 3,
        "trial": 3
      },
      {
        "harrell_cindex": 0.7054624899917451,
        "rmst_difference_months": 1.9724491180483352,
        "rsf_max_depth": 6,
        "rsf_max_features": "sqrt",
        "rsf_min_samples_leaf": 16,
        "rsf_min_samples_split": 32,
        "rsf_n_estimators": 400,
        "stage": "reduced",
        "top_n": 4,
        "trial": 4
      },
      {
        "harrell_cindex": 0.7067162372685688,
        "rmst_difference_months": 2.6494710610142604,
        "rsf_max_depth": 6,
        "rsf_max_features": "sqrt",
        "rsf_min_samples_leaf": 16,
        "rsf_min_samples_split": 32,
        "rsf_n_estimators": 400,
        "stage": "reduced",
        "top_n": 5,
        "trial": 5
      },
      {
        "harrell_cindex": 0.7068620940062191,
        "rmst_difference_months": 5.686031473649878,
        "rsf_max_depth": 6,
        "rsf_max_features": "sqrt",
        "rsf_min_samples_leaf": 16,
        "rsf_min_samples_split": 32,
        "rsf_n_estimators": 400,
        "stage": "reduced",
        "top_n": 6,
        "trial": 6
      },
      {
        "harrell_cindex": 0.7079296411924254,
        "rmst_difference_months": 4.105986740242861,
        "rsf_max_depth": 6,
        "rsf_max_features": "sqrt",
        "rsf_min_samples_leaf": 16,
        "rsf_min_samples_split": 32,
        "rsf_n_estimators": 400,
        "stage": "reduced",
        "top_n": 7,
        "trial": 7
      },
      {
        "harrell_cindex": 0.7087303015820801,
        "rmst_difference_months": -1.6460966964073698,
        "rsf_max_depth": 6,
        "rsf_max_features": "sqrt",
        "rsf_min_samples_leaf": 16,
        "rsf_min_samples_split": 32,
        "rsf_n_estimators": 400,
        "stage": "reduced",
        "top_n": 8,
        "trial": 8
      },
      {
        "harrell_cindex": 0.7109522893301141,
        "rmst_difference_months": 1.8829768761243917,
        "rsf_max_depth": 6,
        "rsf_max_features": "sqrt",
        "rsf_min_samples_leaf": 16,
        "rsf_min_samples_split": 32,
        "rsf_n_estimators": 400,
        "stage": "reduced",
        "top_n": 9,
        "trial": 9
      },
      {
        "harrell_cindex": 0.7169106922298703,
        "rmst_difference_months": 4.495369978003572,
        "rsf_max_depth": 6,
        "rsf_max_features": "sqrt",
        "rsf_min_samples_leaf": 16,
        "rsf_min_samples_split": 32,
        "rsf_n_estimators": 400,
        "stage": "reduced",
        "top_n": 10,
        "trial": 10
      },
      {
        "harrell_cindex": 0.717019308949397,
        "rmst_difference_months": -1.0235005081627861,
        "rsf_max_depth": 6,
        "rsf_max_features": "sqrt",
        "rsf_min_samples_leaf": 16,
        "rsf_min_samples_split": 32,
        "rsf_n_estimators": 400,
        "stage": "reduced",
        "top_n": 11,
        "trial": 11
      },
      {
        "harrell_cindex": 0.7176927326104632,
        "rmst_difference_months": 1.817077503575027,
        "rsf_max_depth": 6,
        "rsf_max_features": "sqrt",
        "rsf_min_samples_leaf": 16,
        "rsf_min_samples_split": 32,
        "rsf_n_estimators": 400,
        "stage": "reduced",
        "top_n": 12,
        "trial": 12
      },
      {
        "harrell_cindex": 0.718937169882756,
        "rmst_difference_months": 2.051926923220448,
        "rsf_max_depth": 6,
        "rsf_max_features": "sqrt",
        "rsf_min_samples_leaf": 16,
        "rsf_min_samples_split": 32,
        "rsf_n_estimators": 400,
        "stage": "reduced",
        "top_n": 13,
        "trial": 13
      },
      {
        "harrell_cindex": 0.7204081505986333,
        "rmst_difference_months": 0.5371629367265992,
        "rsf_max_depth": 6,
        "rsf_max_features": "sqrt",
        "rsf_min_samples_leaf": 16,
        "rsf_min_samples_split": 32,
        "rsf_n_estimators": 400,
        "stage": "reduced",
        "top_n": 14,
        "trial": 14
      },
      {
        "harrell_cindex": 0.7214912144590577,
        "rmst_difference_months": 2.3427796774887035,
        "rsf_max_depth": 6,
        "rsf_max_features": "sqrt",
        "rsf_min_samples_leaf": 16,
        "rsf_min_samples_split": 32,
        "rsf_n_estimators": 400,
        "stage": "reduced",
        "top_n": 15,
        "trial": 15
      },
      {
        "harrell_cindex": 0.7215315578120248,
        "rmst_difference_months": 2.1130357660457113,
        "rsf_max_depth": 6,
        "rsf_max_features": "sqrt",
        "rsf_min_samples_leaf": 16,
        "rsf_min_samples_split": 32,
        "rsf_n_estimators": 400,
        "stage": "reduced",
        "top_n": 16,
        "trial": 16
      },
      {
        "harrell_cindex": 0.7232477019805483,
        "rmst_difference_months": -1.8821636846709158,
        "rsf_max_depth": 6,
        "rsf_max_features": "sqrt",
        "rsf_min_samples_leaf": 16,
        "rsf_min_samples_split": 32,
        "rsf_n_estimators": 400,
        "stage": "reduced",
        "top_n": 17,
        "trial": 17
      },
      {
        "harrell_cindex": 0.7247993694023598,
        "rmst_difference_months": 2.1241556801412558,
        "rsf_max_depth": 6,
        "rsf_max_features": "sqrt",
        "rsf_min_samples_leaf": 16,
        "rsf_min_samples_split": 32,
        "rsf_n_estimators": 400,
        "stage": "reduced",
        "top_n": 18,
        "trial": 18
      },
      {
        "harrell_cindex": 0.7217301712420167,
        "rmst_difference_months": 4.124758369622893,
        "rsf_max_depth": 6,
        "rsf_max_features": "sqrt",
        "rsf_min_samples_leaf": 16,
        "rsf_min_samples_split": 32,
        "rsf_n_estimators": 400,
        "stage": "reduced",
        "top_n": 19,
        "trial": 19
      },
      {
        "harrell_cindex": 0.7228784051341571,
        "rmst_difference_months": 3.7522874978401872,
        "rsf_max_depth": 6,
        "rsf_max_features": "sqrt",
        "rsf_min_samples_leaf": 16,
        "rsf_min_samples_split": 32,
        "rsf_n_estimators": 400,
        "stage": "reduced",
        "top_n": 20,
        "trial": 20
      },
      {
        "harrell_cindex": 0.7241321524109808,
        "rmst_difference_months": 0.06428644897417131,
        "rsf_max_depth": 6,
        "rsf_max_features": "sqrt",
        "rsf_min_samples_leaf": 16,
        "rsf_min_samples_split": 32,
        "rsf_n_estimators": 400,
        "stage": "reduced",
        "top_n": 21,
        "trial": 21
      },
      {
        "harrell_cindex": 0.7217705145949838,
        "rmst_difference_months": -1.156112094967958,
        "rsf_max_depth": 6,
        "rsf_max_features": "sqrt",
        "rsf_min_samples_leaf": 16,
        "rsf_min_samples_split": 32,
        "rsf_n_estimators": 400,
        "stage": "reduced",
        "top_n": 22,
        "trial": 22
      },
      {
        "harrell_cindex": 0.7226891017086962,
        "rmst_difference_months": -0.3257541258625892,
        "rsf_max_depth": 6,
        "rsf_max_features": "sqrt",
        "rsf_min_samples_leaf": 16,
        "rsf_min_samples_split": 32,
        "rsf_n_estimators": 400,
        "stage": "reduced",
        "top_n": 23,
        "trial": 23
      },
      {
        "harrell_cindex": 0.7203367738972299,
        "rmst_difference_months": 0.4828423082894759,
        "rsf_max_depth": 6,
        "rsf_max_features": "sqrt",
        "rsf_min_samples_leaf": 16,
        "rsf_min_samples_split": 32,
        "rsf_n_estimators": 400,
        "stage": "reduced",
        "top_n": 24,
        "trial": 24
      },
      {
        "harrell_cindex": 0.7195733535256987,
        "rmst_difference_months": 1.6633119841037753,
        "rsf_max_depth": 6,
        "rsf_max_features": "sqrt",
        "rsf_min_samples_leaf": 16,
        "rsf_min_samples_split": 32,
        "rsf_n_estimators": 400,
        "stage": "reduced",
        "top_n": 25,
        "trial": 25
      },
      {
        "harrell_cindex": 0.7221118814277823,
        "rmst_difference_months": 4.8318228715374625,
        "rsf_max_depth": 6,
        "rsf_max_features": "sqrt",
        "rsf_min_samples_leaf": 16,
        "rsf_min_samples_split": 32,
        "rsf_n_estimators": 400,
        "stage": "reduced",
        "top_n": 26,
        "trial": 26
      },
      {
        "harrell_cindex": 0.7207712407753372,
        "rmst_difference_months": 2.018543224769108,
        "rsf_max_depth": 6,
        "rsf_max_features": "sqrt",
        "rsf_min_samples_leaf": 16,
        "rsf_min_samples_split": 32,
        "rsf_n_estimators": 400,
        "stage": "reduced",
        "top_n": 27,
        "trial": 27
      },
      {
        "harrell_cindex": 0.7204671139606621,
        "rmst_difference_months": 2.104463139160063,
        "rsf_max_depth": 6,
        "rsf_max_features": "sqrt",
        "rsf_min_samples_leaf": 16,
        "rsf_min_samples_split": 32,
        "rsf_n_estimators": 400,
        "stage": "reduced",
        "top_n": 28,
        "trial": 28
      },
      {
        "harrell_cindex": 0.7203212572230119,
        "rmst_difference_months": 2.469939179438524,
        "rsf_max_depth": 6,
        "rsf_max_features": "sqrt",
        "rsf_min_samples_leaf": 16,
        "rsf_min_samples_split": 32,
        "rsf_n_estimators": 400,
        "stage": "reduced",
        "top_n": 29,
        "trial": 29
      },
      {
        "harrell_cindex": 0.7173761924564137,
        "rmst_difference_months": 1.5897750546122837,
        "rsf_max_depth": 6,
        "rsf_max_features": "sqrt",
        "rsf_min_samples_leaf": 16,
        "rsf_min_samples_split": 32,
        "rsf_n_estimators": 400,
        "stage": "reduced",
        "top_n": 30,
        "trial": 30
      },
      {
        "harrell_cindex": 0.717562392547031,
        "rmst_difference_months": -0.7353143358844618,
        "rsf_max_depth": 6,
        "rsf_max_features": "sqrt",
        "rsf_min_samples_leaf": 16,
        "rsf_min_samples_split": 32,
        "rsf_n_estimators": 400,
        "stage": "reduced",
        "top_n": 31,
        "trial": 31
      },
      {
        "harrell_cindex": 0.7174444658229734,
        "rmst_difference_months": 1.3223338470064687,
        "rsf_max_depth": 6,
        "rsf_max_features": "sqrt",
        "rsf_min_samples_leaf": 16,
        "rsf_min_samples_split": 32,
        "rsf_n_estimators": 400,
        "stage": "reduced",
        "top_n": 32,
        "trial": 32
      },
      {
        "harrell_cindex": 0.6953269983924726,
        "rmst_difference_months": 1.2535293803403746,
        "rsf_max_depth": 4,
        "rsf_max_features": 0.25,
        "rsf_min_samples_leaf": 32,
        "rsf_min_samples_split": 96,
        "rsf_n_estimators": 400,
        "stage": "reduced",
        "top_n": 3,
        "trial": 33
      },
      {
        "harrell_cindex": 0.7123829266930243,
        "rmst_difference_months": 4.286309128354813,
        "rsf_max_depth": 8,
        "rsf_max_features": "sqrt",
        "rsf_min_samples_leaf": 8,
        "rsf_min_samples_split": 16,
        "rsf_n_estimators": 400,
        "stage": "reduced",
        "top_n": 7,
        "trial": 34
      },
      {
        "harrell_cindex": 0.6830036557284458,
        "rmst_difference_months": 3.1650041141702276,
        "rsf_max_depth": 6,
        "rsf_max_features": "sqrt",
        "rsf_min_samples_leaf": 16,
        "rsf_min_samples_split": 32,
        "rsf_n_estimators": 600,
        "stage": "reduced",
        "top_n": 0,
        "trial": 35
      },
      {
        "harrell_cindex": 0.7053383565980003,
        "rmst_difference_months": 1.2736456505262883,
        "rsf_max_depth": 6,
        "rsf_max_features": "sqrt",
        "rsf_min_samples_leaf": 32,
        "rsf_min_samples_split": 96,
        "rsf_n_estimators": 400,
        "stage": "reduced",
        "top_n": 9,
        "trial": 36
      },
      {
        "harrell_cindex": 0.706672790580758,
        "rmst_difference_months": 1.220340599186076,
        "rsf_max_depth": 6,
        "rsf_max_features": "sqrt",
        "rsf_min_samples_leaf": 16,
        "rsf_min_samples_split": 32,
        "rsf_n_estimators": 200,
        "stage": "reduced",
        "top_n": 6,
        "trial": 37
      },
      {
        "harrell_cindex": 0.6988648001142027,
        "rmst_difference_months": 2.192815162190802,
        "rsf_max_depth": 8,
        "rsf_max_features": 0.25,
        "rsf_min_samples_leaf": 16,
        "rsf_min_samples_split": 32,
        "rsf_n_estimators": 400,
        "stage": "reduced",
        "top_n": 3,
        "trial": 38
      },
      {
        "harrell_cindex": 0.705142846502852,
        "rmst_difference_months": 0.21834611561134748,
        "rsf_max_depth": 8,
        "rsf_max_features": 0.25,
        "rsf_min_samples_leaf": 32,
        "rsf_min_samples_split": 96,
        "rsf_n_estimators": 200,
        "stage": "reduced",
        "top_n": 28,
        "trial": 39
      },
      {
        "harrell_cindex": 0.7226891017086962,
        "rmst_difference_months": -0.3257541258625892,
        "rsf_max_depth": 6,
        "rsf_max_features": "sqrt",
        "rsf_min_samples_leaf": 16,
        "rsf_min_samples_split": 32,
        "rsf_n_estimators": 400,
        "stage": "reduced",
        "top_n": 23,
        "trial": 40
      },
      {
        "harrell_cindex": 0.7244114525469069,
        "rmst_difference_months": 1.0614585281043982,
        "rsf_max_depth": 8,
        "rsf_max_features": "sqrt",
        "rsf_min_samples_leaf": 16,
        "rsf_min_samples_split": 48,
        "rsf_n_estimators": 200,
        "stage": "reduced",
        "top_n": 21,
        "trial": 41
      },
      {
        "harrell_cindex": 0.7199985103992751,
        "rmst_difference_months": 0.5531560944914903,
        "rsf_max_depth": 6,
        "rsf_max_features": "sqrt",
        "rsf_min_samples_leaf": 16,
        "rsf_min_samples_split": 48,
        "rsf_n_estimators": 600,
        "stage": "reduced",
        "top_n": 24,
        "trial": 42
      },
      {
        "harrell_cindex": 0.7171899923657963,
        "rmst_difference_months": 0.8667412245027775,
        "rsf_max_depth": 4,
        "rsf_max_features": "log2",
        "rsf_min_samples_leaf": 16,
        "rsf_min_samples_split": 32,
        "rsf_n_estimators": 200,
        "stage": "reduced",
        "top_n": 27,
        "trial": 43
      },
      {
        "harrell_cindex": 0.7192568133716492,
        "rmst_difference_months": -0.3927378483314584,
        "rsf_max_depth": 6,
        "rsf_max_features": "sqrt",
        "rsf_min_samples_leaf": 8,
        "rsf_min_samples_split": 24,
        "rsf_n_estimators": 600,
        "stage": "reduced",
        "top_n": 14,
        "trial": 44
      },
      {
        "harrell_cindex": 0.7150548979933837,
        "rmst_difference_months": -3.79168377143672,
        "rsf_max_depth": 4,
        "rsf_max_features": "sqrt",
        "rsf_min_samples_leaf": 8,
        "rsf_min_samples_split": 16,
        "rsf_n_estimators": 400,
        "stage": "reduced",
        "top_n": 32,
        "trial": 45
      },
      {
        "harrell_cindex": 0.7150611046630709,
        "rmst_difference_months": 0.603290692658716,
        "rsf_max_depth": 4,
        "rsf_max_features": 0.25,
        "rsf_min_samples_leaf": 16,
        "rsf_min_samples_split": 32,
        "rsf_n_estimators": 400,
        "stage": "reduced",
        "top_n": 27,
        "trial": 46
      },
      {
        "harrell_cindex": 0.7219970580385683,
        "rmst_difference_months": -0.8076614898794277,
        "rsf_max_depth": 8,
        "rsf_max_features": "log2",
        "rsf_min_samples_leaf": 16,
        "rsf_min_samples_split": 48,
        "rsf_n_estimators": 400,
        "stage": "reduced",
        "top_n": 22,
        "trial": 47
      },
      {
        "harrell_cindex": 0.6845041181253375,
        "rmst_difference_months": 3.237019661610929,
        "rsf_max_depth": 8,
        "rsf_max_features": 0.25,
        "rsf_min_samples_leaf": 8,
        "rsf_min_samples_split": 24,
        "rsf_n_estimators": 600,
        "stage": "reduced",
        "top_n": 0,
        "trial": 48
      }
    ]
  },
  "reward": 5.686031473649878,
  "schema_version": 1,
  "screening": {
    "best_params": {
      "max_depth": 4,
      "max_features": 0.25,
      "min_samples_leaf": 16,
      "min_samples_split": 32,
      "n_estimators": 150
    },
    "best_trial": 0,
    "n_features": 8666,
    "n_reactome_genes": 8647,
    "optimization_harrell_cindex": 0.668022306770856,
    "optimization_rmst_difference_months": 0.21834611561134748,
    "pfi_refit_oof": {
      "harrell_cindex": 0.668022306770856,
      "rmst_difference_months": 0.21834611561134715
    },
    "trials": [
      {
        "harrell_cindex": 0.668022306770856,
        "rmst_difference_months": 0.21834611561134748,
        "rsf_max_depth": 4,
        "rsf_max_features": 0.25,
        "rsf_min_samples_leaf": 16,
        "rsf_min_samples_split": 32,
        "rsf_n_estimators": 150,
        "stage": "screening",
        "top_n": null,
        "trial": 0
      },
      {
        "harrell_cindex": 0.6640702098475021,
        "rmst_difference_months": 0.21834611561134748,
        "rsf_max_depth": 6,
        "rsf_max_features": 0.25,
        "rsf_min_samples_leaf": 16,
        "rsf_min_samples_split": 32,
        "rsf_n_estimators": 150,
        "stage": "screening",
        "top_n": null,
        "trial": 1
      },
      {
        "harrell_cindex": 0.668022306770856,
        "rmst_difference_months": 0.21834611561134748,
        "rsf_max_depth": 4,
        "rsf_max_features": 0.25,
        "rsf_min_samples_leaf": 16,
        "rsf_min_samples_split": 32,
        "rsf_n_estimators": 150,
        "stage": "screening",
        "top_n": null,
        "trial": 2
      },
      {
        "harrell_cindex": 0.6562063593537616,
        "rmst_difference_months": 0.21834611561134748,
        "rsf_max_depth": 6,
        "rsf_max_features": 0.05,
        "rsf_min_samples_leaf": 16,
        "rsf_min_samples_split": 32,
        "rsf_n_estimators": 150,
        "stage": "screening",
        "top_n": null,
        "trial": 3
      },
      {
        "harrell_cindex": 0.6556694824258148,
        "rmst_difference_months": 0.21834611561134748,
        "rsf_max_depth": 4,
        "rsf_max_features": 0.05,
        "rsf_min_samples_leaf": 16,
        "rsf_min_samples_split": 32,
        "rsf_n_estimators": 150,
        "stage": "screening",
        "top_n": null,
        "trial": 4
      },
      {
        "harrell_cindex": 0.6668228678537957,
        "rmst_difference_months": 0.21834611561134748,
        "rsf_max_depth": 6,
        "rsf_max_features": 0.25,
        "rsf_min_samples_leaf": 24,
        "rsf_min_samples_split": 48,
        "rsf_n_estimators": 150,
        "stage": "screening",
        "top_n": null,
        "trial": 5
      },
      {
        "harrell_cindex": 0.6680067900966379,
        "rmst_difference_months": 0.21834611561134748,
        "rsf_max_depth": 4,
        "rsf_max_features": 0.25,
        "rsf_min_samples_leaf": 16,
        "rsf_min_samples_split": 32,
        "rsf_n_estimators": 100,
        "stage": "screening",
        "top_n": null,
        "trial": 6
      },
      {
        "harrell_cindex": 0.6562063593537616,
        "rmst_difference_months": 0.21834611561134748,
        "rsf_max_depth": 6,
        "rsf_max_features": 0.05,
        "rsf_min_samples_leaf": 16,
        "rsf_min_samples_split": 32,
        "rsf_n_estimators": 150,
        "stage": "screening",
        "top_n": null,
        "trial": 7
      },
      {
        "harrell_cindex": 0.6528128627022598,
        "rmst_difference_months": 0.21834611561134748,
        "rsf_max_depth": 6,
        "rsf_max_features": 0.05,
        "rsf_min_samples_leaf": 24,
        "rsf_min_samples_split": 48,
        "rsf_n_estimators": 150,
        "stage": "screening",
        "top_n": null,
        "trial": 8
      },
      {
        "harrell_cindex": 0.6562063593537616,
        "rmst_difference_months": 0.21834611561134748,
        "rsf_max_depth": 6,
        "rsf_max_features": 0.05,
        "rsf_min_samples_leaf": 16,
        "rsf_min_samples_split": 32,
        "rsf_n_estimators": 150,
        "stage": "screening",
        "top_n": null,
        "trial": 9
      },
      {
        "harrell_cindex": 0.6498274545826945,
        "rmst_difference_months": 0.21834611561134748,
        "rsf_max_depth": 4,
        "rsf_max_features": 0.05,
        "rsf_min_samples_leaf": 24,
        "rsf_min_samples_split": 48,
        "rsf_n_estimators": 100,
        "stage": "screening",
        "top_n": null,
        "trial": 10
      },
      {
        "harrell_cindex": 0.651281366956932,
        "rmst_difference_months": 0.21834611561134748,
        "rsf_max_depth": 6,
        "rsf_max_features": 0.05,
        "rsf_min_samples_leaf": 16,
        "rsf_min_samples_split": 32,
        "rsf_n_estimators": 100,
        "stage": "screening",
        "top_n": null,
        "trial": 11
      }
    ]
  },
  "secondary_score": 0.7068620940062191
}

