/Users/owensun/miniconda3/lib/python3.10/site-packages/sklearn/pipeline.py:427: ConvergenceWarning: Optimization did not converge: Maximum number of iterations has been exceeded.
  self._final_estimator.fit(Xt, y, **fit_params_last_step)
[repeat 1 fold 1/4] selected=ACAD8,ALDH6A1,MCCC1,HIBCH,DLD...
[repeat 1 fold 2/4] selected=BMP2,TGFBR3,SMAD7,SMAD5,ZFYVE16...
[repeat 1 fold 3/4] selected=AGL,PHKB,PPP1R3C,UGP2,GBE1...
[repeat 1 fold 4/4] selected=MBIP,KAT2B,ZZZ3,PHF20L1,TASP1...
[repeat 2 fold 1/4] selected=TBL1XR1,CHD9,RORA,MEF2C,EP300...
[repeat 2 fold 2/4] selected=IGKV4-1,IGLV3-25,IGHM,IGLV2-14,IGKV1-17...
[repeat 2 fold 3/4] selected=ACAD8,ALDH6A1,MCCC1,HIBCH,DLD...
[repeat 2 fold 4/4] selected=BMP2,TGFBR3,SMAD7,SMAD5,ZFYVE16...
{
  "budget": {
    "clinical_forest": {
      "max_depth": 9,
      "max_features": 1.0,
      "min_samples_leaf": 8,
      "min_samples_split": 16,
      "n_estimators": 1000
    },
    "forest_seeds": [
      42,
      43,
      44
    ],
    "inner_folds": 3,
    "max_experiments": 20,
    "max_selected_genes": 16,
    "max_total_features": 35,
    "max_trees_per_forest": 1000,
    "multiplicity_alpha": 0.05,
    "outer_folds": 4,
    "outer_repeats": 2,
    "patient_bootstraps": 4000,
    "schema_version": 2,
    "smoke_reductions_applied": false,
    "tau_months": 60.0,
    "wall_time_seconds": 1500
  },
  "candidate": {
    "benefit_threshold_months": 0.0,
    "module_count": 1,
    "n_genes": 8,
    "name": "v2_pathway8_single_pathway_mtry035_s100",
    "representation": "module",
    "rsf": {
      "max_depth": 9,
      "max_features": 0.35,
      "min_samples_leaf": 8,
      "min_samples_split": 16,
      "n_estimators": 1000
    },
    "selector": "dr_gene"
  },
  "data": {
    "confirmatory_validation_used": false,
    "development_act": 152,
    "development_events": 465,
    "development_n": 1034,
    "forest_seeds": [
      42,
      43,
      44
    ],
    "former_validation_used_as_development": true,
    "outer_folds": 4,
    "outer_repeats": 2,
    "reactome_collection_sha256": "5d61f289a2400cddfbb3a3353829fd2284a360bbe50f2093b566c4b7bea93341",
    "test_used": false,
    "train_sha256": "b93f3cee3858716bca8add447bc837c734e203f6cb37962b1081e3c118d2c65d",
    "validation_sha256": "824689aeaa34984727f2551bd512214164d0559d05cbec5817b0f88c9adb15a9"
  },
  "development_oof": {
    "constant_policy_values": {
      "all_act_months": 47.30233527167114,
      "all_observation_months": 45.5925385429301
    },
    "incremental_alignment_months": 0.3999325115766119,
    "models": {
      "clinical": {
        "act_recommended_fraction": 0.3733075435203095,
        "act_usage": {
          "patient_tree_paths_traversing_act_fraction": 0.2385888136686009,
          "per_patient_different_terminal_tree_fraction": {
            "mean": 0.2385888136686009,
            "median": 0.21199999999999997,
            "nonzero_patient_fraction": 1.0,
            "p10": 0.06271666666666667,
            "p90": 0.4571666666666666
          },
          "tree_contains_act_split_fraction": 0.8226666666666667
        },
        "alignment_months": 3.9309341180959443,
        "anti_policy_value_months": 44.20792630773067,
        "harrell_cindex": 0.6805807270492872,
        "mean_predicted_benefit_months": -1.1455981194633797,
        "median_absolute_predicted_benefit_months": 1.42677895956154,
        "nontrivial_benefit_fraction": 0.9390715667311411,
        "seed_agreement": 0.982110432691828,
        "value_months": 48.13886042582662
      },
      "clinical_plus_genomic": {
        "act_recommended_fraction": 0.39458413926499036,
        "act_usage": {
          "patient_tree_paths_traversing_act_fraction": 0.172602998065764,
          "per_patient_different_terminal_tree_fraction": {
            "mean": 0.172602998065764,
            "median": 0.16425,
            "nonzero_patient_fraction": 1.0,
            "p10": 0.09025000000000001,
            "p90": 0.26439999999999997
          },
          "tree_contains_act_split_fraction": 0.698375
        },
        "alignment_months": 4.330866629672556,
        "anti_policy_value_months": 44.282003592464335,
        "harrell_cindex": 0.6891086911995631,
        "mean_predicted_benefit_months": -0.3490584781053051,
        "median_absolute_predicted_benefit_months": 0.953797416377828,
        "nontrivial_benefit_fraction": 0.9424564796905223,
        "seed_agreement": 0.9766232179022878,
        "value_months": 48.61287022213689
      }
    },
    "overlap": {
      "iptw_effective_sample_size": 362.4041456031669,
      "raw_propensity_in_0_05_0_95_fraction": 0.870889748549323
    },
    "repeat_increment_max_months": 1.157212983895647,
    "repeat_increment_min_months": -0.35734796074242325
  },
  "eligible": false,
  "estimator": "outer-cross-fitted IPCW-AIPW restricted-time policy value",
  "gates": {
    "all_repeat_cindex_drop_no_more_than_0_03": true,
    "all_repeat_genomic_alignment_positive": true,
    "all_repeat_genomic_increment_positive": false,
    "all_repeat_genomic_seed_agreement_at_least_0_85": true,
    "all_repeat_genomic_value_at_least_best_constant": true,
    "all_repeat_genomic_value_at_least_clinical": true,
    "all_repeat_iptw_effective_sample_size_at_least_0_30n": true,
    "all_repeat_nontrivial_benefit_fraction_at_least_0_10": true,
    "all_repeat_raw_propensity_overlap_at_least_0_80": true,
    "gene_selection_jaccard_at_least_0_10": false
  },
  "gene_selection": {
    "frequency": [
      {
        "count": 2,
        "gene": "ACAD8"
      },
      {
        "count": 2,
        "gene": "ACADSB"
      },
      {
        "count": 2,
        "gene": "ALDH6A1"
      },
      {
        "count": 2,
        "gene": "AUH"
      },
      {
        "count": 2,
        "gene": "BMP2"
      },
      {
        "count": 2,
        "gene": "DLD"
      },
      {
        "count": 2,
        "gene": "HIBCH"
      },
      {
        "count": 2,
        "gene": "MCCC1"
      },
      {
        "count": 2,
        "gene": "SMAD1"
      },
      {
        "count": 2,
        "gene": "SMAD4"
      },
      {
        "count": 2,
        "gene": "SMAD5"
      },
      {
        "count": 2,
        "gene": "SMAD7"
      },
      {
        "count": 2,
        "gene": "TGFBR3"
      },
      {
        "count": 2,
        "gene": "ZFYVE16"
      },
      {
        "count": 1,
        "gene": "ACVR2A"
      },
      {
        "count": 1,
        "gene": "AGL"
      },
      {
        "count": 1,
        "gene": "ATF2"
      },
      {
        "count": 1,
        "gene": "CALM1"
      },
      {
        "count": 1,
        "gene": "CHD9"
      },
      {
        "count": 1,
        "gene": "DR1"
      },
      {
        "count": 1,
        "gene": "EP300"
      },
      {
        "count": 1,
        "gene": "GAA"
      },
      {
        "count": 1,
        "gene": "GBE1"
      },
      {
        "count": 1,
        "gene": "IGHM"
      },
      {
        "count": 1,
        "gene": "IGKV1-17"
      },
      {
        "count": 1,
        "gene": "IGKV1D-39"
      },
      {
        "count": 1,
        "gene": "IGKV4-1"
      },
      {
        "count": 1,
        "gene": "IGLC2"
      },
      {
        "count": 1,
        "gene": "IGLV2-14"
      },
      {
        "count": 1,
        "gene": "IGLV3-19"
      },
      {
        "count": 1,
        "gene": "IGLV3-25"
      },
      {
        "count": 1,
        "gene": "KAT2B"
      },
      {
        "count": 1,
        "gene": "KDM6A"
      },
      {
        "count": 1,
        "gene": "MBIP"
      },
      {
        "count": 1,
        "gene": "MCCC2"
      },
      {
        "count": 1,
        "gene": "MEF2C"
      },
      {
        "count": 1,
        "gene": "PAXIP1"
      },
      {
        "count": 1,
        "gene": "PHF20L1"
      },
      {
        "count": 1,
        "gene": "PHKB"
      },
      {
        "count": 1,
        "gene": "PHKG2"
      },
      {
        "count": 1,
        "gene": "PPP1R3C"
      },
      {
        "count": 1,
        "gene": "RORA"
      },
      {
        "count": 1,
        "gene": "SIRT1"
      },
      {
        "count": 1,
        "gene": "SKI"
      },
      {
        "count": 1,
        "gene": "SLC25A44"
      },
      {
        "count": 1,
        "gene": "TASP1"
      },
      {
        "count": 1,
        "gene": "TBL1XR1"
      },
      {
        "count": 1,
        "gene": "TGS1"
      },
      {
        "count": 1,
        "gene": "UGP2"
      },
      {
        "count": 1,
        "gene": "ZZZ3"
      }
    ],
    "full_development_modules": [
      [
        "ACAD8",
        "ALDH6A1",
        "MCCC1",
        "HIBCH",
        "DLD",
        "ACADSB",
        "AUH",
        "SLC25A44"
      ]
    ],
    "full_development_selection": [
      "ACAD8",
      "ALDH6A1",
      "MCCC1",
      "HIBCH",
      "DLD",
      "ACADSB",
      "AUH",
      "SLC25A44"
    ],
    "mean_pairwise_jaccard": 0.05555555555555556,
    "per_repeat_outer_fold": [
      [
        [
          "ACAD8",
          "ALDH6A1",
          "MCCC1",
          "HIBCH",
          "DLD",
          "ACADSB",
          "AUH",
          "SLC25A44"
        ],
        [
          "BMP2",
          "TGFBR3",
          "SMAD7",
          "SMAD5",
          "ZFYVE16",
          "SKI",
          "SMAD1",
          "SMAD4"
        ],
        [
          "AGL",
          "PHKB",
          "PPP1R3C",
          "UGP2",
          "GBE1",
          "GAA",
          "PHKG2",
          "CALM1"
        ],
        [
          "MBIP",
          "KAT2B",
          "ZZZ3",
          "PHF20L1",
          "TASP1",
          "PAXIP1",
          "DR1",
          "KDM6A"
        ]
      ],
      [
        [
          "TBL1XR1",
          "CHD9",
          "RORA",
          "MEF2C",
          "EP300",
          "SIRT1",
          "ATF2",
          "TGS1"
        ],
        [
          "IGKV4-1",
          "IGLV3-25",
          "IGHM",
          "IGLV2-14",
          "IGKV1-17",
          "IGLV3-19",
          "IGKV1D-39",
          "IGLC2"
        ],
        [
          "ACAD8",
          "ALDH6A1",
          "MCCC1",
          "HIBCH",
          "DLD",
          "ACADSB",
          "AUH",
          "MCCC2"
        ],
        [
          "BMP2",
          "TGFBR3",
          "SMAD7",
          "SMAD5",
          "ZFYVE16",
          "SMAD1",
          "SMAD4",
          "ACVR2A"
        ]
      ]
    ]
  },
  "generalization": {
    "repeat_increment_range_months": 1.5145609446380703,
    "robust_selection_lcb": -4.300808828096,
    "score_before_eligibility": -5.81536977273407
  },
  "limitations": [
    "Search uncertainty bootstraps fixed OOF predictions and does not refit the full pipeline in each draw.",
    "The two repeated cross-fits reuse patients and are stability views, not independent validation cohorts.",
    "Former train and validation rows are now adaptive development data; only the human-held test can provide one-shot confirmation.",
    "IPCW-AIPW validity requires adequate measured-confounder adjustment, treatment positivity, and conditionally independent censoring.",
    "Random row-level cross-validation does not establish transportability across source studies or expression platforms."
  ],
  "objective": "worst repeated-development OOF selection LCB minus the repeat increment range for A60(C+G)-A60(C), where A60(d)=V60(d)-V60(1-d)",
  "phase": "pooled_development_repeated_crossfit",
  "repeat_results": [
    {
      "constant_policy_values": {
        "all_act_months": 47.30195106807174,
        "all_observation_months": 45.588121824217666
      },
      "fold_seed": 20270821,
      "incremental_alignment_months": -0.35734796074242325,
      "models": {
        "clinical": {
          "act_recommended_fraction": 0.3665377176015474,
          "act_usage": {
            "patient_tree_paths_traversing_act_fraction": 0.24706060606060604,
            "per_patient_different_terminal_tree_fraction": {
              "mean": 0.24706060606060604,
              "median": 0.2243333333333333,
              "nonzero_patient_fraction": 1.0,
              "p10": 0.06733333333333334,
              "p90": 0.49899999999999994
            },
            "tree_contains_act_split_fraction": 0.8376666666666667
          },
          "alignment_months": 3.4868922845226322,
          "anti_policy_value_months": 44.33963208393055,
          "harrell_cindex": 0.6758535722487385,
          "mean_predicted_benefit_months": -1.217657771955445,
          "median_absolute_predicted_benefit_months": 1.490160820274756,
          "nontrivial_benefit_fraction": 0.9410058027079303,
          "seed_agreement": 0.9832390530064948,
          "value_months": 47.826524368453185
        },
        "clinical_plus_genomic": {
          "act_recommended_fraction": 0.39748549323017407,
          "act_usage": {
            "patient_tree_paths_traversing_act_fraction": 0.16936234687298515,
            "per_patient_different_terminal_tree_fraction": {
              "mean": 0.16936234687298515,
              "median": 0.16316666666666668,
              "nonzero_patient_fraction": 1.0,
              "p10": 0.08263333333333334,
              "p90": 0.2559
            },
            "tree_contains_act_split_fraction": 0.70325
          },
          "alignment_months": 3.129544323780209,
          "anti_policy_value_months": 44.8802642842546,
          "harrell_cindex": 0.6900342608166736,
          "mean_predicted_benefit_months": -0.34818976352293995,
          "median_absolute_predicted_benefit_months": 0.9364574305413207,
          "nontrivial_benefit_fraction": 0.9516441005802708,
          "seed_agreement": 0.9829098201191225,
          "value_months": 48.00980860803481
        }
      },
      "overlap": {
        "iptw_effective_sample_size": 358.52908025250036,
        "raw_propensity_in_0_05_0_95_fraction": 0.8723404255319149
      },
      "paired_bootstrap": {
        "ci95_high": 2.2965686998913224,
        "ci95_low": -3.2133048787960488,
        "draws": 4000,
        "mean": -0.3225802662970433,
        "sd": 1.398303541833731,
        "selection_lcb": -4.300808828096,
        "selection_lcb_quantile_percent": 0.25
      },
      "repeat": 1
    },
    {
      "constant_policy_values": {
        "all_act_months": 47.302719475270536,
        "all_observation_months": 45.59695526164253
      },
      "fold_seed": 20280821,
      "incremental_alignment_months": 1.157212983895647,
      "models": {
        "clinical": {
          "act_recommended_fraction": 0.38007736943907156,
          "act_usage": {
            "patient_tree_paths_traversing_act_fraction": 0.23011702127659575,
            "per_patient_different_terminal_tree_fraction": {
              "mean": 0.23011702127659575,
              "median": 0.19966666666666666,
              "nonzero_patient_fraction": 1.0,
              "p10": 0.0581,
              "p90": 0.41533333333333333
            },
            "tree_contains_act_split_fraction": 0.8076666666666666
          },
          "alignment_months": 4.374975951669256,
          "anti_policy_value_months": 44.076220531530794,
          "harrell_cindex": 0.6853078818498358,
          "mean_predicted_benefit_months": -1.0735384669713144,
          "median_absolute_predicted_benefit_months": 1.3633970988483242,
          "nontrivial_benefit_fraction": 0.937137330754352,
          "seed_agreement": 0.9809818123771612,
          "value_months": 48.45119648320005
        },
        "clinical_plus_genomic": {
          "act_recommended_fraction": 0.3916827852998066,
          "act_usage": {
            "patient_tree_paths_traversing_act_fraction": 0.1758436492585429,
            "per_patient_different_terminal_tree_fraction": {
              "mean": 0.1758436492585429,
              "median": 0.16533333333333333,
              "nonzero_patient_fraction": 1.0,
              "p10": 0.09786666666666669,
              "p90": 0.2729
            },
            "tree_contains_act_split_fraction": 0.6934999999999999
          },
          "alignment_months": 5.532188935564903,
          "anti_policy_value_months": 43.683742900674076,
          "harrell_cindex": 0.6881831215824525,
          "mean_predicted_benefit_months": -0.3499271926876703,
          "median_absolute_predicted_benefit_months": 0.9711374022143353,
          "nontrivial_benefit_fraction": 0.9332688588007737,
          "seed_agreement": 0.9703366156854529,
          "value_months": 49.21593183623898
        }
      },
      "overlap": {
        "iptw_effective_sample_size": 366.27921095383346,
        "raw_propensity_in_0_05_0_95_fraction": 0.8694390715667312
      },
      "paired_bootstrap": {
        "ci95_high": 4.0408173755195005,
        "ci95_low": -1.6073915089152753,
        "draws": 4000,
        "mean": 1.1521960151160127,
        "sd": 1.4493395751487728,
        "selection_lcb": -2.7995051256212373,
        "selection_lcb_quantile_percent": 0.25
      },
      "repeat": 2
    }
  ],
  "reward": -1000000.0,
  "schema_version": 2
}

