[repeat 1 fold 1/4] selected=PSMG1,SPTB,IQSEC3,UQCRH...
[repeat 1 fold 2/4] selected=REG3A,COMMD3,RPS4Y1,EPHA1...
[repeat 1 fold 3/4] selected=CDH4,GABARAPL2,VDAC2,COMMD3...
[repeat 1 fold 4/4] selected=TXNDC5,GORASP2,REG3A,MYH8...
[repeat 2 fold 1/4] selected=SPTB,RPS4Y1,REG3A,PLPP3...
[repeat 2 fold 2/4] selected=SLC14A1,SLC39A14,IGFBP1,RRAS2...
[repeat 2 fold 3/4] selected=PSMG1,PIGP,REG3A,KLHL21...
[repeat 2 fold 4/4] selected=UQCRH,EPHA1,IQSEC3,PRKCI...
{
  "budget": {
    "clinical_tlearner": {
      "act": {
        "max_depth": 7,
        "max_features": 1.0,
        "min_samples_leaf": 12,
        "min_samples_split": 24,
        "n_estimators": 1000
      },
      "observation": {
        "max_depth": 9,
        "max_features": 1.0,
        "min_samples_leaf": 8,
        "min_samples_split": 16,
        "n_estimators": 1000
      }
    },
    "forest_seeds": [
      42,
      43,
      44
    ],
    "full_run_forest_accounting": {
      "maximum_forests": 96,
      "maximum_total_trees": 96000,
      "outer_assessments": 8,
      "policy_panels": 2,
      "seeds": 3,
      "treatment_arms": 2
    },
    "inner_folds": 3,
    "max_experiments": 20,
    "max_selected_genes": 16,
    "max_total_features": 34,
    "max_trees_per_forest": 1000,
    "multiplicity_alpha": 0.05,
    "outer_folds": 4,
    "outer_repeats": 2,
    "patient_bootstraps": 4000,
    "schema_version": 1,
    "smoke_reductions_applied": false,
    "smoke_train_sha256": "84f1877ab1ea4b04a8ca9d0e971a7157c6bfa4ce24b7c090e433e88e6db8f21b",
    "smoke_trees": 40,
    "tau_months": 60.0,
    "wall_time_seconds": 2100
  },
  "candidate": {
    "benefit_threshold_months": 0.0,
    "module_count": 4,
    "n_genes": 4,
    "name": "tlearner_raw4_drgene_locked_geometry",
    "representation": "raw",
    "selector": "dr_gene",
    "tlearner": {
      "act": {
        "max_depth": 6,
        "max_features": 1.0,
        "min_samples_leaf": 16,
        "min_samples_split": 32,
        "n_estimators": 1000
      },
      "observation": {
        "max_depth": 9,
        "max_features": 1.0,
        "min_samples_leaf": 8,
        "min_samples_split": 16,
        "n_estimators": 1000
      }
    }
  },
  "data": {
    "confirmatory_validation_used": false,
    "development_act": 152,
    "development_events": 465,
    "development_n": 1034,
    "forest_seeds": [
      42,
      43,
      44
    ],
    "former_validation_used_as_development": true,
    "outer_folds": 4,
    "outer_repeats": 2,
    "reactome_collection_sha256": "5d61f289a2400cddfbb3a3353829fd2284a360bbe50f2093b566c4b7bea93341",
    "test_used": false,
    "train_sha256": "b93f3cee3858716bca8add447bc837c734e203f6cb37962b1081e3c118d2c65d",
    "validation_sha256": "824689aeaa34984727f2551bd512214164d0559d05cbec5817b0f88c9adb15a9"
  },
  "development_oof": {
    "constant_policy_values": {
      "all_act_months": 43.96732367625231,
      "all_observation_months": 45.51372678526343
    },
    "incremental_alignment_months": -3.115587065713644,
    "models": {
      "clinical": {
        "act_mechanism": {
          "role": "arm assignment only; ACT absent from X",
          "treatment_absent_from_features": true
        },
        "act_recommended_fraction": 0.3771760154738878,
        "alignment_months": 5.229607116051767,
        "anti_policy_value_months": 43.10958784440549,
        "arm_support": {
          "act": {
            "events": 70.5,
            "patients": 114.0
          },
          "observation": {
            "events": 278.25,
            "patients": 661.5
          }
        },
        "genomic_split_fraction": {
          "act": 0.0,
          "observation": 0.0
        },
        "harrell_cindex": 0.660104147917352,
        "mean_predicted_benefit_months": -3.2652973922233235,
        "median_absolute_predicted_benefit_months": 7.484234801027386,
        "nontrivial_benefit_fraction": 0.9932301740812379,
        "predicted_benefit_iqr_months": 14.61407624997273,
        "seed_agreement": 0.9950053874472479,
        "seed_benefit_correlation": 0.9991210240186674,
        "value_months": 48.339194960457256
      },
      "clinical_plus_genomic": {
        "act_mechanism": {
          "role": "arm assignment only; ACT absent from X",
          "treatment_absent_from_features": true
        },
        "act_recommended_fraction": 0.29932301740812384,
        "alignment_months": 2.114020050338123,
        "anti_policy_value_months": 43.68351520558881,
        "arm_support": {
          "act": {
            "events": 70.5,
            "patients": 114.0
          },
          "observation": {
            "events": 278.25,
            "patients": 661.5
          }
        },
        "genomic_split_fraction": {
          "act": 0.5133485023720976,
          "observation": 0.635915632846788
        },
        "harrell_cindex": 0.645149177305933,
        "mean_predicted_benefit_months": -4.895095793266191,
        "median_absolute_predicted_benefit_months": 8.85930601791796,
        "nontrivial_benefit_fraction": 0.9898452611218569,
        "predicted_benefit_iqr_months": 14.209866269844532,
        "seed_agreement": 0.990653028443726,
        "seed_benefit_correlation": 0.9985596353368636,
        "value_months": 45.79753525592693
      }
    },
    "overlap": {
      "iptw_effective_sample_size": 362.4041456031669,
      "raw_propensity_in_0_05_0_95_fraction": 0.870889748549323
    },
    "repeat_increment_max_months": -1.6600463957949287,
    "repeat_increment_min_months": -4.571127735632359
  },
  "eligible": false,
  "estimator": "RSF T-learner policies graded by outer-cross-fitted IPCW-AIPW restricted-time value",
  "gates": {
    "all_repeat_cindex_drop_no_more_than_0_03": true,
    "all_repeat_genomic_alignment_positive": true,
    "all_repeat_genomic_increment_positive": false,
    "all_repeat_genomic_seed_agreement_at_least_0_85": true,
    "all_repeat_genomic_seed_benefit_correlation_at_least_0_50": true,
    "all_repeat_genomic_value_at_least_best_constant": false,
    "all_repeat_genomic_value_at_least_clinical": false,
    "all_repeat_iptw_effective_sample_size_at_least_0_30n": true,
    "all_repeat_mean_genomic_split_fraction_at_least_0_01": true,
    "all_repeat_nontrivial_benefit_fraction_at_least_0_10": true,
    "all_repeat_raw_propensity_overlap_at_least_0_80": true,
    "all_repeat_treatment_absent_from_features": true,
    "gene_selection_jaccard_at_least_0_10": false
  },
  "gene_selection": {
    "frequency": [
      {
        "count": 4,
        "gene": "REG3A"
      },
      {
        "count": 2,
        "gene": "COMMD3"
      },
      {
        "count": 2,
        "gene": "EPHA1"
      },
      {
        "count": 2,
        "gene": "IQSEC3"
      },
      {
        "count": 2,
        "gene": "PSMG1"
      },
      {
        "count": 2,
        "gene": "RPS4Y1"
      },
      {
        "count": 2,
        "gene": "SPTB"
      },
      {
        "count": 2,
        "gene": "UQCRH"
      },
      {
        "count": 1,
        "gene": "CDH4"
      },
      {
        "count": 1,
        "gene": "GABARAPL2"
      },
      {
        "count": 1,
        "gene": "GORASP2"
      },
      {
        "count": 1,
        "gene": "IGFBP1"
      },
      {
        "count": 1,
        "gene": "KLHL21"
      },
      {
        "count": 1,
        "gene": "MYH8"
      },
      {
        "count": 1,
        "gene": "PIGP"
      },
      {
        "count": 1,
        "gene": "PLPP3"
      },
      {
        "count": 1,
        "gene": "PRKCI"
      },
      {
        "count": 1,
        "gene": "RRAS2"
      },
      {
        "count": 1,
        "gene": "SLC14A1"
      },
      {
        "count": 1,
        "gene": "SLC39A14"
      },
      {
        "count": 1,
        "gene": "TXNDC5"
      },
      {
        "count": 1,
        "gene": "VDAC2"
      }
    ],
    "full_development_modules": [
      [
        "UQCRH"
      ],
      [
        "EPHA1"
      ],
      [
        "SPTB"
      ],
      [
        "MYH8"
      ]
    ],
    "full_development_selection": [
      "UQCRH",
      "EPHA1",
      "SPTB",
      "MYH8"
    ],
    "mean_pairwise_jaccard": 0.06972789115646258,
    "per_repeat_outer_fold": [
      [
        [
          "PSMG1",
          "SPTB",
          "IQSEC3",
          "UQCRH"
        ],
        [
          "REG3A",
          "COMMD3",
          "RPS4Y1",
          "EPHA1"
        ],
        [
          "CDH4",
          "GABARAPL2",
          "VDAC2",
          "COMMD3"
        ],
        [
          "TXNDC5",
          "GORASP2",
          "REG3A",
          "MYH8"
        ]
      ],
      [
        [
          "SPTB",
          "RPS4Y1",
          "REG3A",
          "PLPP3"
        ],
        [
          "SLC14A1",
          "SLC39A14",
          "IGFBP1",
          "RRAS2"
        ],
        [
          "PSMG1",
          "PIGP",
          "REG3A",
          "KLHL21"
        ],
        [
          "UQCRH",
          "EPHA1",
          "IQSEC3",
          "PRKCI"
        ]
      ]
    ]
  },
  "generalization": {
    "repeat_increment_range_months": 2.9110813398374304,
    "robust_selection_lcb": -13.115611298497386,
    "score_before_eligibility": -16.026692638334815
  },
  "limitations": [
    "The ACT-arm learners have substantially less training support than the observation-arm learners.",
    "Search uncertainty bootstraps fixed OOF predictions and does not refit the full pipeline in each draw.",
    "Repeated cross-fits reuse patients and are stability views, not independent validation cohorts.",
    "IPCW-AIPW validity requires adequate measured-confounder adjustment, positivity, and conditionally independent censoring.",
    "Random row-level cross-validation does not establish transportability across studies or expression platforms."
  ],
  "objective": "worst repeated-development OOF selection LCB minus repeat range for A60(C+G)-A60(C)",
  "phase": "pooled_development_repeated_crossfit",
  "repeat_results": [
    {
      "constant_policy_values": {
        "all_act_months": 44.057446101549836,
        "all_observation_months": 45.53426041478633
      },
      "fold_seed": 20270821,
      "incremental_alignment_months": -1.6600463957949287,
      "models": {
        "clinical": {
          "act_mechanism": {
            "role": "arm assignment only; ACT absent from X",
            "treatment_absent_from_features": true
          },
          "act_recommended_fraction": 0.3723404255319149,
          "alignment_months": 5.098161397489825,
          "anti_policy_value_months": 43.05424478408956,
          "arm_support": {
            "act": {
              "events": 70.5,
              "patients": 114.0
            },
            "observation": {
              "events": 278.25,
              "patients": 661.5
            }
          },
          "genomic_split_fraction": {
            "act": 0.0,
            "observation": 0.0
          },
          "harrell_cindex": 0.6561117076410311,
          "mean_predicted_benefit_months": -3.4104793121815344,
          "median_absolute_predicted_benefit_months": 7.492405334701932,
          "nontrivial_benefit_fraction": 0.9941972920696325,
          "predicted_benefit_iqr_months": 14.723285303659713,
          "seed_agreement": 0.9945202677760817,
          "seed_benefit_correlation": 0.9991909410421402,
          "value_months": 48.15240618157939
        },
        "clinical_plus_genomic": {
          "act_mechanism": {
            "role": "arm assignment only; ACT absent from X",
            "treatment_absent_from_features": true
          },
          "act_recommended_fraction": 0.3065764023210832,
          "alignment_months": 3.4381150016948965,
          "anti_policy_value_months": 43.07679575732064,
          "arm_support": {
            "act": {
              "events": 70.5,
              "patients": 114.0
            },
            "observation": {
              "events": 278.25,
              "patients": 661.5
            }
          },
          "genomic_split_fraction": {
            "act": 0.47028673708908375,
            "observation": 0.6345798381080737
          },
          "harrell_cindex": 0.6508065567258576,
          "mean_predicted_benefit_months": -4.587936804291335,
          "median_absolute_predicted_benefit_months": 8.722724545464494,
          "nontrivial_benefit_fraction": 0.9893617021276596,
          "predicted_benefit_iqr_months": 13.756714893405668,
          "seed_agreement": 0.990653028443726,
          "seed_benefit_correlation": 0.9986218440743304,
          "value_months": 46.514910759015535
        }
      },
      "overlap": {
        "iptw_effective_sample_size": 358.52908025250036,
        "raw_propensity_in_0_05_0_95_fraction": 0.8723404255319149
      },
      "paired_bootstrap": {
        "ci95_high": 2.3272179996234574,
        "ci95_low": -6.00123321920028,
        "draws": 4000,
        "mean": -1.6162359750087525,
        "sd": 2.1327065203032074,
        "selection_lcb": -8.518970583265542,
        "selection_lcb_quantile_percent": 0.25
      },
      "repeat": 1
    },
    {
      "constant_policy_values": {
        "all_act_months": 43.87720125095479,
        "all_observation_months": 45.493193155740535
      },
      "fold_seed": 20280821,
      "incremental_alignment_months": -4.571127735632359,
      "models": {
        "clinical": {
          "act_mechanism": {
            "role": "arm assignment only; ACT absent from X",
            "treatment_absent_from_features": true
          },
          "act_recommended_fraction": 0.3820116054158607,
          "alignment_months": 5.361052834613709,
          "anti_policy_value_months": 43.164930904721416,
          "arm_support": {
            "act": {
              "events": 70.5,
              "patients": 114.0
            },
            "observation": {
              "events": 278.25,
              "patients": 661.5
            }
          },
          "genomic_split_fraction": {
            "act": 0.0,
            "observation": 0.0
          },
          "harrell_cindex": 0.6640965881936729,
          "mean_predicted_benefit_months": -3.120115472265113,
          "median_absolute_predicted_benefit_months": 7.4760642673528395,
          "nontrivial_benefit_fraction": 0.9922630560928434,
          "predicted_benefit_iqr_months": 14.504867196285744,
          "seed_agreement": 0.995490507118414,
          "seed_benefit_correlation": 0.9990511069951945,
          "value_months": 48.525983739335125
        },
        "clinical_plus_genomic": {
          "act_mechanism": {
            "role": "arm assignment only; ACT absent from X",
            "treatment_absent_from_features": true
          },
          "act_recommended_fraction": 0.29206963249516443,
          "alignment_months": 0.7899250989813495,
          "anti_policy_value_months": 44.290234653856984,
          "arm_support": {
            "act": {
              "events": 70.5,
              "patients": 114.0
            },
            "observation": {
              "events": 278.25,
              "patients": 661.5
            }
          },
          "genomic_split_fraction": {
            "act": 0.5564102676551114,
            "observation": 0.6372514275855022
          },
          "harrell_cindex": 0.6394917978860083,
          "mean_predicted_benefit_months": -5.202254782241047,
          "median_absolute_predicted_benefit_months": 8.995887490371427,
          "nontrivial_benefit_fraction": 0.9903288201160542,
          "predicted_benefit_iqr_months": 14.663017646283398,
          "seed_agreement": 0.990653028443726,
          "seed_benefit_correlation": 0.9984974265993969,
          "value_months": 45.080159752838334
        }
      },
      "overlap": {
        "iptw_effective_sample_size": 366.27921095383346,
        "raw_propensity_in_0_05_0_95_fraction": 0.8694390715667312
      },
      "paired_bootstrap": {
        "ci95_high": 0.5002825524878265,
        "ci95_low": -10.229350690485335,
        "draws": 4000,
        "mean": -4.564737252552695,
        "sd": 2.7253022803433042,
        "selection_lcb": -13.115611298497386,
        "selection_lcb_quantile_percent": 0.25
      },
      "repeat": 2
    }
  ],
  "reward": -1000000.0,
  "schema_version": 1
}

