/Users/owensun/miniconda3/lib/python3.10/site-packages/sklearn/pipeline.py:427: ConvergenceWarning: Optimization did not converge: Maximum number of iterations has been exceeded.
  self._final_estimator.fit(Xt, y, **fit_params_last_step)
[repeat 1 fold 1/4] selected=ACAD8,ALDH6A1,MCCC1,HIBCH,SUCLA2...
[repeat 1 fold 2/4] selected=BMP2,TGFBR3,SMAD7,SMAD5,FOXO1...
[repeat 1 fold 3/4] selected=AGL,PHKB,PPP1R3C,UGP2,ACAD8...
[repeat 1 fold 4/4] selected=MBIP,KAT2B,PHF20L1,TASP1,ACAD8...
[repeat 2 fold 1/4] selected=TBL1XR1,CHD9,RORA,MEF2C,TGFBR3...
[repeat 2 fold 2/4] selected=IGKV4-1,IGLV3-25,IGLV2-14,IGKV1-17,IGKV1D-39...
[repeat 2 fold 3/4] selected=ACAD8,ALDH6A1,MCCC1,HIBCH,MBIP...
[repeat 2 fold 4/4] selected=TGFBR3,SMAD7,SMAD5,ZFYVE16,TBL1XR1...
{
  "budget": {
    "clinical_forest": {
      "max_depth": 9,
      "max_features": 1.0,
      "min_samples_leaf": 8,
      "min_samples_split": 16,
      "n_estimators": 1000
    },
    "forest_seeds": [
      42,
      43,
      44
    ],
    "inner_folds": 3,
    "max_experiments": 20,
    "max_selected_genes": 16,
    "max_total_features": 35,
    "max_trees_per_forest": 1000,
    "multiplicity_alpha": 0.05,
    "outer_folds": 4,
    "outer_repeats": 2,
    "patient_bootstraps": 4000,
    "schema_version": 2,
    "smoke_reductions_applied": false,
    "tau_months": 60.0,
    "wall_time_seconds": 1500
  },
  "candidate": {
    "benefit_threshold_months": 0.25,
    "module_count": 1,
    "n_genes": 8,
    "name": "v2_pathway8_one_module_mtry035_pool6_thr025",
    "representation": "module",
    "rsf": {
      "max_depth": 9,
      "max_features": 0.35,
      "min_samples_leaf": 8,
      "min_samples_split": 16,
      "n_estimators": 1000
    },
    "selector": "dr_gene"
  },
  "data": {
    "confirmatory_validation_used": false,
    "development_act": 152,
    "development_events": 465,
    "development_n": 1034,
    "forest_seeds": [
      42,
      43,
      44
    ],
    "former_validation_used_as_development": true,
    "outer_folds": 4,
    "outer_repeats": 2,
    "reactome_collection_sha256": "5d61f289a2400cddfbb3a3353829fd2284a360bbe50f2093b566c4b7bea93341",
    "test_used": false,
    "train_sha256": "b93f3cee3858716bca8add447bc837c734e203f6cb37962b1081e3c118d2c65d",
    "validation_sha256": "824689aeaa34984727f2551bd512214164d0559d05cbec5817b0f88c9adb15a9"
  },
  "development_oof": {
    "constant_policy_values": {
      "all_act_months": 47.36209163663108,
      "all_observation_months": 45.62271273373254
    },
    "incremental_alignment_months": 0.27251918755604265,
    "models": {
      "clinical": {
        "act_recommended_fraction": 0.3733075435203095,
        "act_usage": {
          "patient_tree_paths_traversing_act_fraction": 0.2385888136686009,
          "per_patient_different_terminal_tree_fraction": {
            "mean": 0.2385888136686009,
            "median": 0.21199999999999997,
            "nonzero_patient_fraction": 1.0,
            "p10": 0.06271666666666667,
            "p90": 0.4571666666666666
          },
          "tree_contains_act_split_fraction": 0.8226666666666667
        },
        "alignment_months": 3.9309341180959443,
        "anti_policy_value_months": 44.20792630773067,
        "harrell_cindex": 0.6805807270492872,
        "mean_predicted_benefit_months": -1.1455981194633797,
        "median_absolute_predicted_benefit_months": 1.42677895956154,
        "nontrivial_benefit_fraction": 0.9390715667311411,
        "seed_agreement": 0.982110432691828,
        "value_months": 48.13886042582662
      },
      "clinical_plus_genomic": {
        "act_recommended_fraction": 0.31963249516441006,
        "act_usage": {
          "patient_tree_paths_traversing_act_fraction": 0.17456157317859447,
          "per_patient_different_terminal_tree_fraction": {
            "mean": 0.17456157317859447,
            "median": 0.16275,
            "nonzero_patient_fraction": 1.0,
            "p10": 0.09636666666666667,
            "p90": 0.26646666666666674
          },
          "tree_contains_act_split_fraction": 0.69675
        },
        "alignment_months": 4.203453305651987,
        "anti_policy_value_months": 44.390675532355814,
        "harrell_cindex": 0.6877098630188,
        "mean_predicted_benefit_months": -0.388305911260316,
        "median_absolute_predicted_benefit_months": 0.970764245731953,
        "nontrivial_benefit_fraction": 0.8592843326885881,
        "seed_agreement": 0.9755033272475133,
        "value_months": 48.594128838007805
      }
    },
    "overlap": {
      "iptw_effective_sample_size": 362.4041456031669,
      "raw_propensity_in_0_05_0_95_fraction": 0.870889748549323
    },
    "repeat_increment_max_months": 1.206374549554603,
    "repeat_increment_min_months": -0.6613361744425177
  },
  "eligible": false,
  "estimator": "outer-cross-fitted IPCW-AIPW restricted-time policy value",
  "gates": {
    "all_repeat_cindex_drop_no_more_than_0_03": true,
    "all_repeat_genomic_alignment_positive": true,
    "all_repeat_genomic_increment_positive": false,
    "all_repeat_genomic_seed_agreement_at_least_0_85": true,
    "all_repeat_genomic_value_at_least_best_constant": true,
    "all_repeat_genomic_value_at_least_clinical": true,
    "all_repeat_iptw_effective_sample_size_at_least_0_30n": true,
    "all_repeat_nontrivial_benefit_fraction_at_least_0_10": true,
    "all_repeat_raw_propensity_overlap_at_least_0_80": true,
    "gene_selection_jaccard_at_least_0_10": true
  },
  "gene_selection": {
    "frequency": [
      {
        "count": 4,
        "gene": "ACAD8"
      },
      {
        "count": 4,
        "gene": "HIBCH"
      },
      {
        "count": 4,
        "gene": "MCCC1"
      },
      {
        "count": 3,
        "gene": "ALDH6A1"
      },
      {
        "count": 3,
        "gene": "SMAD5"
      },
      {
        "count": 3,
        "gene": "SMAD7"
      },
      {
        "count": 3,
        "gene": "TGFBR3"
      },
      {
        "count": 2,
        "gene": "CHD9"
      },
      {
        "count": 2,
        "gene": "DLD"
      },
      {
        "count": 2,
        "gene": "KAT2B"
      },
      {
        "count": 2,
        "gene": "MBIP"
      },
      {
        "count": 2,
        "gene": "MEF2C"
      },
      {
        "count": 2,
        "gene": "TASP1"
      },
      {
        "count": 2,
        "gene": "TBL1XR1"
      },
      {
        "count": 2,
        "gene": "ZFYVE16"
      },
      {
        "count": 1,
        "gene": "AGL"
      },
      {
        "count": 1,
        "gene": "BMP2"
      },
      {
        "count": 1,
        "gene": "FOXO1"
      },
      {
        "count": 1,
        "gene": "FOXO3"
      },
      {
        "count": 1,
        "gene": "IGKV1-17"
      },
      {
        "count": 1,
        "gene": "IGKV1D-39"
      },
      {
        "count": 1,
        "gene": "IGKV2D-28"
      },
      {
        "count": 1,
        "gene": "IGKV4-1"
      },
      {
        "count": 1,
        "gene": "IGLC2"
      },
      {
        "count": 1,
        "gene": "IGLV2-14"
      },
      {
        "count": 1,
        "gene": "IGLV3-25"
      },
      {
        "count": 1,
        "gene": "JCHAIN"
      },
      {
        "count": 1,
        "gene": "NNT"
      },
      {
        "count": 1,
        "gene": "NRIP1"
      },
      {
        "count": 1,
        "gene": "PHF20L1"
      },
      {
        "count": 1,
        "gene": "PHKB"
      },
      {
        "count": 1,
        "gene": "PPP1R3C"
      },
      {
        "count": 1,
        "gene": "RORA"
      },
      {
        "count": 1,
        "gene": "SMAD2"
      },
      {
        "count": 1,
        "gene": "SMAD4"
      },
      {
        "count": 1,
        "gene": "SUCLA2"
      },
      {
        "count": 1,
        "gene": "SUCLG2"
      },
      {
        "count": 1,
        "gene": "UGP2"
      },
      {
        "count": 1,
        "gene": "ZZZ3"
      }
    ],
    "full_development_modules": [
      [
        "ACAD8",
        "ALDH6A1",
        "MCCC1",
        "HIBCH",
        "MBIP",
        "KAT2B",
        "PHF20L1",
        "PAXIP1"
      ]
    ],
    "full_development_selection": [
      "ACAD8",
      "ALDH6A1",
      "MCCC1",
      "HIBCH",
      "MBIP",
      "KAT2B",
      "PHF20L1",
      "PAXIP1"
    ],
    "mean_pairwise_jaccard": 0.12423687423687424,
    "per_repeat_outer_fold": [
      [
        [
          "ACAD8",
          "ALDH6A1",
          "MCCC1",
          "HIBCH",
          "SUCLA2",
          "DLD",
          "NNT",
          "SUCLG2"
        ],
        [
          "BMP2",
          "TGFBR3",
          "SMAD7",
          "SMAD5",
          "FOXO1",
          "SMAD2",
          "SMAD4",
          "FOXO3"
        ],
        [
          "AGL",
          "PHKB",
          "PPP1R3C",
          "UGP2",
          "ACAD8",
          "MCCC1",
          "HIBCH",
          "DLD"
        ],
        [
          "MBIP",
          "KAT2B",
          "PHF20L1",
          "TASP1",
          "ACAD8",
          "ALDH6A1",
          "MCCC1",
          "HIBCH"
        ]
      ],
      [
        [
          "TBL1XR1",
          "CHD9",
          "RORA",
          "MEF2C",
          "TGFBR3",
          "SMAD7",
          "SMAD5",
          "ZFYVE16"
        ],
        [
          "IGKV4-1",
          "IGLV3-25",
          "IGLV2-14",
          "IGKV1-17",
          "IGKV1D-39",
          "JCHAIN",
          "IGLC2",
          "IGKV2D-28"
        ],
        [
          "ACAD8",
          "ALDH6A1",
          "MCCC1",
          "HIBCH",
          "MBIP",
          "KAT2B",
          "ZZZ3",
          "TASP1"
        ],
        [
          "TGFBR3",
          "SMAD7",
          "SMAD5",
          "ZFYVE16",
          "TBL1XR1",
          "NRIP1",
          "CHD9",
          "MEF2C"
        ]
      ]
    ]
  },
  "generalization": {
    "repeat_increment_range_months": 1.8677107239971207,
    "robust_selection_lcb": -3.1679153341756723,
    "score_before_eligibility": -5.035626058172793
  },
  "limitations": [
    "Search uncertainty bootstraps fixed OOF predictions and does not refit the full pipeline in each draw.",
    "The two repeated cross-fits reuse patients and are stability views, not independent validation cohorts.",
    "Former train and validation rows are now adaptive development data; only the human-held test can provide one-shot confirmation.",
    "IPCW-AIPW validity requires adequate measured-confounder adjustment, treatment positivity, and conditionally independent censoring.",
    "Random row-level cross-validation does not establish transportability across source studies or expression platforms."
  ],
  "objective": "worst repeated-development OOF selection LCB minus the repeat increment range for A60(C+G)-A60(C), where A60(d)=V60(d)-V60(1-d)",
  "phase": "pooled_development_repeated_crossfit",
  "repeat_results": [
    {
      "constant_policy_values": {
        "all_act_months": 47.303940538944175,
        "all_observation_months": 45.64878630758555
      },
      "fold_seed": 20270821,
      "incremental_alignment_months": -0.6613361744425177,
      "models": {
        "clinical": {
          "act_recommended_fraction": 0.3665377176015474,
          "act_usage": {
            "patient_tree_paths_traversing_act_fraction": 0.24706060606060604,
            "per_patient_different_terminal_tree_fraction": {
              "mean": 0.24706060606060604,
              "median": 0.2243333333333333,
              "nonzero_patient_fraction": 1.0,
              "p10": 0.06733333333333334,
              "p90": 0.49899999999999994
            },
            "tree_contains_act_split_fraction": 0.8376666666666667
          },
          "alignment_months": 3.4868922845226322,
          "anti_policy_value_months": 44.33963208393055,
          "harrell_cindex": 0.6758535722487385,
          "mean_predicted_benefit_months": -1.217657771955445,
          "median_absolute_predicted_benefit_months": 1.490160820274756,
          "nontrivial_benefit_fraction": 0.9410058027079303,
          "seed_agreement": 0.9832390530064948,
          "value_months": 47.826524368453185
        },
        "clinical_plus_genomic": {
          "act_recommended_fraction": 0.3104448742746615,
          "act_usage": {
            "patient_tree_paths_traversing_act_fraction": 0.1741644100580271,
            "per_patient_different_terminal_tree_fraction": {
              "mean": 0.1741644100580271,
              "median": 0.16349999999999998,
              "nonzero_patient_fraction": 1.0,
              "p10": 0.09063333333333334,
              "p90": 0.26380000000000003
            },
            "tree_contains_act_split_fraction": 0.6966666666666667
          },
          "alignment_months": 2.8255561100801145,
          "anti_policy_value_months": 45.06358536822481,
          "harrell_cindex": 0.6876679679984111,
          "mean_predicted_benefit_months": -0.41253660414368204,
          "median_absolute_predicted_benefit_months": 0.9213223181837265,
          "nontrivial_benefit_fraction": 0.8529980657640233,
          "seed_agreement": 0.9758263246635339,
          "value_months": 47.88914147830492
        }
      },
      "overlap": {
        "iptw_effective_sample_size": 358.52908025250036,
        "raw_propensity_in_0_05_0_95_fraction": 0.8723404255319149
      },
      "paired_bootstrap": {
        "ci95_high": 1.237219478438235,
        "ci95_low": -2.453640716760287,
        "draws": 4000,
        "mean": -0.6533552290912855,
        "sd": 0.9329074028188953,
        "selection_lcb": -3.1679153341756723,
        "selection_lcb_quantile_percent": 0.25
      },
      "repeat": 1
    },
    {
      "constant_policy_values": {
        "all_act_months": 47.42024273431797,
        "all_observation_months": 45.59663915987953
      },
      "fold_seed": 20280821,
      "incremental_alignment_months": 1.206374549554603,
      "models": {
        "clinical": {
          "act_recommended_fraction": 0.38007736943907156,
          "act_usage": {
            "patient_tree_paths_traversing_act_fraction": 0.23011702127659575,
            "per_patient_different_terminal_tree_fraction": {
              "mean": 0.23011702127659575,
              "median": 0.19966666666666666,
              "nonzero_patient_fraction": 1.0,
              "p10": 0.0581,
              "p90": 0.41533333333333333
            },
            "tree_contains_act_split_fraction": 0.8076666666666666
          },
          "alignment_months": 4.374975951669256,
          "anti_policy_value_months": 44.076220531530794,
          "harrell_cindex": 0.6853078818498358,
          "mean_predicted_benefit_months": -1.0735384669713144,
          "median_absolute_predicted_benefit_months": 1.3633970988483242,
          "nontrivial_benefit_fraction": 0.937137330754352,
          "seed_agreement": 0.9809818123771612,
          "value_months": 48.45119648320005
        },
        "clinical_plus_genomic": {
          "act_recommended_fraction": 0.3288201160541586,
          "act_usage": {
            "patient_tree_paths_traversing_act_fraction": 0.17495873629916184,
            "per_patient_different_terminal_tree_fraction": {
              "mean": 0.17495873629916184,
              "median": 0.162,
              "nonzero_patient_fraction": 1.0,
              "p10": 0.1021,
              "p90": 0.2691333333333334
            },
            "tree_contains_act_split_fraction": 0.6968333333333333
          },
          "alignment_months": 5.581350501223859,
          "anti_policy_value_months": 43.71776569648682,
          "harrell_cindex": 0.6877517580391889,
          "mean_predicted_benefit_months": -0.36407521837694995,
          "median_absolute_predicted_benefit_months": 1.0202061732801795,
          "nontrivial_benefit_fraction": 0.8655705996131529,
          "seed_agreement": 0.9751803298314927,
          "value_months": 49.29911619771068
        }
      },
      "overlap": {
        "iptw_effective_sample_size": 366.27921095383346,
        "raw_propensity_in_0_05_0_95_fraction": 0.8694390715667312
      },
      "paired_bootstrap": {
        "ci95_high": 4.411269472975759,
        "ci95_low": -1.805642045711521,
        "draws": 4000,
        "mean": 1.2313025814004386,
        "sd": 1.5708667555523483,
        "selection_lcb": -2.964098507598753,
        "selection_lcb_quantile_percent": 0.25
      },
      "repeat": 2
    }
  ],
  "reward": -1000000.0,
  "schema_version": 2
}

