/Users/owensun/miniconda3/lib/python3.10/site-packages/sklearn/pipeline.py:427: ConvergenceWarning: Optimization did not converge: Maximum number of iterations has been exceeded.
  self._final_estimator.fit(Xt, y, **fit_params_last_step)
[repeat 1 fold 1/4] selected=HIBCH,ACADSB,SUCLA2,NNT,TGFBR3...
[repeat 1 fold 2/4] selected=TGFBR3,SMAD7,FOXO1,CDKN1B,PIK3CB...
[repeat 1 fold 3/4] selected=UGP2,CALM1,HIBCH,AUH,SCP2...
[repeat 1 fold 4/4] selected=KAT2B,KDM6A,HIBCH,ACADSB,UBA1...
[repeat 2 fold 1/4] selected=CHD9,EP300,SMAD7,SMAD5,SMAD2...
[repeat 2 fold 2/4] selected=IGKV4-1,IGLC2,JCHAIN,IGKV2D-28,HDAC1...
[repeat 2 fold 3/4] selected=HIBCH,ACADSB,MBIP,KAT2B,PTPN13...
[repeat 2 fold 4/4] selected=TGFBR3,SMAD5,SIRT1,CLOCK,PTPN13...
{
  "budget": {
    "clinical_forest": {
      "max_depth": 9,
      "max_features": 1.0,
      "min_samples_leaf": 8,
      "min_samples_split": 16,
      "n_estimators": 1000
    },
    "forest_seeds": [
      42,
      43,
      44
    ],
    "inner_folds": 3,
    "max_experiments": 20,
    "max_selected_genes": 16,
    "max_total_features": 35,
    "max_trees_per_forest": 1000,
    "multiplicity_alpha": 0.05,
    "outer_folds": 4,
    "outer_repeats": 2,
    "patient_bootstraps": 4000,
    "schema_version": 2,
    "smoke_reductions_applied": false,
    "tau_months": 60.0,
    "wall_time_seconds": 1500
  },
  "candidate": {
    "benefit_threshold_months": 0.0,
    "module_count": 1,
    "n_genes": 8,
    "name": "v2_pathway8_four_pathways_mtry035_s100",
    "representation": "module",
    "rsf": {
      "max_depth": 9,
      "max_features": 0.35,
      "min_samples_leaf": 8,
      "min_samples_split": 16,
      "n_estimators": 1000
    },
    "selector": "dr_gene"
  },
  "data": {
    "confirmatory_validation_used": false,
    "development_act": 152,
    "development_events": 465,
    "development_n": 1034,
    "forest_seeds": [
      42,
      43,
      44
    ],
    "former_validation_used_as_development": true,
    "outer_folds": 4,
    "outer_repeats": 2,
    "reactome_collection_sha256": "5d61f289a2400cddfbb3a3353829fd2284a360bbe50f2093b566c4b7bea93341",
    "test_used": false,
    "train_sha256": "b93f3cee3858716bca8add447bc837c734e203f6cb37962b1081e3c118d2c65d",
    "validation_sha256": "824689aeaa34984727f2551bd512214164d0559d05cbec5817b0f88c9adb15a9"
  },
  "development_oof": {
    "constant_policy_values": {
      "all_act_months": 47.526471098235994,
      "all_observation_months": 45.578299803105864
    },
    "incremental_alignment_months": 1.0453835649952765,
    "models": {
      "clinical": {
        "act_recommended_fraction": 0.3733075435203095,
        "act_usage": {
          "patient_tree_paths_traversing_act_fraction": 0.2385888136686009,
          "per_patient_different_terminal_tree_fraction": {
            "mean": 0.2385888136686009,
            "median": 0.21199999999999997,
            "nonzero_patient_fraction": 1.0,
            "p10": 0.06271666666666667,
            "p90": 0.4571666666666666
          },
          "tree_contains_act_split_fraction": 0.8226666666666667
        },
        "alignment_months": 3.9309341180959443,
        "anti_policy_value_months": 44.20792630773067,
        "harrell_cindex": 0.6805807270492872,
        "mean_predicted_benefit_months": -1.1455981194633797,
        "median_absolute_predicted_benefit_months": 1.42677895956154,
        "nontrivial_benefit_fraction": 0.9390715667311411,
        "seed_agreement": 0.982110432691828,
        "value_months": 48.13886042582662
      },
      "clinical_plus_genomic": {
        "act_recommended_fraction": 0.38442940038684714,
        "act_usage": {
          "patient_tree_paths_traversing_act_fraction": 0.1713030303030303,
          "per_patient_different_terminal_tree_fraction": {
            "mean": 0.1713030303030303,
            "median": 0.16183333333333333,
            "nonzero_patient_fraction": 1.0,
            "p10": 0.08654999999999999,
            "p90": 0.2695
          },
          "tree_contains_act_split_fraction": 0.7067916666666667
        },
        "alignment_months": 4.976317683091221,
        "anti_policy_value_months": 44.06422660912531,
        "harrell_cindex": 0.6931701806761545,
        "mean_predicted_benefit_months": -0.3094833390344699,
        "median_absolute_predicted_benefit_months": 0.965345477643246,
        "nontrivial_benefit_fraction": 0.9361702127659575,
        "seed_agreement": 0.9730739876088713,
        "value_months": 49.04054429221654
      }
    },
    "overlap": {
      "iptw_effective_sample_size": 362.4041456031669,
      "raw_propensity_in_0_05_0_95_fraction": 0.870889748549323
    },
    "repeat_increment_max_months": 1.0546321292613143,
    "repeat_increment_min_months": 1.0361350007292387
  },
  "eligible": false,
  "estimator": "outer-cross-fitted IPCW-AIPW restricted-time policy value",
  "gates": {
    "all_repeat_cindex_drop_no_more_than_0_03": true,
    "all_repeat_genomic_alignment_positive": true,
    "all_repeat_genomic_increment_positive": true,
    "all_repeat_genomic_seed_agreement_at_least_0_85": true,
    "all_repeat_genomic_value_at_least_best_constant": true,
    "all_repeat_genomic_value_at_least_clinical": true,
    "all_repeat_iptw_effective_sample_size_at_least_0_30n": true,
    "all_repeat_nontrivial_benefit_fraction_at_least_0_10": true,
    "all_repeat_raw_propensity_overlap_at_least_0_80": true,
    "gene_selection_jaccard_at_least_0_10": false
  },
  "gene_selection": {
    "frequency": [
      {
        "count": 4,
        "gene": "HIBCH"
      },
      {
        "count": 3,
        "gene": "ACADSB"
      },
      {
        "count": 3,
        "gene": "KAT2B"
      },
      {
        "count": 3,
        "gene": "REST"
      },
      {
        "count": 3,
        "gene": "TGFBR3"
      },
      {
        "count": 2,
        "gene": "CDKN1B"
      },
      {
        "count": 2,
        "gene": "EP300"
      },
      {
        "count": 2,
        "gene": "MBIP"
      },
      {
        "count": 2,
        "gene": "PIK3CB"
      },
      {
        "count": 2,
        "gene": "PLK2"
      },
      {
        "count": 2,
        "gene": "PTPN13"
      },
      {
        "count": 2,
        "gene": "SIRT1"
      },
      {
        "count": 2,
        "gene": "SMAD5"
      },
      {
        "count": 2,
        "gene": "SMAD7"
      },
      {
        "count": 1,
        "gene": "ACOX1"
      },
      {
        "count": 1,
        "gene": "AUH"
      },
      {
        "count": 1,
        "gene": "BMPR1A"
      },
      {
        "count": 1,
        "gene": "BRD1"
      },
      {
        "count": 1,
        "gene": "CALM1"
      },
      {
        "count": 1,
        "gene": "CHD9"
      },
      {
        "count": 1,
        "gene": "CLOCK"
      },
      {
        "count": 1,
        "gene": "FOXO1"
      },
      {
        "count": 1,
        "gene": "GCLM"
      },
      {
        "count": 1,
        "gene": "HDAC1"
      },
      {
        "count": 1,
        "gene": "IGKV2D-28"
      },
      {
        "count": 1,
        "gene": "IGKV4-1"
      },
      {
        "count": 1,
        "gene": "IGLC2"
      },
      {
        "count": 1,
        "gene": "ITPR1"
      },
      {
        "count": 1,
        "gene": "JCHAIN"
      },
      {
        "count": 1,
        "gene": "KDM6A"
      },
      {
        "count": 1,
        "gene": "MAOA"
      },
      {
        "count": 1,
        "gene": "NNT"
      },
      {
        "count": 1,
        "gene": "PIK3C2A"
      },
      {
        "count": 1,
        "gene": "PIP5K1B"
      },
      {
        "count": 1,
        "gene": "PRKACB"
      },
      {
        "count": 1,
        "gene": "RAB4A"
      },
      {
        "count": 1,
        "gene": "SCP2"
      },
      {
        "count": 1,
        "gene": "SMAD2"
      },
      {
        "count": 1,
        "gene": "SNAI2"
      },
      {
        "count": 1,
        "gene": "SUCLA2"
      },
      {
        "count": 1,
        "gene": "TNFAIP8"
      },
      {
        "count": 1,
        "gene": "UBA1"
      },
      {
        "count": 1,
        "gene": "UBE2G1"
      },
      {
        "count": 1,
        "gene": "UGP2"
      }
    ],
    "full_development_modules": [
      [
        "HIBCH",
        "ACADSB",
        "MBIP",
        "KAT2B",
        "CHD9",
        "SIRT1",
        "TGFBR3",
        "SMAD7"
      ]
    ],
    "full_development_selection": [
      "HIBCH",
      "ACADSB",
      "MBIP",
      "KAT2B",
      "CHD9",
      "SIRT1",
      "TGFBR3",
      "SMAD7"
    ],
    "mean_pairwise_jaccard": 0.06988487702773417,
    "per_repeat_outer_fold": [
      [
        [
          "HIBCH",
          "ACADSB",
          "SUCLA2",
          "NNT",
          "TGFBR3",
          "BMPR1A",
          "PRKACB",
          "ITPR1"
        ],
        [
          "TGFBR3",
          "SMAD7",
          "FOXO1",
          "CDKN1B",
          "PIK3CB",
          "PIP5K1B",
          "PLK2",
          "REST"
        ],
        [
          "UGP2",
          "CALM1",
          "HIBCH",
          "AUH",
          "SCP2",
          "ACOX1",
          "MAOA",
          "GCLM"
        ],
        [
          "KAT2B",
          "KDM6A",
          "HIBCH",
          "ACADSB",
          "UBA1",
          "UBE2G1",
          "EP300",
          "SIRT1"
        ]
      ],
      [
        [
          "CHD9",
          "EP300",
          "SMAD7",
          "SMAD5",
          "SMAD2",
          "CDKN1B",
          "PLK2",
          "REST"
        ],
        [
          "IGKV4-1",
          "IGLC2",
          "JCHAIN",
          "IGKV2D-28",
          "HDAC1",
          "BRD1",
          "REST",
          "SNAI2"
        ],
        [
          "HIBCH",
          "ACADSB",
          "MBIP",
          "KAT2B",
          "PTPN13",
          "PIK3CB",
          "PIK3C2A",
          "TNFAIP8"
        ],
        [
          "TGFBR3",
          "SMAD5",
          "SIRT1",
          "CLOCK",
          "PTPN13",
          "RAB4A",
          "MBIP",
          "KAT2B"
        ]
      ]
    ]
  },
  "generalization": {
    "repeat_increment_range_months": 0.018497128532075635,
    "robust_selection_lcb": -3.005312267927029,
    "score_before_eligibility": -3.0238093964591046
  },
  "limitations": [
    "Search uncertainty bootstraps fixed OOF predictions and does not refit the full pipeline in each draw.",
    "The two repeated cross-fits reuse patients and are stability views, not independent validation cohorts.",
    "Former train and validation rows are now adaptive development data; only the human-held test can provide one-shot confirmation.",
    "IPCW-AIPW validity requires adequate measured-confounder adjustment, treatment positivity, and conditionally independent censoring.",
    "Random row-level cross-validation does not establish transportability across source studies or expression platforms."
  ],
  "objective": "worst repeated-development OOF selection LCB minus the repeat increment range for A60(C+G)-A60(C), where A60(d)=V60(d)-V60(1-d)",
  "phase": "pooled_development_repeated_crossfit",
  "repeat_results": [
    {
      "constant_policy_values": {
        "all_act_months": 47.48382474404343,
        "all_observation_months": 45.58768906113934
      },
      "fold_seed": 20270821,
      "incremental_alignment_months": 1.0546321292613143,
      "models": {
        "clinical": {
          "act_recommended_fraction": 0.3665377176015474,
          "act_usage": {
            "patient_tree_paths_traversing_act_fraction": 0.24706060606060604,
            "per_patient_different_terminal_tree_fraction": {
              "mean": 0.24706060606060604,
              "median": 0.2243333333333333,
              "nonzero_patient_fraction": 1.0,
              "p10": 0.06733333333333334,
              "p90": 0.49899999999999994
            },
            "tree_contains_act_split_fraction": 0.8376666666666667
          },
          "alignment_months": 3.4868922845226322,
          "anti_policy_value_months": 44.33963208393055,
          "harrell_cindex": 0.6758535722487385,
          "mean_predicted_benefit_months": -1.217657771955445,
          "median_absolute_predicted_benefit_months": 1.490160820274756,
          "nontrivial_benefit_fraction": 0.9410058027079303,
          "seed_agreement": 0.9832390530064948,
          "value_months": 47.826524368453185
        },
        "clinical_plus_genomic": {
          "act_recommended_fraction": 0.3820116054158607,
          "act_usage": {
            "patient_tree_paths_traversing_act_fraction": 0.16839780786589298,
            "per_patient_different_terminal_tree_fraction": {
              "mean": 0.16839780786589298,
              "median": 0.15933333333333333,
              "nonzero_patient_fraction": 1.0,
              "p10": 0.07843333333333333,
              "p90": 0.26166666666666666
            },
            "tree_contains_act_split_fraction": 0.7106666666666667
          },
          "alignment_months": 4.541524413783947,
          "anti_policy_value_months": 44.264994695699414,
          "harrell_cindex": 0.6920312567885449,
          "mean_predicted_benefit_months": -0.31214945856744997,
          "median_absolute_predicted_benefit_months": 0.9155883271635687,
          "nontrivial_benefit_fraction": 0.9381044487427466,
          "seed_agreement": 0.9729193479193479,
          "value_months": 48.80651910948336
        }
      },
      "overlap": {
        "iptw_effective_sample_size": 358.52908025250036,
        "raw_propensity_in_0_05_0_95_fraction": 0.8723404255319149
      },
      "paired_bootstrap": {
        "ci95_high": 3.7812438350083792,
        "ci95_low": -1.7428473205449173,
        "draws": 4000,
        "mean": 1.0796106035248183,
        "sd": 1.410451317174425,
        "selection_lcb": -3.005312267927029,
        "selection_lcb_quantile_percent": 0.25
      },
      "repeat": 1
    },
    {
      "constant_policy_values": {
        "all_act_months": 47.56911745242856,
        "all_observation_months": 45.56891054507238
      },
      "fold_seed": 20280821,
      "incremental_alignment_months": 1.0361350007292387,
      "models": {
        "clinical": {
          "act_recommended_fraction": 0.38007736943907156,
          "act_usage": {
            "patient_tree_paths_traversing_act_fraction": 0.23011702127659575,
            "per_patient_different_terminal_tree_fraction": {
              "mean": 0.23011702127659575,
              "median": 0.19966666666666666,
              "nonzero_patient_fraction": 1.0,
              "p10": 0.0581,
              "p90": 0.41533333333333333
            },
            "tree_contains_act_split_fraction": 0.8076666666666666
          },
          "alignment_months": 4.374975951669256,
          "anti_policy_value_months": 44.076220531530794,
          "harrell_cindex": 0.6853078818498358,
          "mean_predicted_benefit_months": -1.0735384669713144,
          "median_absolute_predicted_benefit_months": 1.3633970988483242,
          "nontrivial_benefit_fraction": 0.937137330754352,
          "seed_agreement": 0.9809818123771612,
          "value_months": 48.45119648320005
        },
        "clinical_plus_genomic": {
          "act_recommended_fraction": 0.38684719535783363,
          "act_usage": {
            "patient_tree_paths_traversing_act_fraction": 0.17420825274016763,
            "per_patient_different_terminal_tree_fraction": {
              "mean": 0.17420825274016763,
              "median": 0.16433333333333333,
              "nonzero_patient_fraction": 1.0,
              "p10": 0.09466666666666666,
              "p90": 0.2773333333333334
            },
            "tree_contains_act_split_fraction": 0.7029166666666666
          },
          "alignment_months": 5.411110952398495,
          "anti_policy_value_months": 43.86345852255122,
          "harrell_cindex": 0.6943091045637643,
          "mean_predicted_benefit_months": -0.3068172195014898,
          "median_absolute_predicted_benefit_months": 1.0151026281229232,
          "nontrivial_benefit_fraction": 0.9342359767891683,
          "seed_agreement": 0.9732286272983948,
          "value_months": 49.274569474949715
        }
      },
      "overlap": {
        "iptw_effective_sample_size": 366.27921095383346,
        "raw_propensity_in_0_05_0_95_fraction": 0.8694390715667312
      },
      "paired_bootstrap": {
        "ci95_high": 3.6275835725996672,
        "ci95_low": -1.4242889046892602,
        "draws": 4000,
        "mean": 1.0340520136566185,
        "sd": 1.278203344488419,
        "selection_lcb": -2.4215081029232297,
        "selection_lcb_quantile_percent": 0.25
      },
      "repeat": 2
    }
  ],
  "reward": -1000000.0,
  "schema_version": 2
}

