[repeat 1 fold 1/4] selected=KCNV1,KCNQ3,PTPN1,HTR6,KCNC3...
[repeat 1 fold 2/4] selected=FGF4,OR1A1,OR1D2,OR3A2,OR2S2...
[repeat 1 fold 3/4] selected=HLA-DPB1,H2BC3,HIRA,H2BC15,UBN1...
[repeat 1 fold 4/4] selected=OR10H2,OR3A2,KCNC3,OR10C1,KCNV2...
[repeat 2 fold 1/4] selected=OR10H1,ADRA2B,TAAR5,FGF22,OR2H2...
[repeat 2 fold 2/4] selected=GGT1,FGF9,CYP4B1,SFTPA2,ALOX5...
[repeat 2 fold 3/4] selected=IFNA8,OR10H2,KCNV1,OR2F1,ANO2...
[repeat 2 fold 4/4] selected=OR3A2,OR2H2,KCNA6,KCNC3,KCNV1...
{
  "budget": {
    "clinical_tlearner": {
      "act": {
        "max_depth": 7,
        "max_features": 1.0,
        "min_samples_leaf": 12,
        "min_samples_split": 24,
        "n_estimators": 1000
      },
      "observation": {
        "max_depth": 9,
        "max_features": 1.0,
        "min_samples_leaf": 8,
        "min_samples_split": 16,
        "n_estimators": 1000
      }
    },
    "forest_seeds": [
      42,
      43,
      44
    ],
    "full_run_forest_accounting": {
      "maximum_forests": 96,
      "maximum_total_trees": 96000,
      "outer_assessments": 8,
      "policy_panels": 2,
      "seeds": 3,
      "treatment_arms": 2
    },
    "inner_folds": 3,
    "max_experiments": 20,
    "max_selected_genes": 16,
    "max_total_features": 34,
    "max_trees_per_forest": 1000,
    "multiplicity_alpha": 0.05,
    "outer_folds": 4,
    "outer_repeats": 2,
    "patient_bootstraps": 4000,
    "schema_version": 1,
    "smoke_reductions_applied": false,
    "smoke_train_sha256": "84f1877ab1ea4b04a8ca9d0e971a7157c6bfa4ce24b7c090e433e88e6db8f21b",
    "smoke_trees": 40,
    "tau_months": 60.0,
    "wall_time_seconds": 2100
  },
  "candidate": {
    "benefit_threshold_months": 0.0,
    "module_count": 1,
    "n_genes": 16,
    "name": "tlearner_low_floor_module16",
    "representation": "module",
    "selector": "dr_gene",
    "tlearner": {
      "act": {
        "max_depth": 7,
        "max_features": 1.0,
        "min_samples_leaf": 12,
        "min_samples_split": 24,
        "n_estimators": 1000
      },
      "observation": {
        "max_depth": 9,
        "max_features": 1.0,
        "min_samples_leaf": 8,
        "min_samples_split": 16,
        "n_estimators": 1000
      }
    }
  },
  "data": {
    "confirmatory_validation_used": false,
    "development_act": 152,
    "development_events": 465,
    "development_n": 1034,
    "forest_seeds": [
      42,
      43,
      44
    ],
    "former_validation_used_as_development": true,
    "outer_folds": 4,
    "outer_repeats": 2,
    "reactome_collection_sha256": "5d61f289a2400cddfbb3a3353829fd2284a360bbe50f2093b566c4b7bea93341",
    "test_used": false,
    "train_sha256": "b93f3cee3858716bca8add447bc837c734e203f6cb37962b1081e3c118d2c65d",
    "validation_sha256": "824689aeaa34984727f2551bd512214164d0559d05cbec5817b0f88c9adb15a9"
  },
  "development_oof": {
    "constant_policy_values": {
      "all_act_months": 44.55925755213251,
      "all_observation_months": 45.49578246748014
    },
    "incremental_alignment_months": 2.3298225231887493,
    "models": {
      "clinical": {
        "act_mechanism": {
          "role": "arm assignment only; ACT absent from X",
          "treatment_absent_from_features": true
        },
        "act_recommended_fraction": 0.3771760154738878,
        "alignment_months": 5.229607116051767,
        "anti_policy_value_months": 43.10958784440549,
        "arm_support": {
          "act": {
            "events": 70.5,
            "patients": 114.0
          },
          "observation": {
            "events": 278.25,
            "patients": 661.5
          }
        },
        "genomic_split_fraction": {
          "act": 0.0,
          "observation": 0.0
        },
        "harrell_cindex": 0.660104147917352,
        "mean_predicted_benefit_months": -3.2652973922233235,
        "median_absolute_predicted_benefit_months": 7.484234801027386,
        "nontrivial_benefit_fraction": 0.9932301740812379,
        "predicted_benefit_iqr_months": 14.61407624997273,
        "seed_agreement": 0.9950053874472479,
        "seed_benefit_correlation": 0.9991210240186674,
        "value_months": 48.339194960457256
      },
      "clinical_plus_genomic": {
        "act_mechanism": {
          "role": "arm assignment only; ACT absent from X",
          "treatment_absent_from_features": true
        },
        "act_recommended_fraction": 0.32978723404255317,
        "alignment_months": 7.559429639240516,
        "anti_policy_value_months": 41.247805190186064,
        "arm_support": {
          "act": {
            "events": 70.5,
            "patients": 114.0
          },
          "observation": {
            "events": 278.25,
            "patients": 661.5
          }
        },
        "genomic_split_fraction": {
          "act": 0.2772893163820477,
          "observation": 0.3821340296757529
        },
        "harrell_cindex": 0.6578829360030289,
        "mean_predicted_benefit_months": -4.250020445517515,
        "median_absolute_predicted_benefit_months": 8.711673811647549,
        "nontrivial_benefit_fraction": 0.9941972920696325,
        "predicted_benefit_iqr_months": 15.090351189076113,
        "seed_agreement": 0.9922636506938832,
        "seed_benefit_correlation": 0.9989481763511574,
        "value_months": 48.80723482942658
      }
    },
    "overlap": {
      "iptw_effective_sample_size": 362.4041456031669,
      "raw_propensity_in_0_05_0_95_fraction": 0.870889748549323
    },
    "repeat_increment_max_months": 2.6782520999173087,
    "repeat_increment_min_months": 1.9813929464601898
  },
  "eligible": true,
  "estimator": "RSF T-learner policies graded by outer-cross-fitted IPCW-AIPW restricted-time value",
  "gates": {
    "all_repeat_cindex_drop_no_more_than_0_03": true,
    "all_repeat_genomic_alignment_positive": true,
    "all_repeat_genomic_increment_positive": true,
    "all_repeat_genomic_seed_agreement_at_least_0_85": true,
    "all_repeat_genomic_seed_benefit_correlation_at_least_0_50": true,
    "all_repeat_genomic_value_at_least_best_constant": true,
    "all_repeat_genomic_value_at_least_clinical": true,
    "all_repeat_iptw_effective_sample_size_at_least_0_30n": true,
    "all_repeat_mean_genomic_split_fraction_at_least_0_01": true,
    "all_repeat_nontrivial_benefit_fraction_at_least_0_10": true,
    "all_repeat_raw_propensity_overlap_at_least_0_80": true,
    "all_repeat_treatment_absent_from_features": true,
    "gene_selection_jaccard_at_least_0_10": true
  },
  "gene_selection": {
    "frequency": [
      {
        "count": 5,
        "gene": "KCNC3"
      },
      {
        "count": 5,
        "gene": "OR2S2"
      },
      {
        "count": 4,
        "gene": "HTR6"
      },
      {
        "count": 4,
        "gene": "OR10H2"
      },
      {
        "count": 4,
        "gene": "OR3A1"
      },
      {
        "count": 4,
        "gene": "OR3A2"
      },
      {
        "count": 4,
        "gene": "TAAR5"
      },
      {
        "count": 3,
        "gene": "KCNV1"
      },
      {
        "count": 3,
        "gene": "OR1D2"
      },
      {
        "count": 3,
        "gene": "OR2H2"
      },
      {
        "count": 3,
        "gene": "TAS2R13"
      },
      {
        "count": 2,
        "gene": "ADRA2B"
      },
      {
        "count": 2,
        "gene": "ANO2"
      },
      {
        "count": 2,
        "gene": "CSK"
      },
      {
        "count": 2,
        "gene": "DRD4"
      },
      {
        "count": 2,
        "gene": "FGF16"
      },
      {
        "count": 2,
        "gene": "FGF20"
      },
      {
        "count": 2,
        "gene": "FGF22"
      },
      {
        "count": 2,
        "gene": "FGF9"
      },
      {
        "count": 2,
        "gene": "HLA-DRB1"
      },
      {
        "count": 2,
        "gene": "IFNA8"
      },
      {
        "count": 2,
        "gene": "KCNA6"
      },
      {
        "count": 2,
        "gene": "KCNH1"
      },
      {
        "count": 2,
        "gene": "KCNQ3"
      },
      {
        "count": 2,
        "gene": "KCNV2"
      },
      {
        "count": 2,
        "gene": "OR10C1"
      },
      {
        "count": 2,
        "gene": "OR1E1"
      },
      {
        "count": 2,
        "gene": "OR2F1"
      },
      {
        "count": 2,
        "gene": "OR2J2"
      },
      {
        "count": 2,
        "gene": "OR52A1"
      },
      {
        "count": 2,
        "gene": "OR7A17"
      },
      {
        "count": 2,
        "gene": "PTPN1"
      },
      {
        "count": 1,
        "gene": "ADRA1D"
      },
      {
        "count": 1,
        "gene": "ALOX5"
      },
      {
        "count": 1,
        "gene": "CABIN1"
      },
      {
        "count": 1,
        "gene": "CCR2"
      },
      {
        "count": 1,
        "gene": "CYP4B1"
      },
      {
        "count": 1,
        "gene": "DEFA5"
      },
      {
        "count": 1,
        "gene": "DPEP2"
      },
      {
        "count": 1,
        "gene": "DRD2"
      },
      {
        "count": 1,
        "gene": "FGF4"
      },
      {
        "count": 1,
        "gene": "FGFBP1"
      },
      {
        "count": 1,
        "gene": "FYB1"
      },
      {
        "count": 1,
        "gene": "GABBR1"
      },
      {
        "count": 1,
        "gene": "GGT1"
      },
      {
        "count": 1,
        "gene": "GRAP2"
      },
      {
        "count": 1,
        "gene": "GRM6"
      },
      {
        "count": 1,
        "gene": "H1-1"
      },
      {
        "count": 1,
        "gene": "H2BC11"
      },
      {
        "count": 1,
        "gene": "H2BC15"
      },
      {
        "count": 1,
        "gene": "H2BC3"
      },
      {
        "count": 1,
        "gene": "H4C12"
      },
      {
        "count": 1,
        "gene": "H4C4"
      },
      {
        "count": 1,
        "gene": "HIRA"
      },
      {
        "count": 1,
        "gene": "HLA-DPB1"
      },
      {
        "count": 1,
        "gene": "HLA-DQB1"
      },
      {
        "count": 1,
        "gene": "HLA-DQB2"
      },
      {
        "count": 1,
        "gene": "HLA-DRB5"
      },
      {
        "count": 1,
        "gene": "HRH4"
      },
      {
        "count": 1,
        "gene": "HTR1B"
      },
      {
        "count": 1,
        "gene": "IFNA10"
      },
      {
        "count": 1,
        "gene": "IFNA21"
      },
      {
        "count": 1,
        "gene": "LTA4H"
      },
      {
        "count": 1,
        "gene": "OR10H1"
      },
      {
        "count": 1,
        "gene": "OR1A1"
      },
      {
        "count": 1,
        "gene": "OR1D4"
      },
      {
        "count": 1,
        "gene": "OR2H1"
      },
      {
        "count": 1,
        "gene": "OR2W1"
      },
      {
        "count": 1,
        "gene": "OR3A3"
      },
      {
        "count": 1,
        "gene": "OR7C1"
      },
      {
        "count": 1,
        "gene": "OR7C2"
      },
      {
        "count": 1,
        "gene": "PIK3R1"
      },
      {
        "count": 1,
        "gene": "PTPN22"
      },
      {
        "count": 1,
        "gene": "SFTPA2"
      },
      {
        "count": 1,
        "gene": "TAS2R1"
      },
      {
        "count": 1,
        "gene": "UBN1"
      }
    ],
    "full_development_modules": [
      [
        "OR2S2",
        "TAAR5",
        "ANO2",
        "OR10H2",
        "HTR6",
        "OR2J2",
        "OR3A2",
        "OR52A1",
        "FGF22",
        "OR10C1",
        "FGF4",
        "OR2F1",
        "TAS2R13",
        "ADRA2B",
        "FGF16",
        "CASR"
      ]
    ],
    "full_development_selection": [
      "OR2S2",
      "TAAR5",
      "ANO2",
      "OR10H2",
      "HTR6",
      "OR2J2",
      "OR3A2",
      "OR52A1",
      "FGF22",
      "OR10C1",
      "FGF4",
      "OR2F1",
      "TAS2R13",
      "ADRA2B",
      "FGF16",
      "CASR"
    ],
    "mean_pairwise_jaccard": 0.11497943007024872,
    "per_repeat_outer_fold": [
      [
        [
          "KCNV1",
          "KCNQ3",
          "PTPN1",
          "HTR6",
          "KCNC3",
          "TAAR5",
          "IFNA8",
          "OR2S2",
          "KCNA6",
          "TAS2R13",
          "OR2J2",
          "ANO2",
          "OR10H2",
          "OR3A3",
          "OR7A17",
          "OR3A1"
        ],
        [
          "FGF4",
          "OR1A1",
          "OR1D2",
          "OR3A2",
          "OR2S2",
          "FGF9",
          "GABBR1",
          "GRM6",
          "FGF22",
          "OR2J2",
          "OR52A1",
          "OR3A1",
          "OR7C2",
          "TAS2R1",
          "FGF16",
          "FGFBP1"
        ],
        [
          "HLA-DPB1",
          "H2BC3",
          "HIRA",
          "H2BC15",
          "UBN1",
          "FGF20",
          "HLA-DRB5",
          "HLA-DRB1",
          "HLA-DQB1",
          "CABIN1",
          "CSK",
          "H1-1",
          "H4C12",
          "H4C4",
          "GRAP2",
          "H2BC11"
        ],
        [
          "OR10H2",
          "OR3A2",
          "KCNC3",
          "OR10C1",
          "KCNV2",
          "OR2S2",
          "OR2H2",
          "OR2F1",
          "OR2W1",
          "HTR1B",
          "KCNH1",
          "HRH4",
          "TAS2R13",
          "OR52A1",
          "HTR6",
          "TAAR5"
        ]
      ],
      [
        [
          "OR10H1",
          "ADRA2B",
          "TAAR5",
          "FGF22",
          "OR2H2",
          "KCNC3",
          "OR1D4",
          "OR10C1",
          "KCNH1",
          "OR10H2",
          "HTR6",
          "OR7C1",
          "DRD4",
          "ADRA1D",
          "DRD2",
          "FGF16"
        ],
        [
          "GGT1",
          "FGF9",
          "CYP4B1",
          "SFTPA2",
          "ALOX5",
          "FGF20",
          "LTA4H",
          "DEFA5",
          "FYB1",
          "DPEP2",
          "CSK",
          "HLA-DQB2",
          "PIK3R1",
          "PTPN22",
          "CCR2",
          "HLA-DRB1"
        ],
        [
          "IFNA8",
          "OR10H2",
          "KCNV1",
          "OR2F1",
          "ANO2",
          "OR3A2",
          "KCNC3",
          "TAS2R13",
          "OR1D2",
          "OR2S2",
          "OR1E1",
          "OR3A1",
          "PTPN1",
          "KCNV2",
          "IFNA21",
          "IFNA10"
        ],
        [
          "OR3A2",
          "OR2H2",
          "KCNA6",
          "KCNC3",
          "KCNV1",
          "OR1D2",
          "KCNQ3",
          "OR3A1",
          "ADRA2B",
          "OR2S2",
          "OR7A17",
          "OR2H1",
          "OR1E1",
          "TAAR5",
          "HTR6",
          "DRD4"
        ]
      ]
    ]
  },
  "generalization": {
    "repeat_increment_range_months": 0.6968591534571189,
    "robust_selection_lcb": -2.8777958767411387,
    "score_before_eligibility": -3.5746550301982576
  },
  "limitations": [
    "The ACT-arm learners have substantially less training support than the observation-arm learners.",
    "Search uncertainty bootstraps fixed OOF predictions and does not refit the full pipeline in each draw.",
    "Repeated cross-fits reuse patients and are stability views, not independent validation cohorts.",
    "IPCW-AIPW validity requires adequate measured-confounder adjustment, positivity, and conditionally independent censoring.",
    "Random row-level cross-validation does not establish transportability across studies or expression platforms."
  ],
  "objective": "worst repeated-development OOF selection LCB minus repeat range for A60(C+G)-A60(C)",
  "phase": "pooled_development_repeated_crossfit",
  "repeat_results": [
    {
      "constant_policy_values": {
        "all_act_months": 43.891800903084075,
        "all_observation_months": 45.54876062607705
      },
      "fold_seed": 20270821,
      "incremental_alignment_months": 2.6782520999173087,
      "models": {
        "clinical": {
          "act_mechanism": {
            "role": "arm assignment only; ACT absent from X",
            "treatment_absent_from_features": true
          },
          "act_recommended_fraction": 0.3723404255319149,
          "alignment_months": 5.098161397489825,
          "anti_policy_value_months": 43.05424478408956,
          "arm_support": {
            "act": {
              "events": 70.5,
              "patients": 114.0
            },
            "observation": {
              "events": 278.25,
              "patients": 661.5
            }
          },
          "genomic_split_fraction": {
            "act": 0.0,
            "observation": 0.0
          },
          "harrell_cindex": 0.6561117076410311,
          "mean_predicted_benefit_months": -3.4104793121815344,
          "median_absolute_predicted_benefit_months": 7.492405334701932,
          "nontrivial_benefit_fraction": 0.9941972920696325,
          "predicted_benefit_iqr_months": 14.723285303659713,
          "seed_agreement": 0.9945202677760817,
          "seed_benefit_correlation": 0.9991909410421402,
          "value_months": 48.15240618157939
        },
        "clinical_plus_genomic": {
          "act_mechanism": {
            "role": "arm assignment only; ACT absent from X",
            "treatment_absent_from_features": true
          },
          "act_recommended_fraction": 0.3317214700193424,
          "alignment_months": 7.776413497407134,
          "anti_policy_value_months": 40.832074015877,
          "arm_support": {
            "act": {
              "events": 70.5,
              "patients": 114.0
            },
            "observation": {
              "events": 278.25,
              "patients": 661.5
            }
          },
          "genomic_split_fraction": {
            "act": 0.2541367167406934,
            "observation": 0.3794861783985021
          },
          "harrell_cindex": 0.6561706710030599,
          "mean_predicted_benefit_months": -4.668403403855943,
          "median_absolute_predicted_benefit_months": 9.637487666434403,
          "nontrivial_benefit_fraction": 0.9970986460348162,
          "predicted_benefit_iqr_months": 16.350554616197694,
          "seed_agreement": 0.9951637684195823,
          "seed_benefit_correlation": 0.9990994090876135,
          "value_months": 48.60848751328413
        }
      },
      "overlap": {
        "iptw_effective_sample_size": 358.52908025250036,
        "raw_propensity_in_0_05_0_95_fraction": 0.8723404255319149
      },
      "paired_bootstrap": {
        "ci95_high": 6.652347715962432,
        "ci95_low": -1.3425214129190635,
        "draws": 4000,
        "mean": 2.6402448466624784,
        "sd": 2.048255939783346,
        "selection_lcb": -2.8777958767411387,
        "selection_lcb_quantile_percent": 0.25
      },
      "repeat": 1
    },
    {
      "constant_policy_values": {
        "all_act_months": 45.22671420118093,
        "all_observation_months": 45.442804308883225
      },
      "fold_seed": 20280821,
      "incremental_alignment_months": 1.9813929464601898,
      "models": {
        "clinical": {
          "act_mechanism": {
            "role": "arm assignment only; ACT absent from X",
            "treatment_absent_from_features": true
          },
          "act_recommended_fraction": 0.3820116054158607,
          "alignment_months": 5.361052834613709,
          "anti_policy_value_months": 43.164930904721416,
          "arm_support": {
            "act": {
              "events": 70.5,
              "patients": 114.0
            },
            "observation": {
              "events": 278.25,
              "patients": 661.5
            }
          },
          "genomic_split_fraction": {
            "act": 0.0,
            "observation": 0.0
          },
          "harrell_cindex": 0.6640965881936729,
          "mean_predicted_benefit_months": -3.120115472265113,
          "median_absolute_predicted_benefit_months": 7.4760642673528395,
          "nontrivial_benefit_fraction": 0.9922630560928434,
          "predicted_benefit_iqr_months": 14.504867196285744,
          "seed_agreement": 0.995490507118414,
          "seed_benefit_correlation": 0.9990511069951945,
          "value_months": 48.525983739335125
        },
        "clinical_plus_genomic": {
          "act_mechanism": {
            "role": "arm assignment only; ACT absent from X",
            "treatment_absent_from_features": true
          },
          "act_recommended_fraction": 0.327852998065764,
          "alignment_months": 7.342445781073899,
          "anti_policy_value_months": 41.66353636449513,
          "arm_support": {
            "act": {
              "events": 70.5,
              "patients": 114.0
            },
            "observation": {
              "events": 278.25,
              "patients": 661.5
            }
          },
          "genomic_split_fraction": {
            "act": 0.3004419160234019,
            "observation": 0.38478188095300364
          },
          "harrell_cindex": 0.6595952010029978,
          "mean_predicted_benefit_months": -3.831637487179086,
          "median_absolute_predicted_benefit_months": 7.785859956860694,
          "nontrivial_benefit_fraction": 0.9912959381044487,
          "predicted_benefit_iqr_months": 13.830147761954533,
          "seed_agreement": 0.9893635329681841,
          "seed_benefit_correlation": 0.9987969436147012,
          "value_months": 49.00598214556903
        }
      },
      "overlap": {
        "iptw_effective_sample_size": 366.27921095383346,
        "raw_propensity_in_0_05_0_95_fraction": 0.8694390715667312
      },
      "paired_bootstrap": {
        "ci95_high": 4.410435751102488,
        "ci95_low": -0.37739045334180593,
        "draws": 4000,
        "mean": 2.0271019538605675,
        "sd": 1.236970181995232,
        "selection_lcb": -1.3002655721410332,
        "selection_lcb_quantile_percent": 0.25
      },
      "repeat": 2
    }
  ],
  "reward": -3.5746550301982576,
  "schema_version": 1
}

